Component: ARM Compiler 5.06 update 7 (build 960) Tool: armlink [4d3601]

==============================================================================

Section Cross References

    startup_stm32f407xx.o(STACK) refers (Special) to heapauxi.o(.text) for __use_two_region_memory
    startup_stm32f407xx.o(HEAP) refers (Special) to heapauxi.o(.text) for __use_two_region_memory
    startup_stm32f407xx.o(RESET) refers (Special) to heapauxi.o(.text) for __use_two_region_memory
    startup_stm32f407xx.o(RESET) refers to startup_stm32f407xx.o(STACK) for __initial_sp
    startup_stm32f407xx.o(RESET) refers to startup_stm32f407xx.o(.text) for Reset_Handler
    startup_stm32f407xx.o(RESET) refers to stm32f4xx_it.o(i.NMI_Handler) for NMI_Handler
    startup_stm32f407xx.o(RESET) refers to stm32f4xx_it.o(i.HardFault_Handler) for HardFault_Handler
    startup_stm32f407xx.o(RESET) refers to stm32f4xx_it.o(i.MemManage_Handler) for MemManage_Handler
    startup_stm32f407xx.o(RESET) refers to stm32f4xx_it.o(i.BusFault_Handler) for BusFault_Handler
    startup_stm32f407xx.o(RESET) refers to stm32f4xx_it.o(i.UsageFault_Handler) for UsageFault_Handler
    startup_stm32f407xx.o(RESET) refers to stm32f4xx_it.o(i.SVC_Handler) for SVC_Handler
    startup_stm32f407xx.o(RESET) refers to stm32f4xx_it.o(i.DebugMon_Handler) for DebugMon_Handler
    startup_stm32f407xx.o(RESET) refers to stm32f4xx_it.o(i.PendSV_Handler) for PendSV_Handler
    startup_stm32f407xx.o(RESET) refers to stm32f4xx_it.o(i.SysTick_Handler) for SysTick_Handler
    startup_stm32f407xx.o(RESET) refers to stm32f4xx_it.o(i.EXTI0_IRQHandler) for EXTI0_IRQHandler
    startup_stm32f407xx.o(RESET) refers to stm32f4xx_it.o(i.EXTI2_IRQHandler) for EXTI2_IRQHandler
    startup_stm32f407xx.o(RESET) refers to stm32f4xx_it.o(i.CAN1_RX0_IRQHandler) for CAN1_RX0_IRQHandler
    startup_stm32f407xx.o(RESET) refers to stm32f4xx_it.o(i.TIM2_IRQHandler) for TIM2_IRQHandler
    startup_stm32f407xx.o(RESET) refers to stm32f4xx_it.o(i.USART1_IRQHandler) for USART1_IRQHandler
    startup_stm32f407xx.o(RESET) refers to stm32f4xx_it.o(i.RTC_Alarm_IRQHandler) for RTC_Alarm_IRQHandler
    startup_stm32f407xx.o(RESET) refers to stm32f4xx_it.o(i.SDIO_IRQHandler) for SDIO_IRQHandler
    startup_stm32f407xx.o(RESET) refers to stm32f4xx_it.o(i.DMA2_Stream3_IRQHandler) for DMA2_Stream3_IRQHandler
    startup_stm32f407xx.o(RESET) refers to stm32f4xx_it.o(i.DMA2_Stream6_IRQHandler) for DMA2_Stream6_IRQHandler
    startup_stm32f407xx.o(.text) refers (Special) to heapauxi.o(.text) for __use_two_region_memory
    startup_stm32f407xx.o(.text) refers to system_stm32f4xx.o(i.SystemInit) for SystemInit
    startup_stm32f407xx.o(.text) refers to __main.o(!!!main) for __main
    startup_stm32f407xx.o(.text) refers to startup_stm32f407xx.o(HEAP) for Heap_Mem
    startup_stm32f407xx.o(.text) refers to startup_stm32f407xx.o(STACK) for Stack_Mem
    i2c-lcd.o(i.lcd_clear) refers to i2c-lcd.o(i.lcd_send_cmd) for lcd_send_cmd
    i2c-lcd.o(i.lcd_clear) refers to i2c-lcd.o(i.lcd_send_data) for lcd_send_data
    i2c-lcd.o(i.lcd_init) refers to stm32f4xx_hal.o(i.HAL_Delay) for HAL_Delay
    i2c-lcd.o(i.lcd_init) refers to i2c-lcd.o(i.lcd_send_cmd) for lcd_send_cmd
    i2c-lcd.o(i.lcd_put_cur) refers to i2c-lcd.o(i.lcd_send_cmd) for lcd_send_cmd
    i2c-lcd.o(i.lcd_send_cmd) refers to stm32f4xx_hal_i2c.o(i.HAL_I2C_Master_Transmit) for HAL_I2C_Master_Transmit
    i2c-lcd.o(i.lcd_send_cmd) refers to i2c.o(.bss) for hi2c1
    i2c-lcd.o(i.lcd_send_data) refers to stm32f4xx_hal_i2c.o(i.HAL_I2C_Master_Transmit) for HAL_I2C_Master_Transmit
    i2c-lcd.o(i.lcd_send_data) refers to i2c.o(.bss) for hi2c1
    i2c-lcd.o(i.lcd_send_string) refers to i2c-lcd.o(i.lcd_send_data) for lcd_send_data
    main.o(i.CAN_Txsetup) refers to stm32f4xx_hal_can.o(i.HAL_CAN_Start) for HAL_CAN_Start
    main.o(i.CAN_Txsetup) refers to stm32f4xx_hal_gpio.o(i.HAL_GPIO_WritePin) for HAL_GPIO_WritePin
    main.o(i.CAN_Txsetup) refers to can.o(.bss) for hcan1
    main.o(i.CAN_Txsetup) refers to main.o(.data) for .data
    main.o(i.CAN_Txsetup) refers to main.o(.bss) for .bss
    main.o(i.CAN_filterConfig) refers to stm32f4xx_hal_can.o(i.HAL_CAN_ConfigFilter) for HAL_CAN_ConfigFilter
    main.o(i.CAN_filterConfig) refers to stm32f4xx_hal_can.o(i.HAL_CAN_ActivateNotification) for HAL_CAN_ActivateNotification
    main.o(i.CAN_filterConfig) refers to can.o(.bss) for hcan1
    main.o(i.HAL_CAN_RxFifo0MsgPendingCallback) refers to stm32f4xx_hal_can.o(i.HAL_CAN_GetRxMessage) for HAL_CAN_GetRxMessage
    main.o(i.HAL_CAN_RxFifo0MsgPendingCallback) refers to stm32f4xx_hal_gpio.o(i.HAL_GPIO_TogglePin) for HAL_GPIO_TogglePin
    main.o(i.HAL_CAN_RxFifo0MsgPendingCallback) refers to main.o(.data) for .data
    main.o(i.HAL_CAN_RxFifo0MsgPendingCallback) refers to main.o(.bss) for .bss
    main.o(i.HAL_GPIO_EXTI_Callback) refers to _printf_percent.o(.ARM.Collect$$_printf_percent$$00000000) for _printf_percent
[...]
    .constdata                               0x08005b70   Section        8  stm32f4xx_hal_dma.o(.constdata)
    flagBitshiftOffset                       0x08005b70   Data           8  stm32f4xx_hal_dma.o(.constdata)
    .constdata                               0x08005b78   Section       16  system_stm32f4xx.o(.constdata)
    .constdata                               0x08005b88   Section        8  system_stm32f4xx.o(.constdata)
    .constdata                               0x08005b90   Section      156  ff.o(.constdata)
    ExCvt                                    0x08005b90   Data         128  ff.o(.constdata)
    cst                                      0x08005c10   Data          14  ff.o(.constdata)
    cst32                                    0x08005c1e   Data          14  ff.o(.constdata)
    .constdata                               0x08005c2c   Section       17  __printf_flags_wp.o(.constdata)
    maptable                                 0x08005c2c   Data          17  __printf_flags_wp.o(.constdata)
    .data                                    0x20000000   Section       76  main.o(.data)
    .data                                    0x2000004c   Section        1  sd_diskio.o(.data)
    Stat                                     0x2000004c   Data           1  sd_diskio.o(.data)
    .data                                    0x2000004d   Section        5  fatfs.o(.data)
    .data                                    0x20000054   Section       12  stm32f4xx_hal.o(.data)
    .data                                    0x20000060   Section        4  system_stm32f4xx.o(.data)
    .data                                    0x20000064   Section        8  ff.o(.data)
    Fsid                                     0x20000064   Data           2  ff.o(.data)
    FatFs                                    0x20000068   Data           4  ff.o(.data)
    .bss                                     0x2000006c   Section      104  main.o(.bss)
    TxMessage                                0x200000a0   Data          24  main.o(.bss)
    RxMessage                                0x200000b8   Data          28  main.o(.bss)
    .bss                                     0x200000d4   Section       40  can.o(.bss)
    .bss                                     0x200000fc   Section       84  i2c.o(.bss)
    .bss                                     0x20000150   Section       32  rtc.o(.bss)
    .bss                                     0x20000170   Section      324  sdio.o(.bss)
    .bss                                     0x200002b4   Section       72  tim.o(.bss)
    .bss                                     0x200002fc   Section       68  usart.o(.bss)
    .bss                                     0x20000340   Section     4148  fatfs.o(.bss)
    .bss                                     0x20001374   Section     4144  fatfs.o(.bss)
    .bss                                     0x200023a4   Section       32  ff.o(.bss)
    Files                                    0x200023a4   Data          32  ff.o(.bss)
    .bss                                     0x200023c4   Section       12  ff_gen_drv.o(.bss)
    .bss                                     0x200023d0   Section       96  libspace.o(.bss)
    HEAP                                     0x20002430   Section      512  startup_stm32f407xx.o(HEAP)
    Heap_Mem                                 0x20002430   Data         512  startup_stm32f407xx.o(HEAP)
    STACK                                    0x20002630   Section     1024  startup_stm32f407xx.o(STACK)
    Stack_Mem                                0x20002630   Data        1024  startup_stm32f407xx.o(STACK)
    __initial_sp                             0x20002a30   Data           0  startup_stm32f407xx.o(STACK)

    Global Symbols

    Symbol Name                              Value     Ov Type        Size  Object(Section)

    BuildAttributes$$THM_ISAv4$E$P$D$K$B$S$7EM$VFPi3$EXTD16$VFPS$VFMA$PE$A:L22UL41UL21$X:L11$S22US41US21$IEEE1$IW$USESV6$~STKCKD$USESV7$~SHL$OSPACE$ROPI$EBA8$UX$STANDARDLIB$REQ8$PRES8$EABIv2 0x00000000   Number         0  anon$$obj.o ABSOLUTE
    __ARM_use_no_argv                        0x00000000   Number         0  main.o ABSOLUTE
    _printf_flags                            0x00000000   Number         0  printf_stubs.o ABSOLUTE
    _printf_return_value                     0x00000000   Number         0  printf_stubs.o ABSOLUTE
    _printf_sizespec                         0x00000000   Number         0  printf_stubs.o ABSOLUTE
    _printf_widthprec                        0x00000000   Number         0  printf_stubs.o ABSOLUTE
    __ARM_exceptions_init                     - Undefined Weak Reference
    __alloca_initialize                       - Undefined Weak Reference
    __arm_fini_                               - Undefined Weak Reference
    __arm_preinit_                            - Undefined Weak Reference
    __cpp_initialize__aeabi_                  - Undefined Weak Reference
    __cxa_finalize                            - Undefined Weak Reference
    __rt_locale                               - Undefined Weak Reference
    __sigvec_lookup                           - Undefined Weak Reference
    _atexit_init                              - Undefined Weak Reference
    _call_atexit_fns                          - Undefined Weak Reference
    _clock_init                               - Undefined Weak Reference
    _fp_trap_init                             - Undefined Weak Reference
    _fp_trap_shutdown                         - Undefined Weak Reference
    _get_lc_collate                           - Undefined Weak Reference
    _get_lc_ctype                             - Undefined Weak Reference
    _get_lc_monetary                          - Undefined Weak Reference
    _get_lc_numeric                           - Undefined Weak Reference
    _get_lc_time                              - Undefined Weak Reference
    _getenv_init                              - Undefined Weak Reference
    _handle_redirection                       - Undefined Weak Reference
    _init_alloc                               - Undefined Weak Reference
    _init_user_alloc                          - Undefined Weak Reference
    _initio                                   - Undefined Weak Reference
    _printf_truncate_signed                   - Undefined Weak Reference
    _printf_truncate_unsigned                 - Undefined Weak Reference
    _rand_init                                - Undefined Weak Reference
    _signal_finish                            - Undefined Weak Reference
    _signal_init                              - Undefined Weak Reference
    _terminate_alloc                          - Undefined Weak Reference
    _terminate_user_alloc                     - Undefined Weak Reference
    _terminateio                              - Undefined Weak Reference
    __Vectors_Size                           0x00000188   Number         0  startup_stm32f407xx.o ABSOLUTE
    __Vectors                                0x08000000   Data           4  startup_stm32f407xx.o(RESET)
    __Vectors_End                            0x08000188   Data           0  startup_stm32f407xx.o(RESET)
    __main                                   0x08000189   Thumb Code     8  __main.o(!!!main)
    __scatterload                            0x08000191   Thumb Code     0  __scatter.o(!!!scatter)
    __scatterload_rt2                        0x08000191   Thumb Code    44  __scatter.o(!!!scatter)
    __scatterload_rt2_thumb_only             0x08000191   Thumb Code     0  __scatter.o(!!!scatter)
    __scatterload_null                       0x0800019f   Thumb Code     0  __scatter.o(!!!scatter)
    __scatterload_copy                       0x080001c5   Thumb Code    26  __scatter_copy.o(!!handler_copy)
    __scatterload_zeroinit                   0x080001e1   Thumb Code    28  __scatter_zi.o(!!handler_zi)
    _printf_d                                0x080001fd   Thumb Code     0  _printf_d.o(.ARM.Collect$$_printf_percent$$00000009)
    _printf_percent                          0x080001fd   Thumb Code     0  _printf_percent.o(.ARM.Collect$$_printf_percent$$00000000)
    _printf_percent_end                      0x08000203   Thumb Code     0  _printf_percent_end.o(.ARM.Collect$$_printf_percent$$00000017)
    __rt_lib_init                            0x08000207   Thumb Code     0  libinit.o(.ARM.Collect$$libinit$$00000000)
    __rt_lib_init_fp_1                       0x08000209   Thumb Code     0  libinit2.o(.ARM.Collect$$libinit$$00000001)
    __rt_lib_init_alloca_1                   0x0800020d   Thumb Code     0  libinit2.o(.ARM.Collect$$libinit$$0000002E)
    __rt_lib_init_argv_1                     0x0800020d   Thumb Code     0  libinit2.o(.ARM.Collect$$libinit$$0000002C)
    __rt_lib_init_atexit_1                   0x0800020d   Thumb Code     0  libinit2.o(.ARM.Collect$$libinit$$0000001B)
    __rt_lib_init_clock_1                    0x0800020d   Thumb Code     0  libinit2.o(.ARM.Collect$$libinit$$00000021)
    __rt_lib_init_cpp_1                      0x0800020d   Thumb Code     0  libinit2.o(.ARM.Collect$$libinit$$00000032)
    __rt_lib_init_exceptions_1               0x0800020d   Thumb Code     0  libinit2.o(.ARM.Collect$$libinit$$00000030)
    __rt_lib_init_fp_trap_1                  0x0800020d   Thumb Code     0  libinit2.o(.ARM.Collect$$libinit$$0000001F)
    __rt_lib_init_getenv_1                   0x0800020d   Thumb Code     0  libinit2.o(.ARM.Collect$$libinit$$00000023)
    __rt_lib_init_heap_1                     0x0800020d   Thumb Code     0  libinit2.o(.ARM.Collect$$libinit$$0000000A)
    __rt_lib_init_lc_collate_1               0x0800020d   Thumb Code     0  libinit2.o(.ARM.Collect$$libinit$$00000011)
    __rt_lib_init_lc_ctype_1                 0x0800020d   Thumb Code     0  libinit2.o(.ARM.Collect$$libinit$$00000013)
    __rt_lib_init_lc_monetary_1              0x0800020d   Thumb Code     0  libinit2.o(.ARM.Collect$$libinit$$00000015)
    __rt_lib_init_lc_numeric_1               0x0800020d   Thumb Code     0  libinit2.o(.ARM.Collect$$libinit$$00000017)
    __rt_lib_init_lc_time_1                  0x0800020d   Thumb Code     0  libinit2.o(.ARM.Collect$$libinit$$00000019)
    __rt_lib_init_preinit_1                  0x0800020d   Thumb Code     0  libinit2.o(.ARM.Collect$$libinit$$00000004)
    __rt_lib_init_rand_1                     0x0800020d   Thumb Code     0  libinit2.o(.ARM.Collect$$libinit$$0000000E)
    __rt_lib_init_return                     0x0800020d   Thumb Code     0  libinit2.o(.ARM.Collect$$libinit$$00000033)
    __rt_lib_init_signal_1                   0x0800020d   Thumb Code     0  libinit2.o(.ARM.Collect$$libinit$$0000001D)
    __rt_lib_init_stdio_1                    0x0800020d   Thumb Code     0  libinit2.o(.ARM.Collect$$libinit$$00000025)
    __rt_lib_init_user_alloc_1               0x0800020d   Thumb Code     0  libinit2.o(.ARM.Collect$$libinit$$0000000C)
    __rt_lib_shutdown                        0x0800020f   Thumb Code     0  libshutdown.o(.ARM.Collect$$libshutdown$$00000000)
    __rt_lib_shutdown_cpp_1                  0x08000211   Thumb Code     0  libshutdown2.o(.ARM.Collect$$libshutdown$$00000004)
    __rt_lib_shutdown_fini_1                 0x08000211   Thumb Code     0  libshutdown2.o(.ARM.Collect$$libshutdown$$00000002)
    __rt_lib_shutdown_fp_trap_1              0x08000211   Thumb Code     0  libshutdown2.o(.ARM.Collect$$libshutdown$$00000009)
    __rt_lib_shutdown_heap_1                 0x08000211   Thumb Code     0  libshutdown2.o(.ARM.Collect$$libshutdown$$00000011)
    __rt_lib_shutdown_return                 0x08000211   Thumb Code     0  libshutdown2.o(.ARM.Collect$$libshutdown$$00000012)
    __rt_lib_shutdown_signal_1               0x08000211   Thumb Code     0  libshutdown2.o(.ARM.Collect$$libshutdown$$0000000C)
    __rt_lib_shutdown_stdio_1                0x08000211   Thumb Code     0  libshutdown2.o(.ARM.Collect$$libshutdown$$00000006)
    __rt_lib_shutdown_user_alloc_1           0x08000211   Thumb Code     0  libshutdown2.o(.ARM.Collect$$libshutdown$$0000000E)
    __rt_entry                               0x08000213   Thumb Code     0  __rtentry.o(.ARM.Collect$$rtentry$$00000000)
    __rt_entry_presh_1                       0x08000213   Thumb Code     0  __rtentry2.o(.ARM.Collect$$rtentry$$00000002)
    __rt_entry_sh                            0x08000213   Thumb Code     0  __rtentry4.o(.ARM.Collect$$rtentry$$00000004)
    __rt_entry_li                            0x08000219   Thumb Code     0  __rtentry2.o(.ARM.Collect$$rtentry$$0000000A)
    __rt_entry_postsh_1                      0x08000219   Thumb Code     0  __rtentry2.o(.ARM.Collect$$rtentry$$00000009)
    __rt_entry_main                          0x0800021d   Thumb Code     0  __rtentry2.o(.ARM.Collect$$rtentry$$0000000D)
    __rt_entry_postli_1                      0x0800021d   Thumb Code     0  __rtentry2.o(.ARM.Collect$$rtentry$$0000000C)
    __rt_exit                                0x08000225   Thumb Code     0  rtexit.o(.ARM.Collect$$rtexit$$00000000)
    __rt_exit_ls                             0x08000227   Thumb Code     0  rtexit2.o(.ARM.Collect$$rtexit$$00000003)
    __rt_exit_prels_1                        0x08000227   Thumb Code     0  rtexit2.o(.ARM.Collect$$rtexit$$00000002)
    __rt_exit_exit                           0x0800022b   Thumb Code     0  rtexit2.o(.ARM.Collect$$rtexit$$00000004)
    Reset_Handler                            0x08000231   Thumb Code     8  startup_stm32f407xx.o(.text)
    ADC_IRQHandler                           0x0800024b   Thumb Code     0  startup_stm32f407xx.o(.text)
    CAN1_RX1_IRQHandler                      0x0800024b   Thumb Code     0  startup_stm32f407xx.o(.text)
    CAN1_SCE_IRQHandler                      0x0800024b   Thumb Code     0  startup_stm32f407xx.o(.text)
    CAN1_TX_IRQHandler                       0x0800024b   Thumb Code     0  startup_stm32f407xx.o(.text)
    CAN2_RX0_IRQHandler                      0x0800024b   Thumb Code     0  startup_stm32f407xx.o(.text)
    CAN2_RX1_IRQHandler                      0x0800024b   Thumb Code     0  startup_stm32f407xx.o(.text)
    CAN2_SCE_IRQHandler                      0x0800024b   Thumb Code     0  startup_stm32f407xx.o(.text)
    CAN2_TX_IRQHandler                       0x0800024b   Thumb Code     0  startup_stm32f407xx.o(.text)
    DCMI_IRQHandler                          0x0800024b   Thumb Code     0  startup_stm32f407xx.o(.text)
    DMA1_Stream0_IRQHandler                  0x0800024b   Thumb Code     0  startup_stm32f407xx.o(.text)
    DMA1_Stream1_IRQHandler                  0x0800024b   Thumb Code     0  startup_stm32f407xx.o(.text)
    DMA1_Stream2_IRQHandler                  0x0800024b   Thumb Code     0  startup_stm32f407xx.o(.text)
    DMA1_Stream3_IRQHandler                  0x0800024b   Thumb Code     0  startup_stm32f407xx.o(.text)
    DMA1_Stream4_IRQHandler                  0x0800024b   Thumb Code     0  startup_stm32f407xx.o(.text)
    DMA1_Stream5_IRQHandler                  0x0800024b   Thumb Code     0  startup_stm32f407xx.o(.text)
    DMA1_Stream6_IRQHandler                  0x0800024b   Thumb Code     0  startup_stm32f407xx.o(.text)
    DMA1_Stream7_IRQHandler                  0x0800024b   Thumb Code     0  startup_stm32f407xx.o(.text)
    DMA2_Stream0_IRQHandler                  0x0800024b   Thumb Code     0  startup_stm32f407xx.o(.text)
    DMA2_Stream1_IRQHandler                  0x0800024b   Thumb Code     0  startup_stm32f407xx.o(.text)
    DMA2_Stream2_IRQHandler                  0x0800024b   Thumb Code     0  startup_stm32f407xx.o(.text)
    DMA2_Stream4_IRQHandler                  0x0800024b   Thumb Code     0  startup_stm32f407xx.o(.text)
    DMA2_Stream5_IRQHandler                  0x0800024b   Thumb Code     0  startup_stm32f407xx.o(.text)
    DMA2_Stream7_IRQHandler                  0x0800024b   Thumb Code     0  startup_stm32f407xx.o(.text)
    ETH_IRQHandler                           0x0800024b   Thumb Code     0  startup_stm32f407xx.o(.text)
    ETH_WKUP_IRQHandler                      0x0800024b   Thumb Code     0  startup_stm32f407xx.o(.text)
    EXTI15_10_IRQHandler                     0x0800024b   Thumb Code     0  startup_stm32f407xx.o(.text)
    EXTI1_IRQHandler                         0x0800024b   Thumb Code     0  startup_stm32f407xx.o(.text)
    EXTI3_IRQHandler                         0x0800024b   Thumb Code     0  startup_stm32f407xx.o(.text)
    EXTI4_IRQHandler                         0x0800024b   Thumb Code     0  startup_stm32f407xx.o(.text)
    EXTI9_5_IRQHandler                       0x0800024b   Thumb Code     0  startup_stm32f407xx.o(.text)
    FLASH_IRQHandler                         0x0800024b   Thumb Code     0  startup_stm32f407xx.o(.text)
    FMC_IRQHandler                           0x0800024b   Thumb Code     0  startup_stm32f407xx.o(.text)
    FPU_IRQHandler                           0x0800024b   Thumb Code     0  startup_stm32f407xx.o(.text)
    HASH_RNG_IRQHandler                      0x0800024b   Thumb Code     0  startup_stm32f407xx.o(.text)
    I2C1_ER_IRQHandler                       0x0800024b   Thumb Code     0  startup_stm32f407xx.o(.text)
    I2C1_EV_IRQHandler                       0x0800024b   Thumb Code     0  startup_stm32f407xx.o(.text)
    I2C2_ER_IRQHandler                       0x0800024b   Thumb Code     0  startup_stm32f407xx.o(.text)
    I2C2_EV_IRQHandler                       0x0800024b   Thumb Code     0  startup_stm32f407xx.o(.text)
    I2C3_ER_IRQHandler                       0x0800024b   Thumb Code     0  startup_stm32f407xx.o(.text)
    I2C3_EV_IRQHandler                       0x0800024b   Thumb Code     0  startup_stm32f407xx.o(.text)
    OTG_FS_IRQHandler                        0x0800024b   Thumb Code     0  startup_stm32f407xx.o(.text)
    OTG_FS_WKUP_IRQHandler                   0x0800024b   Thumb Code     0  startup_stm32f407xx.o(.text)
    OTG_HS_EP1_IN_IRQHandler                 0x0800024b   Thumb Code     0  startup_stm32f407xx.o(.text)
    OTG_HS_EP1_OUT_IRQHandler                0x0800024b   Thumb Code     0  startup_stm32f407xx.o(.text)
    OTG_HS_IRQHandler                        0x0800024b   Thumb Code     0  startup_stm32f407xx.o(.text)
    OTG_HS_WKUP_IRQHandler                   0x0800024b   Thumb Code     0  startup_stm32f407xx.o(.text)
    PVD_IRQHandler                           0x0800024b   Thumb Code     0  startup_stm32f407xx.o(.text)
    RCC_IRQHandler                           0x0800024b   Thumb Code     0  startup_stm32f407xx.o(.text)
    RTC_WKUP_IRQHandler                      0x0800024b   Thumb Code     0  startup_stm32f407xx.o(.text)
    SPI1_IRQHandler                          0x0800024b   Thumb Code     0  startup_stm32f407xx.o(.text)
    SPI2_IRQHandler                          0x0800024b   Thumb Code     0  startup_stm32f407xx.o(.text)
    SPI3_IRQHandler                          0x0800024b   Thumb Code     0  startup_stm32f407xx.o(.text)
    TAMP_STAMP_IRQHandler                    0x0800024b   Thumb Code     0  startup_stm32f407xx.o(.text)
    TIM1_BRK_TIM9_IRQHandler                 0x0800024b   Thumb Code     0  startup_stm32f407xx.o(.text)
    TIM1_CC_IRQHandler                       0x0800024b   Thumb Code     0  startup_stm32f407xx.o(.text)
    TIM1_TRG_COM_TIM11_IRQHandler            0x0800024b   Thumb Code     0  startup_stm32f407xx.o(.text)
    TIM1_UP_TIM10_IRQHandler                 0x0800024b   Thumb Code     0  startup_stm32f407xx.o(.text)
    TIM3_IRQHandler                          0x0800024b   Thumb Code     0  startup_stm32f407xx.o(.text)
    TIM4_IRQHandler                          0x0800024b   Thumb Code     0  startup_stm32f407xx.o(.text)
    TIM5_IRQHandler                          0x0800024b   Thumb Code     0  startup_stm32f407xx.o(.text)
    TIM6_DAC_IRQHandler                      0x0800024b   Thumb Code     0  startup_stm32f407xx.o(.text)
    TIM7_IRQHandler                          0x0800024b   Thumb Code     0  startup_stm32f407xx.o(.text)
    TIM8_BRK_TIM12_IRQHandler                0x0800024b   Thumb Code     0  startup_stm32f407xx.o(.text)
    TIM8_CC_IRQHandler                       0x0800024b   Thumb Code     0  startup_stm32f407xx.o(.text)
    TIM8_TRG_COM_TIM14_IRQHandler            0x0800024b   Thumb Code     0  startup_stm32f407xx.o(.text)
    TIM8_UP_TIM13_IRQHandler                 0x0800024b   Thumb Code     0  startup_stm32f407xx.o(.text)
    UART4_IRQHandler                         0x0800024b   Thumb Code     0  startup_stm32f407xx.o(.text)
    UART5_IRQHandler                         0x0800024b   Thumb Code     0  startup_stm32f407xx.o(.text)
    USART2_IRQHandler                        0x0800024b   Thumb Code     0  startup_stm32f407xx.o(.text)
    USART3_IRQHandler                        0x0800024b   Thumb Code     0  startup_stm32f407xx.o(.text)
    USART6_IRQHandler                        0x0800024b   Thumb Code     0  startup_stm32f407xx.o(.text)
    WWDG_IRQHandler                          0x0800024b   Thumb Code     0  startup_stm32f407xx.o(.text)
    __user_initial_stackheap                 0x0800024d   Thumb Code     0  startup_stm32f407xx.o(.text)
    __aeabi_uldivmod                         0x08000271   Thumb Code     0  lludivv7m.o(.text)
    _ll_udiv                                 0x08000271   Thumb Code   238  lludivv7m.o(.text)
    __2sprintf                               0x08000361   Thumb Code    34  noretval__2sprintf.o(.text)
    _printf_pre_padding                      0x08000389   Thumb Code    44  _printf_pad.o(.text)
    _printf_post_padding                     0x080003b5   Thumb Code    34  _printf_pad.o(.text)
    _printf_int_dec                          0x080003d9   Thumb Code   104  _printf_dec.o(.text)
    __printf                                 0x08000451   Thumb Code   308  __printf_flags_wp.o(.text)
    strlen                                   0x08000589   Thumb Code    62  strlen.o(.text)
    __aeabi_memclr4                          0x080005c7   Thumb Code     0  rt_memclr_w.o(.text)
    __aeabi_memclr8                          0x080005c7   Thumb Code     0  rt_memclr_w.o(.text)
    __rt_memclr_w                            0x080005c7   Thumb Code    78  rt_memclr_w.o(.text)
    _memset_w                                0x080005cb   Thumb Code     0  rt_memclr_w.o(.text)
    __use_two_region_memory                  0x08000615   Thumb Code     2  heapauxi.o(.text)
    __rt_heap_escrow$2region                 0x08000617   Thumb Code     2  heapauxi.o(.text)
    __rt_heap_expand$2region                 0x08000619   Thumb Code     2  heapauxi.o(.text)
    _printf_int_common                       0x0800061b   Thumb Code   178  _printf_intcommon.o(.text)
    _printf_char_common                      0x080006d7   Thumb Code    32  _printf_char_common.o(.text)
    _sputc                                   0x080006fd   Thumb Code    10  _sputc.o(.text)
    __user_setup_stackheap                   0x08000707   Thumb Code    74  sys_stackheap_outer.o(.text)
    exit                                     0x08000751   Thumb Code    18  exit.o(.text)
    __user_libspace                          0x08000765   Thumb Code     8  libspace.o(.text)
    __user_perproc_libspace                  0x08000765   Thumb Code     0  libspace.o(.text)
    __user_perthread_libspace                0x08000765   Thumb Code     0  libspace.o(.text)
    _sys_exit                                0x0800076d   Thumb Code     8  sys_exit.o(.text)
    __I$use$semihosting                      0x08000779   Thumb Code     0  use_no_semi.o(.text)
    __use_no_semihosting_swi                 0x08000779   Thumb Code     2  use_no_semi.o(.text)
    BSP_SD_AbortCallback                     0x0800077b   Thumb Code     2  bsp_driver_sd.o(i.BSP_SD_AbortCallback)
    __semihosting_library_function           0x0800077b   Thumb Code     0  indicate_semi.o(.text)
    BSP_SD_GetCardInfo                       0x0800077d   Thumb Code     8  bsp_driver_sd.o(i.BSP_SD_GetCardInfo)
    BSP_SD_GetCardState                      0x08000789   Thumb Code    20  bsp_driver_sd.o(i.BSP_SD_GetCardState)
    BSP_SD_Init                              0x080007a1   Thumb Code    42  bsp_driver_sd.o(i.BSP_SD_Init)
    BSP_SD_IsDetected                        0x080007d1   Thumb Code    14  bsp_driver_sd.o(i.BSP_SD_IsDetected)
    BSP_SD_ReadBlocks                        0x080007e1   Thumb Code    26  bsp_driver_sd.o(i.BSP_SD_ReadBlocks)
    BSP_SD_ReadCpltCallback                  0x08000801   Thumb Code     2  bsp_driver_sd.o(i.BSP_SD_ReadCpltCallback)
    BSP_SD_WriteBlocks                       0x08000805   Thumb Code    26  bsp_driver_sd.o(i.BSP_SD_WriteBlocks)
    BSP_SD_WriteCpltCallback                 0x08000825   Thumb Code     2  bsp_driver_sd.o(i.BSP_SD_WriteCpltCallback)
    BusFault_Handler                         0x08000827   Thumb Code     2  stm32f4xx_it.o(i.BusFault_Handler)
    CAN1_RX0_IRQHandler                      0x08000829   Thumb Code     6  stm32f4xx_it.o(i.CAN1_RX0_IRQHandler)
    DMA2_Stream3_IRQHandler                  0x08000835   Thumb Code     6  stm32f4xx_it.o(i.DMA2_Stream3_IRQHandler)
    DMA2_Stream6_IRQHandler                  0x08000841   Thumb Code     6  stm32f4xx_it.o(i.DMA2_Stream6_IRQHandler)
    DebugMon_Handler                         0x080008c9   Thumb Code     2  stm32f4xx_it.o(i.DebugMon_Handler)
    EXTI0_IRQHandler                         0x080008cb   Thumb Code     6  stm32f4xx_it.o(i.EXTI0_IRQHandler)
    EXTI2_IRQHandler                         0x080008d1   Thumb Code     6  stm32f4xx_it.o(i.EXTI2_IRQHandler)
    Error_Handler                            0x080008d7   Thumb Code     4  main.o(i.Error_Handler)
    FATFS_LinkDriver                         0x080008db   Thumb Code     6  ff_gen_drv.o(i.FATFS_LinkDriver)
    FATFS_LinkDriverEx                       0x080008e1   Thumb Code    58  ff_gen_drv.o(i.FATFS_LinkDriverEx)
    HAL_CAN_ErrorCallback                    0x08000921   Thumb Code     2  stm32f4xx_hal_can.o(i.HAL_CAN_ErrorCallback)
    HAL_CAN_GetRxMessage                     0x08000923   Thumb Code   232  stm32f4xx_hal_can.o(i.HAL_CAN_GetRxMessage)
    HAL_CAN_IRQHandler                       0x08000a0b   Thumb Code   508  stm32f4xx_hal_can.o(i.HAL_CAN_IRQHandler)
    HAL_CAN_Init                             0x08000c07   Thumb Code   282  stm32f4xx_hal_can.o(i.HAL_CAN_Init)
    HAL_CAN_MspInit                          0x08000d21   Thumb Code   110  can.o(i.HAL_CAN_MspInit)
    HAL_CAN_RxFifo0FullCallback              0x08000d9d   Thumb Code     2  stm32f4xx_hal_can.o(i.HAL_CAN_RxFifo0FullCallback)
    HAL_CAN_RxFifo0MsgPendingCallback        0x08000da1   Thumb Code    40  main.o(i.HAL_CAN_RxFifo0MsgPendingCallback)
    HAL_CAN_RxFifo1FullCallback              0x08000dd5   Thumb Code     2  stm32f4xx_hal_can.o(i.HAL_CAN_RxFifo1FullCallback)
    HAL_CAN_RxFifo1MsgPendingCallback        0x08000dd7   Thumb Code     2  stm32f4xx_hal_can.o(i.HAL_CAN_RxFifo1MsgPendingCallback)
    HAL_CAN_SleepCallback                    0x08000dd9   Thumb Code     2  stm32f4xx_hal_can.o(i.HAL_CAN_SleepCallback)
    HAL_CAN_TxMailbox0AbortCallback          0x08000ddb   Thumb Code     2  stm32f4xx_hal_can.o(i.HAL_CAN_TxMailbox0AbortCallback)
    HAL_CAN_TxMailbox0CompleteCallback       0x08000ddd   Thumb Code     2  stm32f4xx_hal_can.o(i.HAL_CAN_TxMailbox0CompleteCallback)
    HAL_CAN_TxMailbox1AbortCallback          0x08000ddf   Thumb Code     2  stm32f4xx_hal_can.o(i.HAL_CAN_TxMailbox1AbortCallback)
    HAL_CAN_TxMailbox1CompleteCallback       0x08000de1   Thumb Code     2  stm32f4xx_hal_can.o(i.HAL_CAN_TxMailbox1CompleteCallback)
    HAL_CAN_TxMailbox2AbortCallback          0x08000de3   Thumb Code     2  stm32f4xx_hal_can.o(i.HAL_CAN_TxMailbox2AbortCallback)
    HAL_CAN_TxMailbox2CompleteCallback       0x08000de5   Thumb Code     2  stm32f4xx_hal_can.o(i.HAL_CAN_TxMailbox2CompleteCallback)
    HAL_CAN_WakeUpFromRxMsgCallback          0x08000de7   Thumb Code     2  stm32f4xx_hal_can.o(i.HAL_CAN_WakeUpFromRxMsgCallback)
    HAL_DMA_Abort                            0x08000de9   Thumb Code   146  stm32f4xx_hal_dma.o(i.HAL_DMA_Abort)
    HAL_DMA_Abort_IT                         0x08000e7b   Thumb Code    36  stm32f4xx_hal_dma.o(i.HAL_DMA_Abort_IT)
    HAL_DMA_IRQHandler                       0x08000ea1   Thumb Code   412  stm32f4xx_hal_dma.o(i.HAL_DMA_IRQHandler)
    HAL_DMA_Init                             0x08001041   Thumb Code   206  stm32f4xx_hal_dma.o(i.HAL_DMA_Init)
    HAL_Delay                                0x08001115   Thumb Code    32  stm32f4xx_hal.o(i.HAL_Delay)
    HAL_GPIO_EXTI_Callback                   0x08001139   Thumb Code   118  main.o(i.HAL_GPIO_EXTI_Callback)
    HAL_GPIO_EXTI_IRQHandler                 0x080011d9   Thumb Code    18  stm32f4xx_hal_gpio.o(i.HAL_GPIO_EXTI_IRQHandler)
    HAL_GPIO_Init                            0x080011f1   Thumb Code   450  stm32f4xx_hal_gpio.o(i.HAL_GPIO_Init)
    HAL_GPIO_ReadPin                         0x080013e1   Thumb Code    10  stm32f4xx_hal_gpio.o(i.HAL_GPIO_ReadPin)
    HAL_GPIO_TogglePin                       0x080013eb   Thumb Code    16  stm32f4xx_hal_gpio.o(i.HAL_GPIO_TogglePin)
    HAL_GPIO_WritePin                        0x080013fb   Thumb Code    10  stm32f4xx_hal_gpio.o(i.HAL_GPIO_WritePin)
    HAL_GetTick                              0x08001405   Thumb Code     6  stm32f4xx_hal.o(i.HAL_GetTick)
    HAL_I2C_Init                             0x08001411   Thumb Code   376  stm32f4xx_hal_i2c.o(i.HAL_I2C_Init)
    HAL_I2C_MspInit                          0x08001599   Thumb Code    94  i2c.o(i.HAL_I2C_MspInit)
    HAL_IncTick                              0x08001605   Thumb Code    12  stm32f4xx_hal.o(i.HAL_IncTick)
    HAL_Init                                 0x08001615   Thumb Code    48  stm32f4xx_hal.o(i.HAL_Init)
    HAL_InitTick                             0x08001649   Thumb Code    54  stm32f4xx_hal.o(i.HAL_InitTick)
    HAL_MspInit                              0x08001689   Thumb Code    42  stm32f4xx_hal_msp.o(i.HAL_MspInit)
    HAL_NVIC_EnableIRQ                       0x080016b9   Thumb Code    26  stm32f4xx_hal_cortex.o(i.HAL_NVIC_EnableIRQ)
    HAL_NVIC_SetPriority                     0x080016d5   Thumb Code    60  stm32f4xx_hal_cortex.o(i.HAL_NVIC_SetPriority)
    HAL_NVIC_SetPriorityGrouping             0x08001715   Thumb Code    26  stm32f4xx_hal_cortex.o(i.HAL_NVIC_SetPriorityGrouping)
    HAL_RCCEx_PeriphCLKConfig                0x08001739   Thumb Code   296  stm32f4xx_hal_rcc_ex.o(i.HAL_RCCEx_PeriphCLKConfig)
    HAL_RCC_ClockConfig                      0x08001875   Thumb Code   288  stm32f4xx_hal_rcc.o(i.HAL_RCC_ClockConfig)
    HAL_RCC_GetPCLK1Freq                     0x080019a9   Thumb Code    20  stm32f4xx_hal_rcc.o(i.HAL_RCC_GetPCLK1Freq)
    HAL_RCC_GetPCLK2Freq                     0x080019c9   Thumb Code    20  stm32f4xx_hal_rcc.o(i.HAL_RCC_GetPCLK2Freq)
    HAL_RCC_GetSysClockFreq                  0x080019e9   Thumb Code    88  stm32f4xx_hal_rcc.o(i.HAL_RCC_GetSysClockFreq)
    HAL_RCC_OscConfig                        0x08001a49   Thumb Code   856  stm32f4xx_hal_rcc.o(i.HAL_RCC_OscConfig)
    HAL_RTCEx_AlarmBEventCallback            0x08001db5   Thumb Code     2  stm32f4xx_hal_rtc_ex.o(i.HAL_RTCEx_AlarmBEventCallback)
    HAL_RTC_AlarmAEventCallback              0x08001db7   Thumb Code     2  stm32f4xx_hal_rtc.o(i.HAL_RTC_AlarmAEventCallback)
    HAL_RTC_AlarmIRQHandler                  0x08001db9   Thumb Code    86  stm32f4xx_hal_rtc.o(i.HAL_RTC_AlarmIRQHandler)
    HAL_RTC_Init                             0x08001e15   Thumb Code   166  stm32f4xx_hal_rtc.o(i.HAL_RTC_Init)
    HAL_RTC_MspInit                          0x08001ec1   Thumb Code    64  rtc.o(i.HAL_RTC_MspInit)
    HAL_RTC_SetAlarm_IT                      0x08001f09   Thumb Code   366  stm32f4xx_hal_rtc.o(i.HAL_RTC_SetAlarm_IT)
    HAL_RTC_SetDate                          0x08002081   Thumb Code   194  stm32f4xx_hal_rtc.o(i.HAL_RTC_SetDate)
    HAL_RTC_SetTime                          0x08002149   Thumb Code   230  stm32f4xx_hal_rtc.o(i.HAL_RTC_SetTime)
    HAL_RTC_WaitForSynchro                   0x08002235   Thumb Code    54  stm32f4xx_hal_rtc.o(i.HAL_RTC_WaitForSynchro)
    HAL_SD_AbortCallback                     0x0800226b   Thumb Code     8  bsp_driver_sd.o(i.HAL_SD_AbortCallback)
    HAL_SD_ConfigWideBusOperation            0x08002275   Thumb Code   276  stm32f4xx_hal_sd.o(i.HAL_SD_ConfigWideBusOperation)
    HAL_SD_ErrorCallback                     0x0800238d   Thumb Code     2  stm32f4xx_hal_sd.o(i.HAL_SD_ErrorCallback)
    HAL_SD_GetCardCSD                        0x08002391   Thumb Code   402  stm32f4xx_hal_sd.o(i.HAL_SD_GetCardCSD)
    HAL_SD_GetCardInfo                       0x08002529   Thumb Code    36  stm32f4xx_hal_sd.o(i.HAL_SD_GetCardInfo)
    HAL_SD_GetCardState                      0x0800254d   Thumb Code    44  stm32f4xx_hal_sd.o(i.HAL_SD_GetCardState)
    HAL_SD_IRQHandler                        0x08002579   Thumb Code   512  stm32f4xx_hal_sd.o(i.HAL_SD_IRQHandler)
    HAL_SD_Init                              0x08002781   Thumb Code    54  stm32f4xx_hal_sd.o(i.HAL_SD_Init)
    HAL_SD_InitCard                          0x080027b9   Thumb Code   108  stm32f4xx_hal_sd.o(i.HAL_SD_InitCard)
    HAL_SD_MspInit                           0x0800282d   Thumb Code   332  sdio.o(i.HAL_SD_MspInit)
    HAL_SD_ReadBlocks                        0x08002991   Thumb Code   468  stm32f4xx_hal_sd.o(i.HAL_SD_ReadBlocks)
    HAL_SD_RxCpltCallback                    0x08002b69   Thumb Code     8  bsp_driver_sd.o(i.HAL_SD_RxCpltCallback)
    HAL_SD_TxCpltCallback                    0x08002b71   Thumb Code     8  bsp_driver_sd.o(i.HAL_SD_TxCpltCallback)
    HAL_SD_WriteBlocks                       0x08002b79   Thumb Code   422  stm32f4xx_hal_sd.o(i.HAL_SD_WriteBlocks)
    HAL_SYSTICK_Config                       0x08002d25   Thumb Code    40  stm32f4xx_hal_cortex.o(i.HAL_SYSTICK_Config)
    HAL_TIMEx_BreakCallback                  0x08002d4d   Thumb Code     2  stm32f4xx_hal_tim_ex.o(i.HAL_TIMEx_BreakCallback)
    HAL_TIMEx_CommutCallback                 0x08002d4f   Thumb Code     2  stm32f4xx_hal_tim_ex.o(i.HAL_TIMEx_CommutCallback)
    HAL_TIMEx_MasterConfigSynchronization    0x08002d51   Thumb Code   116  stm32f4xx_hal_tim_ex.o(i.HAL_TIMEx_MasterConfigSynchronization)
    HAL_TIM_Base_Init                        0x08002de1   Thumb Code    90  stm32f4xx_hal_tim.o(i.HAL_TIM_Base_Init)
    HAL_TIM_Base_MspInit                     0x08002e3d   Thumb Code    50  tim.o(i.HAL_TIM_Base_MspInit)
    HAL_TIM_Base_Start_IT                    0x08002e75   Thumb Code   100  stm32f4xx_hal_tim.o(i.HAL_TIM_Base_Start_IT)
    HAL_TIM_ConfigClockSource                0x08002ef5   Thumb Code   220  stm32f4xx_hal_tim.o(i.HAL_TIM_ConfigClockSource)
    HAL_TIM_IC_CaptureCallback               0x08002fd1   Thumb Code     2  stm32f4xx_hal_tim.o(i.HAL_TIM_IC_CaptureCallback)
    HAL_TIM_IRQHandler                       0x08002fd3   Thumb Code   358  stm32f4xx_hal_tim.o(i.HAL_TIM_IRQHandler)
    HAL_TIM_OC_DelayElapsedCallback          0x08003139   Thumb Code     2  stm32f4xx_hal_tim.o(i.HAL_TIM_OC_DelayElapsedCallback)
    HAL_TIM_PWM_PulseFinishedCallback        0x0800313b   Thumb Code     2  stm32f4xx_hal_tim.o(i.HAL_TIM_PWM_PulseFinishedCallback)
    HAL_TIM_PeriodElapsedCallback            0x0800313d   Thumb Code    82  main.o(i.HAL_TIM_PeriodElapsedCallback)
    HAL_TIM_TriggerCallback                  0x080031a9   Thumb Code     2  stm32f4xx_hal_tim.o(i.HAL_TIM_TriggerCallback)
    HAL_UARTEx_RxEventCallback               0x080031ab   Thumb Code     2  stm32f4xx_hal_uart.o(i.HAL_UARTEx_RxEventCallback)
    HAL_UART_ErrorCallback                   0x080031ad   Thumb Code     2  stm32f4xx_hal_uart.o(i.HAL_UART_ErrorCallback)
    HAL_UART_IRQHandler                      0x080031b1   Thumb Code   610  stm32f4xx_hal_uart.o(i.HAL_UART_IRQHandler)
    HAL_UART_Init                            0x08003419   Thumb Code    98  stm32f4xx_hal_uart.o(i.HAL_UART_Init)
    HAL_UART_MspInit                         0x0800347d   Thumb Code   108  usart.o(i.HAL_UART_MspInit)
    HAL_UART_Receive_IT                      0x080034f5   Thumb Code    42  stm32f4xx_hal_uart.o(i.HAL_UART_Receive_IT)
    HAL_UART_RxCpltCallback                  0x0800351f   Thumb Code     2  stm32f4xx_hal_uart.o(i.HAL_UART_RxCpltCallback)
    HAL_UART_TxCpltCallback                  0x08003521   Thumb Code     2  stm32f4xx_hal_uart.o(i.HAL_UART_TxCpltCallback)
    HardFault_Handler                        0x08003523   Thumb Code     2  stm32f4xx_it.o(i.HardFault_Handler)
    MX_CAN1_Init                             0x08003525   Thumb Code    60  can.o(i.MX_CAN1_Init)
    MX_DMA_Init                              0x08003569   Thumb Code    56  dma.o(i.MX_DMA_Init)
    MX_FATFS_Init                            0x080035a5   Thumb Code    18  fatfs.o(i.MX_FATFS_Init)
    MX_GPIO_Init                             0x080035c1   Thumb Code   216  gpio.o(i.MX_GPIO_Init)
    MX_I2C1_Init                             0x080036a5   Thumb Code    50  i2c.o(i.MX_I2C1_Init)
    MX_RTC_Init                              0x080036e5   Thumb Code   184  rtc.o(i.MX_RTC_Init)
    MX_SDIO_SD_Init                          0x080037a5   Thumb Code    22  sdio.o(i.MX_SDIO_SD_Init)
    MX_TIM2_Init                             0x080037c5   Thumb Code   100  tim.o(i.MX_TIM2_Init)
    MX_USART1_UART_Init                      0x0800382d   Thumb Code    48  usart.o(i.MX_USART1_UART_Init)
    MemManage_Handler                        0x08003865   Thumb Code     2  stm32f4xx_it.o(i.MemManage_Handler)
    NMI_Handler                              0x08003867   Thumb Code     2  stm32f4xx_it.o(i.NMI_Handler)
    PendSV_Handler                           0x08003869   Thumb Code     2  stm32f4xx_it.o(i.PendSV_Handler)
    RTC_Alarm_IRQHandler                     0x0800386d   Thumb Code     6  stm32f4xx_it.o(i.RTC_Alarm_IRQHandler)
    RTC_ByteToBcd2                           0x08003879   Thumb Code    22  stm32f4xx_hal_rtc.o(i.RTC_ByteToBcd2)
    RTC_EnterInitMode                        0x08003891   Thumb Code    58  stm32f4xx_hal_rtc.o(i.RTC_EnterInitMode)
    SDIO_ConfigData                          0x080038cb   Thumb Code    36  stm32f4xx_ll_sdmmc.o(i.SDIO_ConfigData)
    SDIO_GetPowerState                       0x080038ef   Thumb Code     8  stm32f4xx_ll_sdmmc.o(i.SDIO_GetPowerState)
    SDIO_GetResponse                         0x080038f7   Thumb Code     6  stm32f4xx_ll_sdmmc.o(i.SDIO_GetResponse)
    SDIO_IRQHandler                          0x080038fd   Thumb Code     6  stm32f4xx_it.o(i.SDIO_IRQHandler)
    SDIO_Init                                0x08003909   Thumb Code    36  stm32f4xx_ll_sdmmc.o(i.SDIO_Init)
    SDIO_PowerState_ON                       0x0800392d   Thumb Code    16  stm32f4xx_ll_sdmmc.o(i.SDIO_PowerState_ON)
    SDIO_ReadFIFO                            0x0800393d   Thumb Code     6  stm32f4xx_ll_sdmmc.o(i.SDIO_ReadFIFO)
    SDIO_SendCommand                         0x08003943   Thumb Code    32  stm32f4xx_ll_sdmmc.o(i.SDIO_SendCommand)
    SDIO_WriteFIFO                           0x08003963   Thumb Code    10  stm32f4xx_ll_sdmmc.o(i.SDIO_WriteFIFO)
    SDMMC_CmdAppCommand                      0x0800396d   Thumb Code    50  stm32f4xx_ll_sdmmc.o(i.SDMMC_CmdAppCommand)
    SDMMC_CmdAppOperCommand                  0x080039a1   Thumb Code    48  stm32f4xx_ll_sdmmc.o(i.SDMMC_CmdAppOperCommand)
    SDMMC_CmdBlockLength                     0x080039d5   Thumb Code    50  stm32f4xx_ll_sdmmc.o(i.SDMMC_CmdBlockLength)
    SDMMC_CmdBusWidth                        0x08003a07   Thumb Code    50  stm32f4xx_ll_sdmmc.o(i.SDMMC_CmdBusWidth)
    SDMMC_CmdGoIdleState                     0x08003a39   Thumb Code    74  stm32f4xx_ll_sdmmc.o(i.SDMMC_CmdGoIdleState)
    SDMMC_CmdOperCond                        0x08003a89   Thumb Code   112  stm32f4xx_ll_sdmmc.o(i.SDMMC_CmdOperCond)
    SDMMC_CmdReadMultiBlock                  0x08003afd   Thumb Code    50  stm32f4xx_ll_sdmmc.o(i.SDMMC_CmdReadMultiBlock)
    SDMMC_CmdReadSingleBlock                 0x08003b2f   Thumb Code    50  stm32f4xx_ll_sdmmc.o(i.SDMMC_CmdReadSingleBlock)
    SDMMC_CmdSelDesel                        0x08003b61   Thumb Code    50  stm32f4xx_ll_sdmmc.o(i.SDMMC_CmdSelDesel)
    SDMMC_CmdSendCID                         0x08003b93   Thumb Code    44  stm32f4xx_ll_sdmmc.o(i.SDMMC_CmdSendCID)
    SDMMC_CmdSendCSD                         0x08003bbf   Thumb Code    44  stm32f4xx_ll_sdmmc.o(i.SDMMC_CmdSendCSD)
    SDMMC_CmdSendSCR                         0x08003beb   Thumb Code    48  stm32f4xx_ll_sdmmc.o(i.SDMMC_CmdSendSCR)
    SDMMC_CmdSendStatus                      0x08003c1b   Thumb Code    50  stm32f4xx_ll_sdmmc.o(i.SDMMC_CmdSendStatus)
    SDMMC_CmdSetRelAdd                       0x08003c4d   Thumb Code    48  stm32f4xx_ll_sdmmc.o(i.SDMMC_CmdSetRelAdd)
    SDMMC_CmdStopTransfer                    0x08003c7d   Thumb Code    46  stm32f4xx_ll_sdmmc.o(i.SDMMC_CmdStopTransfer)
    SDMMC_CmdWriteMultiBlock                 0x08003cb1   Thumb Code    50  stm32f4xx_ll_sdmmc.o(i.SDMMC_CmdWriteMultiBlock)
    SDMMC_CmdWriteSingleBlock                0x08003ce3   Thumb Code    50  stm32f4xx_ll_sdmmc.o(i.SDMMC_CmdWriteSingleBlock)
    SD_initialize                            0x08004275   Thumb Code    28  sd_diskio.o(i.SD_initialize)
    SD_ioctl                                 0x08004295   Thumb Code    76  sd_diskio.o(i.SD_ioctl)
    SD_read                                  0x080042e5   Thumb Code    38  sd_diskio.o(i.SD_read)
    SD_status                                0x0800430b   Thumb Code     4  sd_diskio.o(i.SD_status)
    SD_write                                 0x08004311   Thumb Code    38  sd_diskio.o(i.SD_write)
    SVC_Handler                              0x08004337   Thumb Code     2  stm32f4xx_it.o(i.SVC_Handler)
    SysTick_Handler                          0x08004339   Thumb Code     4  stm32f4xx_it.o(i.SysTick_Handler)
    SystemClock_Config                       0x0800433d   Thumb Code   146  main.o(i.SystemClock_Config)
    SystemInit                               0x080043d9   Thumb Code    22  system_stm32f4xx.o(i.SystemInit)
    TIM2_IRQHandler                          0x080043f5   Thumb Code     6  stm32f4xx_it.o(i.TIM2_IRQHandler)
    TIM_Base_SetConfig                       0x08004401   Thumb Code   156  stm32f4xx_hal_tim.o(i.TIM_Base_SetConfig)
    TIM_ETR_SetConfig                        0x080044c9   Thumb Code    20  stm32f4xx_hal_tim.o(i.TIM_ETR_SetConfig)
    UART_Start_Receive_IT                    0x0800475d   Thumb Code    54  stm32f4xx_hal_uart.o(i.UART_Start_Receive_IT)
    USART1_IRQHandler                        0x08004795   Thumb Code    22  stm32f4xx_it.o(i.USART1_IRQHandler)
    UsageFault_Handler                       0x080047b5   Thumb Code     2  stm32f4xx_it.o(i.UsageFault_Handler)
    _is_digit                                0x080047d7   Thumb Code    14  __printf_wp.o(i._is_digit)
    disk_initialize                          0x08004d01   Thumb Code    36  diskio.o(i.disk_initialize)
    disk_ioctl                               0x08004d29   Thumb Code    24  diskio.o(i.disk_ioctl)
    disk_read                                0x08004d45   Thumb Code    24  diskio.o(i.disk_read)
    disk_status                              0x08004d61   Thumb Code    18  diskio.o(i.disk_status)
    disk_write                               0x08004d79   Thumb Code    24  diskio.o(i.disk_write)
    f_close                                  0x08004d95   Thumb Code    40  ff.o(i.f_close)
    f_mount                                  0x08004dbd   Thumb Code    84  ff.o(i.f_mount)
    f_open                                   0x08004e15   Thumb Code   534  ff.o(i.f_open)
    f_sync                                   0x08005031   Thumb Code   142  ff.o(i.f_sync)
    f_write                                  0x080050bf   Thumb Code   434  ff.o(i.f_write)
    get_fattime                              0x0800565b   Thumb Code     4  fatfs.o(i.get_fattime)
    main                                     0x08005765   Thumb Code   156  main.o(i.main)
    _fp_init                                 0x08005b53   Thumb Code    10  fpinit.o(x$fpl$fpinit)
    __fplib_config_fpu_vfp                   0x08005b5b   Thumb Code     0  fpinit.o(x$fpl$fpinit)
    __fplib_config_pureend_doubles           0x08005b5b   Thumb Code     0  fpinit.o(x$fpl$fpinit)
    SD_Driver                                0x08005b5c   Data          20  sd_diskio.o(.constdata)
    AHBPrescTable                            0x08005b78   Data          16  system_stm32f4xx.o(.constdata)
    APBPrescTable                            0x08005b88   Data           8  system_stm32f4xx.o(.constdata)
    Region$$Table$$Base                      0x08005c40   Number         0  anon$$obj.o(Region$$Table)
    Region$$Table$$Limit                     0x08005c60   Number         0  anon$$obj.o(Region$$Table)
    count                                    0x20000000   Data           1  main.o(.data)
    test                                     0x20000001   Data           1  main.o(.data)
    enable                                   0x20000002   Data           1  main.o(.data)
    res                                      0x20000003   Data           1  main.o(.data)
    RemoteID                                 0x20000004   Data           2  main.o(.data)
    Received_ID                              0x20000006   Data           2  main.o(.data)
    sDate                                    0x20000008   Data           4  main.o(.data)
    written                                  0x2000000c   Data           4  main.o(.data)
    time                                     0x20000010   Data           5  main.o(.data)
    time1                                    0x20000015   Data           5  main.o(.data)
    date                                     0x2000001a   Data           5  main.o(.data)
    buffer                                   0x2000001f   Data           5  main.o(.data)
    Rx_data                                  0x20000024   Data           6  main.o(.data)
    Differ                                   0x2000002a   Data           6  main.o(.data)
    TxData                                   0x20000030   Data           8  main.o(.data)
    RxData                                   0x20000038   Data           8  main.o(.data)
    file_name                                0x20000040   Data          12  main.o(.data)
    retSD                                    0x2000004d   Data           1  fatfs.o(.data)
    SDPath                                   0x2000004e   Data           4  fatfs.o(.data)
    uwTickFreq                               0x20000054   Data           1  stm32f4xx_hal.o(.data)
    uwTickPrio                               0x20000058   Data           4  stm32f4xx_hal.o(.data)
    uwTick                                   0x2000005c   Data           4  stm32f4xx_hal.o(.data)
    SystemCoreClock                          0x20000060   Data           4  system_stm32f4xx.o(.data)
    sTime                                    0x2000006c   Data          20  main.o(.bss)
    flag                                     0x20000080   Data          30  main.o(.bss)
    hcan1                                    0x200000d4   Data          40  can.o(.bss)
    hi2c1                                    0x200000fc   Data          84  i2c.o(.bss)
    hrtc                                     0x20000150   Data          32  rtc.o(.bss)
    hsd                                      0x20000170   Data         132  sdio.o(.bss)
    hdma_sdio_rx                             0x200001f4   Data          96  sdio.o(.bss)
    hdma_sdio_tx                             0x20000254   Data          96  sdio.o(.bss)
    htim2                                    0x200002b4   Data          72  tim.o(.bss)
    huart1                                   0x200002fc   Data          68  usart.o(.bss)
    SDFatFS                                  0x20000340   Data        4148  fatfs.o(.bss)
    SDFile                                   0x20001374   Data        4144  fatfs.o(.bss)
    disk                                     0x200023c4   Data          12  ff_gen_drv.o(.bss)
    __libspace_start                         0x200023d0   Data          96  libspace.o(.bss)
    __temporary_stack_top$libspace           0x20002430   Data           0  libspace.o(.bss)



==============================================================================

Memory Map of the image

  Image Entry point : 0x08000189

  Load Region LR_IROM1 (Base: 0x08000000, Size: 0x00005ccc, Max: 0x00100000, ABSOLUTE)

    Execution Region ER_IROM1 (Exec base: 0x08000000, Load base: 0x08000000, Size: 0x00005c60, Max: 0x00100000, ABSOLUTE)

    Exec Addr    Load Addr    Size         Type   Attr      Idx    E Section Name        Object

    0x08000000   0x08000000   0x00000188   Data   RO            3    RESET               startup_stm32f407xx.o
    0x08000188   0x08000188   0x00000008   Code   RO         5737  * !!!main             c_w.l(__main.o)
    0x08000190   0x08000190   0x00000034   Code   RO         5915    !!!scatter          c_w.l(__scatter.o)
    0x080001c4   0x080001c4   0x0000001a   Code   RO         5917    !!handler_copy      c_w.l(__scatter_copy.o)
    0x080001de   0x080001de   0x00000002   PAD
    0x080001e0   0x080001e0   0x0000001c   Code   RO         5919    !!handler_zi        c_w.l(__scatter_zi.o)
    0x080001fc   0x080001fc   0x00000000   Code   RO         5730    .ARM.Collect$$_printf_percent$$00000000  c_w.l(_printf_percent.o)
    0x080001fc   0x080001fc   0x00000006   Code   RO         5729    .ARM.Collect$$_printf_percent$$00000009  c_w.l(_printf_d.o)
    0x08000202   0x08000202   0x00000004   Code   RO         5750    .ARM.Collect$$_printf_percent$$00000017  c_w.l(_printf_percent_end.o)
    0x08000206   0x08000206   0x00000002   Code   RO         5783    .ARM.Collect$$libinit$$00000000  c_w.l(libinit.o)
    0x08000208   0x08000208   0x00000004   Code   RO         5795    .ARM.Collect$$libinit$$00000001  c_w.l(libinit2.o)
    0x0800020c   0x0800020c   0x00000000   Code   RO         5798    .ARM.Collect$$libinit$$00000004  c_w.l(libinit2.o)
    0x0800020c   0x0800020c   0x00000000   Code   RO         5801    .ARM.Collect$$libinit$$0000000A  c_w.l(libinit2.o)
    0x0800020c   0x0800020c   0x00000000   Code   RO         5803    .ARM.Collect$$libinit$$0000000C  c_w.l(libinit2.o)
    0x0800020c   0x0800020c   0x00000000   Code   RO         5805    .ARM.Collect$$libinit$$0000000E  c_w.l(libinit2.o)
    0x0800020c   0x0800020c   0x00000000   Code   RO         5808    .ARM.Collect$$libinit$$00000011  c_w.l(libinit2.o)
    0x0800020c   0x0800020c   0x00000000   Code   RO         5810    .ARM.Collect$$libinit$$00000013  c_w.l(libinit2.o)
    0x0800020c   0x0800020c   0x00000000   Code   RO         5812    .ARM.Collect$$libinit$$00000015  c_w.l(libinit2.o)
    0x0800020c   0x0800020c   0x00000000   Code   RO         5814    .ARM.Collect$$libinit$$00000017  c_w.l(libinit2.o)
    0x0800020c   0x0800020c   0x00000000   Code   RO         5816    .ARM.Collect$$libinit$$00000019  c_w.l(libinit2.o)
    0x0800020c   0x0800020c   0x00000000   Code   RO         5818    .ARM.Collect$$libinit$$0000001B  c_w.l(libinit2.o)
    0x0800020c   0x0800020c   0x00000000   Code   RO         5820    .ARM.Collect$$libinit$$0000001D  c_w.l(libinit2.o)
    0x0800020c   0x0800020c   0x00000000   Code   RO         5822    .ARM.Collect$$libinit$$0000001F  c_w.l(libinit2.o)
    0x0800020c   0x0800020c   0x00000000   Code   RO         5824    .ARM.Collect$$libinit$$00000021  c_w.l(libinit2.o)
    0x0800020c   0x0800020c   0x00000000   Code   RO         5826    .ARM.Collect$$libinit$$00000023  c_w.l(libinit2.o)
    0x0800020c   0x0800020c   0x00000000   Code   RO         5828    .ARM.Collect$$libinit$$00000025  c_w.l(libinit2.o)
    0x0800020c   0x0800020c   0x00000000   Code   RO         5832    .ARM.Collect$$libinit$$0000002C  c_w.l(libinit2.o)
    0x0800020c   0x0800020c   0x00000000   Code   RO         5834    .ARM.Collect$$libinit$$0000002E  c_w.l(libinit2.o)
    0x0800020c   0x0800020c   0x00000000   Code   RO         5836    .ARM.Collect$$libinit$$00000030  c_w.l(libinit2.o)
    0x0800020c   0x0800020c   0x00000000   Code   RO         5838    .ARM.Collect$$libinit$$00000032  c_w.l(libinit2.o)
    0x0800020c   0x0800020c   0x00000002   Code   RO         5839    .ARM.Collect$$libinit$$00000033  c_w.l(libinit2.o)
    0x0800020e   0x0800020e   0x00000002   Code   RO         5870    .ARM.Collect$$libshutdown$$00000000  c_w.l(libshutdown.o)
    0x08000210   0x08000210   0x00000000   Code   RO         5896    .ARM.Collect$$libshutdown$$00000002  c_w.l(libshutdown2.o)
    0x08000210   0x08000210   0x00000000   Code   RO         5898    .ARM.Collect$$libshutdown$$00000004  c_w.l(libshutdown2.o)
    0x08000210   0x08000210   0x00000000   Code   RO         5900    .ARM.Collect$$libshutdown$$00000006  c_w.l(libshutdown2.o)
    0x08000210   0x08000210   0x00000000   Code   RO         5903    .ARM.Collect$$libshutdown$$00000009  c_w.l(libshutdown2.o)
    0x08000210   0x08000210   0x00000000   Code   RO         5906    .ARM.Collect$$libshutdown$$0000000C  c_w.l(libshutdown2.o)
    0x08000210   0x08000210   0x00000000   Code   RO         5908    .ARM.Collect$$libshutdown$$0000000E  c_w.l(libshutdown2.o)
    0x08000210   0x08000210   0x00000000   Code   RO         5911    .ARM.Collect$$libshutdown$$00000011  c_w.l(libshutdown2.o)
    0x08000210   0x08000210   0x00000002   Code   RO         5912    .ARM.Collect$$libshutdown$$00000012  c_w.l(libshutdown2.o)
    0x08000212   0x08000212   0x00000000   Code   RO         5739    .ARM.Collect$$rtentry$$00000000  c_w.l(__rtentry.o)
    0x08000212   0x08000212   0x00000000   Code   RO         5752    .ARM.Collect$$rtentry$$00000002  c_w.l(__rtentry2.o)
    0x08000212   0x08000212   0x00000006   Code   RO         5764    .ARM.Collect$$rtentry$$00000004  c_w.l(__rtentry4.o)
    0x08000218   0x08000218   0x00000000   Code   RO         5754    .ARM.Collect$$rtentry$$00000009  c_w.l(__rtentry2.o)
    0x08000218   0x08000218   0x00000004   Code   RO         5755    .ARM.Collect$$rtentry$$0000000A  c_w.l(__rtentry2.o)
    0x0800021c   0x0800021c   0x00000000   Code   RO         5757    .ARM.Collect$$rtentry$$0000000C  c_w.l(__rtentry2.o)
    0x0800021c   0x0800021c   0x00000008   Code   RO         5758    .ARM.Collect$$rtentry$$0000000D  c_w.l(__rtentry2.o)
    0x08000224   0x08000224   0x00000002   Code   RO         5787    .ARM.Collect$$rtexit$$00000000  c_w.l(rtexit.o)
    0x08000226   0x08000226   0x00000000   Code   RO         5843    .ARM.Collect$$rtexit$$00000002  c_w.l(rtexit2.o)
    0x08000226   0x08000226   0x00000004   Code   RO         5844    .ARM.Collect$$rtexit$$00000003  c_w.l(rtexit2.o)
    0x0800022a   0x0800022a   0x00000006   Code   RO         5845    .ARM.Collect$$rtexit$$00000004  c_w.l(rtexit2.o)
    0x08000230   0x08000230   0x00000040   Code   RO            4    .text               startup_stm32f407xx.o
    0x08000270   0x08000270   0x000000ee   Code   RO         5697    .text               c_w.l(lludivv7m.o)
    0x0800035e   0x0800035e   0x00000002   PAD
    0x08000360   0x08000360   0x00000028   Code   RO         5701    .text               c_w.l(noretval__2sprintf.o)
    0x08000388   0x08000388   0x0000004e   Code   RO         5705    .text               c_w.l(_printf_pad.o)
    0x080003d6   0x080003d6   0x00000002   PAD
    0x080003d8   0x080003d8   0x00000078   Code   RO         5707    .text               c_w.l(_printf_dec.o)
    0x08000450   0x08000450   0x00000138   Code   RO         5721    .text               c_w.l(__printf_flags_wp.o)
    0x08000588   0x08000588   0x0000003e   Code   RO         5731    .text               c_w.l(strlen.o)
    0x080005c6   0x080005c6   0x0000004e   Code   RO         5733    .text               c_w.l(rt_memclr_w.o)
    0x08000614   0x08000614   0x00000006   Code   RO         5735    .text               c_w.l(heapauxi.o)
    0x0800061a   0x0800061a   0x000000b2   Code   RO         5744    .text               c_w.l(_printf_intcommon.o)
    0x080006cc   0x080006cc   0x00000030   Code   RO         5746    .text               c_w.l(_printf_char_common.o)
    0x080006fc   0x080006fc   0x0000000a   Code   RO         5748    .text               c_w.l(_sputc.o)
    0x08000706   0x08000706   0x0000004a   Code   RO         5770    .text               c_w.l(sys_stackheap_outer.o)
    0x08000750   0x08000750   0x00000012   Code   RO         5772    .text               c_w.l(exit.o)
    0x08000762   0x08000762   0x00000002   PAD
    0x08000764   0x08000764   0x00000008   Code   RO         5784    .text               c_w.l(libspace.o)
    0x0800076c   0x0800076c   0x0000000c   Code   RO         5840    .text               c_w.l(sys_exit.o)
    0x08000778   0x08000778   0x00000002   Code   RO         5859    .text               c_w.l(use_no_semi.o)
    0x0800077a   0x0800077a   0x00000000   Code   RO         5861    .text               c_w.l(indicate_semi.o)
    0x0800077a   0x0800077a   0x00000002   Code   RO          922    i.BSP_SD_AbortCallback  bsp_driver_sd.o
    0x0800077c   0x0800077c   0x0000000c   Code   RO          925    i.BSP_SD_GetCardInfo  bsp_driver_sd.o
    0x08000788   0x08000788   0x00000018   Code   RO          926    i.BSP_SD_GetCardState  bsp_driver_sd.o
    0x080007a0   0x080007a0   0x00000030   Code   RO          928    i.BSP_SD_Init       bsp_driver_sd.o
    0x080007d0   0x080007d0   0x0000000e   Code   RO          929    i.BSP_SD_IsDetected  bsp_driver_sd.o
    0x080007de   0x080007de   0x00000002   PAD
    0x080007e0   0x080007e0   0x00000020   Code   RO          930    i.BSP_SD_ReadBlocks  bsp_driver_sd.o
    0x08000800   0x08000800   0x00000002   Code   RO          932    i.BSP_SD_ReadCpltCallback  bsp_driver_sd.o
    0x08000802   0x08000802   0x00000002   PAD
    0x08000804   0x08000804   0x00000020   Code   RO          933    i.BSP_SD_WriteBlocks  bsp_driver_sd.o
    0x08000824   0x08000824   0x00000002   Code   RO          935    i.BSP_SD_WriteCpltCallback  bsp_driver_sd.o
    0x08000826   0x08000826   0x00000002   Code   RO          768    i.BusFault_Handler  stm32f4xx_it.o
    0x08000828   0x08000828   0x0000000c   Code   RO          769    i.CAN1_RX0_IRQHandler  stm32f4xx_it.o
    0x08000834   0x08000834   0x0000000c   Code   RO          770    i.DMA2_Stream3_IRQHandler  stm32f4xx_it.o
    0x08000840   0x08000840   0x0000000c   Code   RO          771    i.DMA2_Stream6_IRQHandler  stm32f4xx_it.o
    0x0800084c   0x0800084c   0x00000028   Code   RO         1856    i.DMA_CalcBaseAndBitshift  stm32f4xx_hal_dma.o
    0x08000874   0x08000874   0x00000054   Code   RO         1857    i.DMA_CheckFifoParam  stm32f4xx_hal_dma.o
    0x080008c8   0x080008c8   0x00000002   Code   RO          772    i.DebugMon_Handler  stm32f4xx_it.o
    0x080008ca   0x080008ca   0x00000006   Code   RO          773    i.EXTI0_IRQHandler  stm32f4xx_it.o
    0x080008d0   0x080008d0   0x00000006   Code   RO          774    i.EXTI2_IRQHandler  stm32f4xx_it.o
    0x080008d6   0x080008d6   0x00000004   Code   RO          188    i.Error_Handler     main.o
    0x080008da   0x080008da   0x00000006   Code   RO         5624    i.FATFS_LinkDriver  ff_gen_drv.o
    0x080008e0   0x080008e0   0x00000040   Code   RO         5625    i.FATFS_LinkDriverEx  ff_gen_drv.o
    0x08000920   0x08000920   0x00000002   Code   RO         1169    i.HAL_CAN_ErrorCallback  stm32f4xx_hal_can.o
    0x08000922   0x08000922   0x000000e8   Code   RO         1172    i.HAL_CAN_GetRxMessage  stm32f4xx_hal_can.o
    0x08000a0a   0x08000a0a   0x000001fc   Code   RO         1176    i.HAL_CAN_IRQHandler  stm32f4xx_hal_can.o
    0x08000c06   0x08000c06   0x0000011a   Code   RO         1177    i.HAL_CAN_Init      stm32f4xx_hal_can.o
    0x08000d20   0x08000d20   0x0000007c   Code   RO          490    i.HAL_CAN_MspInit   can.o
    0x08000d9c   0x08000d9c   0x00000002   Code   RO         1184    i.HAL_CAN_RxFifo0FullCallback  stm32f4xx_hal_can.o
    0x08000d9e   0x08000d9e   0x00000002   PAD
    0x08000da0   0x08000da0   0x00000034   Code   RO          189    i.HAL_CAN_RxFifo0MsgPendingCallback  main.o
    0x08000dd4   0x08000dd4   0x00000002   Code   RO         1186    i.HAL_CAN_RxFifo1FullCallback  stm32f4xx_hal_can.o
    0x08000dd6   0x08000dd6   0x00000002   Code   RO         1187    i.HAL_CAN_RxFifo1MsgPendingCallback  stm32f4xx_hal_can.o
    0x08000dd8   0x08000dd8   0x00000002   Code   RO         1188    i.HAL_CAN_SleepCallback  stm32f4xx_hal_can.o
    0x08000dda   0x08000dda   0x00000002   Code   RO         1191    i.HAL_CAN_TxMailbox0AbortCallback  stm32f4xx_hal_can.o
    0x08000ddc   0x08000ddc   0x00000002   Code   RO         1192    i.HAL_CAN_TxMailbox0CompleteCallback  stm32f4xx_hal_can.o
    0x08000dde   0x08000dde   0x00000002   Code   RO         1193    i.HAL_CAN_TxMailbox1AbortCallback  stm32f4xx_hal_can.o
    0x08000de0   0x08000de0   0x00000002   Code   RO         1194    i.HAL_CAN_TxMailbox1CompleteCallback  stm32f4xx_hal_can.o
    0x08000de2   0x08000de2   0x00000002   Code   RO         1195    i.HAL_CAN_TxMailbox2AbortCallback  stm32f4xx_hal_can.o
    0x08000de4   0x08000de4   0x00000002   Code   RO         1196    i.HAL_CAN_TxMailbox2CompleteCallback  stm32f4xx_hal_can.o
    0x08000de6   0x08000de6   0x00000002   Code   RO         1198    i.HAL_CAN_WakeUpFromRxMsgCallback  stm32f4xx_hal_can.o
    0x08000de8   0x08000de8   0x00000092   Code   RO         1859    i.HAL_DMA_Abort     stm32f4xx_hal_dma.o
    0x08000e7a   0x08000e7a   0x00000024   Code   RO         1860    i.HAL_DMA_Abort_IT  stm32f4xx_hal_dma.o
    0x08000e9e   0x08000e9e   0x00000002   PAD
    0x08000ea0   0x08000ea0   0x000001a0   Code   RO         1864    i.HAL_DMA_IRQHandler  stm32f4xx_hal_dma.o
    0x08001040   0x08001040   0x000000d4   Code   RO         1865    i.HAL_DMA_Init      stm32f4xx_hal_dma.o
    0x08001114   0x08001114   0x00000024   Code   RO         2278    i.HAL_Delay         stm32f4xx_hal.o
    0x08001138   0x08001138   0x000000a0   Code   RO          190    i.HAL_GPIO_EXTI_Callback  main.o
    0x080011d8   0x080011d8   0x00000018   Code   RO         1751    i.HAL_GPIO_EXTI_IRQHandler  stm32f4xx_hal_gpio.o
    0x080011f0   0x080011f0   0x000001f0   Code   RO         1752    i.HAL_GPIO_Init     stm32f4xx_hal_gpio.o
    0x080013e0   0x080013e0   0x0000000a   Code   RO         1754    i.HAL_GPIO_ReadPin  stm32f4xx_hal_gpio.o
    0x080013ea   0x080013ea   0x00000010   Code   RO         1755    i.HAL_GPIO_TogglePin  stm32f4xx_hal_gpio.o
    0x080013fa   0x080013fa   0x0000000a   Code   RO         1756    i.HAL_GPIO_WritePin  stm32f4xx_hal_gpio.o
    0x08001404   0x08001404   0x0000000c   Code   RO         2284    i.HAL_GetTick       stm32f4xx_hal.o
    0x08001410   0x08001410   0x00000188   Code   RO         2540    i.HAL_I2C_Init      stm32f4xx_hal_i2c.o
    0x08001598   0x08001598   0x0000006c   Code   RO          559    i.HAL_I2C_MspInit   i2c.o
    0x08001604   0x08001604   0x00000010   Code   RO         2290    i.HAL_IncTick       stm32f4xx_hal.o
    0x08001614   0x08001614   0x00000034   Code   RO         2291    i.HAL_Init          stm32f4xx_hal.o
    0x08001648   0x08001648   0x00000040   Code   RO         2292    i.HAL_InitTick      stm32f4xx_hal.o
    0x08001688   0x08001688   0x00000030   Code   RO          898    i.HAL_MspInit       stm32f4xx_hal_msp.o
    0x080016b8   0x080016b8   0x0000001a   Code   RO         2141    i.HAL_NVIC_EnableIRQ  stm32f4xx_hal_cortex.o
    0x080016d2   0x080016d2   0x00000002   PAD
    0x080016d4   0x080016d4   0x00000040   Code   RO         2147    i.HAL_NVIC_SetPriority  stm32f4xx_hal_cortex.o
    0x08001714   0x08001714   0x00000024   Code   RO         2148    i.HAL_NVIC_SetPriorityGrouping  stm32f4xx_hal_cortex.o
    0x08001738   0x08001738   0x0000013c   Code   RO         1503    i.HAL_RCCEx_PeriphCLKConfig  stm32f4xx_hal_rcc_ex.o
    0x08001874   0x08001874   0x00000134   Code   RO         1398    i.HAL_RCC_ClockConfig  stm32f4xx_hal_rcc.o
    0x080019a8   0x080019a8   0x00000020   Code   RO         1405    i.HAL_RCC_GetPCLK1Freq  stm32f4xx_hal_rcc.o
    0x080019c8   0x080019c8   0x00000020   Code   RO         1406    i.HAL_RCC_GetPCLK2Freq  stm32f4xx_hal_rcc.o
    0x080019e8   0x080019e8   0x00000060   Code   RO         1407    i.HAL_RCC_GetSysClockFreq  stm32f4xx_hal_rcc.o
    0x08001a48   0x08001a48   0x0000036c   Code   RO         1410    i.HAL_RCC_OscConfig  stm32f4xx_hal_rcc.o
    0x08001db4   0x08001db4   0x00000002   Code   RO         3146    i.HAL_RTCEx_AlarmBEventCallback  stm32f4xx_hal_rtc_ex.o
    0x08001db6   0x08001db6   0x00000002   Code   RO         2979    i.HAL_RTC_AlarmAEventCallback  stm32f4xx_hal_rtc.o
    0x08001db8   0x08001db8   0x0000005c   Code   RO         2980    i.HAL_RTC_AlarmIRQHandler  stm32f4xx_hal_rtc.o
    0x08001e14   0x08001e14   0x000000ac   Code   RO         2992    i.HAL_RTC_Init      stm32f4xx_hal_rtc.o
    0x08001ec0   0x08001ec0   0x00000048   Code   RO          601    i.HAL_RTC_MspInit   rtc.o
    0x08001f08   0x08001f08   0x00000178   Code   RO         2997    i.HAL_RTC_SetAlarm_IT  stm32f4xx_hal_rtc.o
    0x08002080   0x08002080   0x000000c8   Code   RO         2998    i.HAL_RTC_SetDate   stm32f4xx_hal_rtc.o
    0x08002148   0x08002148   0x000000ec   Code   RO         2999    i.HAL_RTC_SetTime   stm32f4xx_hal_rtc.o
    0x08002234   0x08002234   0x00000036   Code   RO         3000    i.HAL_RTC_WaitForSynchro  stm32f4xx_hal_rtc.o
    0x0800226a   0x0800226a   0x00000008   Code   RO          936    i.HAL_SD_AbortCallback  bsp_driver_sd.o
    0x08002272   0x08002272   0x00000002   PAD
    0x08002274   0x08002274   0x00000118   Code   RO         3647    i.HAL_SD_ConfigWideBusOperation  stm32f4xx_hal_sd.o
    0x0800238c   0x0800238c   0x00000002   Code   RO         3650    i.HAL_SD_ErrorCallback  stm32f4xx_hal_sd.o
    0x0800238e   0x0800238e   0x00000002   PAD
    0x08002390   0x08002390   0x00000198   Code   RO         3652    i.HAL_SD_GetCardCSD  stm32f4xx_hal_sd.o
    0x08002528   0x08002528   0x00000024   Code   RO         3653    i.HAL_SD_GetCardInfo  stm32f4xx_hal_sd.o
    0x0800254c   0x0800254c   0x0000002c   Code   RO         3654    i.HAL_SD_GetCardState  stm32f4xx_hal_sd.o
    0x08002578   0x08002578   0x00000208   Code   RO         3658    i.HAL_SD_IRQHandler  stm32f4xx_hal_sd.o
    0x08002780   0x08002780   0x00000036   Code   RO         3659    i.HAL_SD_Init       stm32f4xx_hal_sd.o
    0x080027b6   0x080027b6   0x00000002   PAD
    0x080027b8   0x080027b8   0x00000074   Code   RO         3660    i.HAL_SD_InitCard   stm32f4xx_hal_sd.o
    0x0800282c   0x0800282c   0x00000164   Code   RO          643    i.HAL_SD_MspInit    sdio.o
    0x08002990   0x08002990   0x000001d8   Code   RO         3663    i.HAL_SD_ReadBlocks  stm32f4xx_hal_sd.o
    0x08002b68   0x08002b68   0x00000008   Code   RO          937    i.HAL_SD_RxCpltCallback  bsp_driver_sd.o
    0x08002b70   0x08002b70   0x00000008   Code   RO          938    i.HAL_SD_TxCpltCallback  bsp_driver_sd.o
    0x08002b78   0x08002b78   0x000001ac   Code   RO         3668    i.HAL_SD_WriteBlocks  stm32f4xx_hal_sd.o
    0x08002d24   0x08002d24   0x00000028   Code   RO         2152    i.HAL_SYSTICK_Config  stm32f4xx_hal_cortex.o
    0x08002d4c   0x08002d4c   0x00000002   Code   RO         4575    i.HAL_TIMEx_BreakCallback  stm32f4xx_hal_tim_ex.o
    0x08002d4e   0x08002d4e   0x00000002   Code   RO         4576    i.HAL_TIMEx_CommutCallback  stm32f4xx_hal_tim_ex.o
    0x08002d50   0x08002d50   0x00000090   Code   RO         4594    i.HAL_TIMEx_MasterConfigSynchronization  stm32f4xx_hal_tim_ex.o
    0x08002de0   0x08002de0   0x0000005a   Code   RO         3871    i.HAL_TIM_Base_Init  stm32f4xx_hal_tim.o
    0x08002e3a   0x08002e3a   0x00000002   PAD
    0x08002e3c   0x08002e3c   0x00000038   Code   RO          685    i.HAL_TIM_Base_MspInit  tim.o
    0x08002e74   0x08002e74   0x00000080   Code   RO         3876    i.HAL_TIM_Base_Start_IT  stm32f4xx_hal_tim.o
    0x08002ef4   0x08002ef4   0x000000dc   Code   RO         3880    i.HAL_TIM_ConfigClockSource  stm32f4xx_hal_tim.o
    0x08002fd0   0x08002fd0   0x00000002   Code   RO         3905    i.HAL_TIM_IC_CaptureCallback  stm32f4xx_hal_tim.o
    0x08002fd2   0x08002fd2   0x00000166   Code   RO         3919    i.HAL_TIM_IRQHandler  stm32f4xx_hal_tim.o
    0x08003138   0x08003138   0x00000002   Code   RO         3922    i.HAL_TIM_OC_DelayElapsedCallback  stm32f4xx_hal_tim.o
    0x0800313a   0x0800313a   0x00000002   Code   RO         3949    i.HAL_TIM_PWM_PulseFinishedCallback  stm32f4xx_hal_tim.o
    0x0800313c   0x0800313c   0x0000006c   Code   RO          191    i.HAL_TIM_PeriodElapsedCallback  main.o
    0x080031a8   0x080031a8   0x00000002   Code   RO         3962    i.HAL_TIM_TriggerCallback  stm32f4xx_hal_tim.o
    0x080031aa   0x080031aa   0x00000002   Code   RO         4853    i.HAL_UARTEx_RxEventCallback  stm32f4xx_hal_uart.o
    0x080031ac   0x080031ac   0x00000002   Code   RO         4867    i.HAL_UART_ErrorCallback  stm32f4xx_hal_uart.o
    0x080031ae   0x080031ae   0x00000002   PAD
    0x080031b0   0x080031b0   0x00000268   Code   RO         4870    i.HAL_UART_IRQHandler  stm32f4xx_hal_uart.o
    0x08003418   0x08003418   0x00000062   Code   RO         4871    i.HAL_UART_Init     stm32f4xx_hal_uart.o
    0x0800347a   0x0800347a   0x00000002   PAD
    0x0800347c   0x0800347c   0x00000078   Code   RO          727    i.HAL_UART_MspInit  usart.o
    0x080034f4   0x080034f4   0x0000002a   Code   RO         4876    i.HAL_UART_Receive_IT  stm32f4xx_hal_uart.o
    0x0800351e   0x0800351e   0x00000002   Code   RO         4877    i.HAL_UART_RxCpltCallback  stm32f4xx_hal_uart.o
    0x08003520   0x08003520   0x00000002   Code   RO         4882    i.HAL_UART_TxCpltCallback  stm32f4xx_hal_uart.o
    0x08003522   0x08003522   0x00000002   Code   RO          775    i.HardFault_Handler  stm32f4xx_it.o
    0x08003524   0x08003524   0x00000044   Code   RO          491    i.MX_CAN1_Init      can.o
    0x08003568   0x08003568   0x0000003c   Code   RO          531    i.MX_DMA_Init       dma.o
    0x080035a4   0x080035a4   0x0000001c   Code   RO         1121    i.MX_FATFS_Init     fatfs.o
    0x080035c0   0x080035c0   0x000000e4   Code   RO          459    i.MX_GPIO_Init      gpio.o
    0x080036a4   0x080036a4   0x00000040   Code   RO          560    i.MX_I2C1_Init      i2c.o
    0x080036e4   0x080036e4   0x000000c0   Code   RO          602    i.MX_RTC_Init       rtc.o
    0x080037a4   0x080037a4   0x00000020   Code   RO          644    i.MX_SDIO_SD_Init   sdio.o
    0x080037c4   0x080037c4   0x00000068   Code   RO          686    i.MX_TIM2_Init      tim.o
    0x0800382c   0x0800382c   0x00000038   Code   RO          728    i.MX_USART1_UART_Init  usart.o
    0x08003864   0x08003864   0x00000002   Code   RO          776    i.MemManage_Handler  stm32f4xx_it.o
    0x08003866   0x08003866   0x00000002   Code   RO          777    i.NMI_Handler       stm32f4xx_it.o
    0x08003868   0x08003868   0x00000002   Code   RO          778    i.PendSV_Handler    stm32f4xx_it.o
    0x0800386a   0x0800386a   0x00000002   PAD
    0x0800386c   0x0800386c   0x0000000c   Code   RO          779    i.RTC_Alarm_IRQHandler  stm32f4xx_it.o
    0x08003878   0x08003878   0x00000016   Code   RO         3002    i.RTC_ByteToBcd2    stm32f4xx_hal_rtc.o
    0x0800388e   0x0800388e   0x00000002   PAD
    0x08003890   0x08003890   0x0000003a   Code   RO         3003    i.RTC_EnterInitMode  stm32f4xx_hal_rtc.o
    0x080038ca   0x080038ca   0x00000024   Code   RO         3374    i.SDIO_ConfigData   stm32f4xx_ll_sdmmc.o
    0x080038ee   0x080038ee   0x00000008   Code   RO         3378    i.SDIO_GetPowerState  stm32f4xx_ll_sdmmc.o
    0x080038f6   0x080038f6   0x00000006   Code   RO         3379    i.SDIO_GetResponse  stm32f4xx_ll_sdmmc.o
    0x080038fc   0x080038fc   0x0000000c   Code   RO          780    i.SDIO_IRQHandler   stm32f4xx_it.o
    0x08003908   0x08003908   0x00000024   Code   RO         3380    i.SDIO_Init         stm32f4xx_ll_sdmmc.o
    0x0800392c   0x0800392c   0x00000010   Code   RO         3382    i.SDIO_PowerState_ON  stm32f4xx_ll_sdmmc.o
    0x0800393c   0x0800393c   0x00000006   Code   RO         3383    i.SDIO_ReadFIFO     stm32f4xx_ll_sdmmc.o
    0x08003942   0x08003942   0x00000020   Code   RO         3384    i.SDIO_SendCommand  stm32f4xx_ll_sdmmc.o
    0x08003962   0x08003962   0x0000000a   Code   RO         3386    i.SDIO_WriteFIFO    stm32f4xx_ll_sdmmc.o
    0x0800396c   0x0800396c   0x00000032   Code   RO         3387    i.SDMMC_CmdAppCommand  stm32f4xx_ll_sdmmc.o
    0x0800399e   0x0800399e   0x00000002   PAD
    0x080039a0   0x080039a0   0x00000034   Code   RO         3388    i.SDMMC_CmdAppOperCommand  stm32f4xx_ll_sdmmc.o
    0x080039d4   0x080039d4   0x00000032   Code   RO         3389    i.SDMMC_CmdBlockLength  stm32f4xx_ll_sdmmc.o
    0x08003a06   0x08003a06   0x00000032   Code   RO         3390    i.SDMMC_CmdBusWidth  stm32f4xx_ll_sdmmc.o
    0x08003a38   0x08003a38   0x00000050   Code   RO         3394    i.SDMMC_CmdGoIdleState  stm32f4xx_ll_sdmmc.o
    0x08003a88   0x08003a88   0x00000074   Code   RO         3396    i.SDMMC_CmdOperCond  stm32f4xx_ll_sdmmc.o
    0x08003afc   0x08003afc   0x00000032   Code   RO         3397    i.SDMMC_CmdReadMultiBlock  stm32f4xx_ll_sdmmc.o
    0x08003b2e   0x08003b2e   0x00000032   Code   RO         3398    i.SDMMC_CmdReadSingleBlock  stm32f4xx_ll_sdmmc.o
    0x08003b60   0x08003b60   0x00000032   Code   RO         3401    i.SDMMC_CmdSelDesel  stm32f4xx_ll_sdmmc.o
    0x08003b92   0x08003b92   0x0000002c   Code   RO         3402    i.SDMMC_CmdSendCID  stm32f4xx_ll_sdmmc.o
    0x08003bbe   0x08003bbe   0x0000002c   Code   RO         3403    i.SDMMC_CmdSendCSD  stm32f4xx_ll_sdmmc.o
    0x08003bea   0x08003bea   0x00000030   Code   RO         3405    i.SDMMC_CmdSendSCR  stm32f4xx_ll_sdmmc.o
    0x08003c1a   0x08003c1a   0x00000032   Code   RO         3406    i.SDMMC_CmdSendStatus  stm32f4xx_ll_sdmmc.o
    0x08003c4c   0x08003c4c   0x00000030   Code   RO         3407    i.SDMMC_CmdSetRelAdd  stm32f4xx_ll_sdmmc.o
    0x08003c7c   0x08003c7c   0x00000034   Code   RO         3409    i.SDMMC_CmdStopTransfer  stm32f4xx_ll_sdmmc.o
    0x08003cb0   0x08003cb0   0x00000032   Code   RO         3411    i.SDMMC_CmdWriteMultiBlock  stm32f4xx_ll_sdmmc.o
    0x08003ce2   0x08003ce2   0x00000032   Code   RO         3412    i.SDMMC_CmdWriteSingleBlock  stm32f4xx_ll_sdmmc.o
    0x08003d14   0x08003d14   0x00000120   Code   RO         3413    i.SDMMC_GetCmdResp1  stm32f4xx_ll_sdmmc.o
    0x08003e34   0x08003e34   0x00000050   Code   RO         3414    i.SDMMC_GetCmdResp2  stm32f4xx_ll_sdmmc.o
    0x08003e84   0x08003e84   0x00000044   Code   RO         3415    i.SDMMC_GetCmdResp3  stm32f4xx_ll_sdmmc.o
    0x08003ec8   0x08003ec8   0x00000088   Code   RO         3416    i.SDMMC_GetCmdResp6  stm32f4xx_ll_sdmmc.o
    0x08003f50   0x08003f50   0x00000020   Code   RO         1046    i.SD_CheckStatus    sd_diskio.o
    0x08003f70   0x08003f70   0x00000044   Code   RO         3673    i.SD_DMARxAbort     stm32f4xx_hal_sd.o
    0x08003fb4   0x08003fb4   0x00000044   Code   RO         3675    i.SD_DMATxAbort     stm32f4xx_hal_sd.o
    0x08003ff8   0x08003ff8   0x000000da   Code   RO         3676    i.SD_FindSCR        stm32f4xx_hal_sd.o
    0x080040d2   0x080040d2   0x000000ee   Code   RO         3677    i.SD_InitCard       stm32f4xx_hal_sd.o
    0x080041c0   0x080041c0   0x000000b4   Code   RO         3678    i.SD_PowerON        stm32f4xx_hal_sd.o
    0x08004274   0x08004274   0x00000020   Code   RO         1047    i.SD_initialize     sd_diskio.o
    0x08004294   0x08004294   0x00000050   Code   RO         1048    i.SD_ioctl          sd_diskio.o
    0x080042e4   0x080042e4   0x00000026   Code   RO         1049    i.SD_read           sd_diskio.o
    0x0800430a   0x0800430a   0x00000004   Code   RO         1050    i.SD_status         sd_diskio.o
    0x0800430e   0x0800430e   0x00000002   PAD
    0x08004310   0x08004310   0x00000026   Code   RO         1051    i.SD_write          sd_diskio.o
    0x08004336   0x08004336   0x00000002   Code   RO          781    i.SVC_Handler       stm32f4xx_it.o
    0x08004338   0x08004338   0x00000004   Code   RO          782    i.SysTick_Handler   stm32f4xx_it.o
    0x0800433c   0x0800433c   0x0000009c   Code   RO          193    i.SystemClock_Config  main.o
    0x080043d8   0x080043d8   0x0000001c   Code   RO         5200    i.SystemInit        system_stm32f4xx.o
    0x080043f4   0x080043f4   0x0000000c   Code   RO          783    i.TIM2_IRQHandler   stm32f4xx_it.o
    0x08004400   0x08004400   0x000000c8   Code   RO         3964    i.TIM_Base_SetConfig  stm32f4xx_hal_tim.o
    0x080044c8   0x080044c8   0x00000014   Code   RO         3975    i.TIM_ETR_SetConfig  stm32f4xx_hal_tim.o
    0x080044dc   0x080044dc   0x00000010   Code   RO         3976    i.TIM_ITRx_SetConfig  stm32f4xx_hal_tim.o
    0x080044ec   0x080044ec   0x00000022   Code   RO         3982    i.TIM_TI1_ConfigInputStage  stm32f4xx_hal_tim.o
    0x0800450e   0x0800450e   0x00000024   Code   RO         3984    i.TIM_TI2_ConfigInputStage  stm32f4xx_hal_tim.o
    0x08004532   0x08004532   0x00000010   Code   RO         4884    i.UART_DMAAbortOnError  stm32f4xx_hal_uart.o
    0x08004542   0x08004542   0x0000004e   Code   RO         4894    i.UART_EndRxTransfer  stm32f4xx_hal_uart.o
    0x08004590   0x08004590   0x000000c0   Code   RO         4896    i.UART_Receive_IT   stm32f4xx_hal_uart.o
    0x08004650   0x08004650   0x0000010c   Code   RO         4897    i.UART_SetConfig    stm32f4xx_hal_uart.o
    0x0800475c   0x0800475c   0x00000036   Code   RO         4899    i.UART_Start_Receive_IT  stm32f4xx_hal_uart.o
    0x08004792   0x08004792   0x00000002   PAD
    0x08004794   0x08004794   0x00000020   Code   RO          784    i.USART1_IRQHandler  stm32f4xx_it.o
    0x080047b4   0x080047b4   0x00000002   Code   RO          785    i.UsageFault_Handler  stm32f4xx_it.o
    0x080047b6   0x080047b6   0x00000020   Code   RO         2154    i.__NVIC_SetPriority  stm32f4xx_hal_cortex.o
    0x080047d6   0x080047d6   0x0000000e   Code   RO         5719    i._is_digit         c_w.l(__printf_wp.o)
    0x080047e4   0x080047e4   0x00000070   Code   RO         5292    i.check_fs          ff.o
    0x08004854   0x08004854   0x0000005c   Code   RO         5293    i.chk_lock          ff.o
    0x080048b0   0x080048b0   0x00000020   Code   RO         5294    i.clear_lock        ff.o
    0x080048d0   0x080048d0   0x00000026   Code   RO         5295    i.clmt_clust        ff.o
    0x080048f6   0x080048f6   0x00000018   Code   RO         5296    i.clust2sect        ff.o
    0x0800490e   0x0800490e   0x000000a4   Code   RO         5297    i.create_chain      ff.o
    0x080049b2   0x080049b2   0x00000002   PAD
    0x080049b4   0x080049b4   0x000000bc   Code   RO         5298    i.create_name       ff.o
    0x08004a70   0x08004a70   0x00000034   Code   RO         5299    i.dec_lock          ff.o
    0x08004aa4   0x08004aa4   0x00000064   Code   RO         5300    i.dir_find          ff.o
    0x08004b08   0x08004b08   0x00000102   Code   RO         5301    i.dir_next          ff.o
    0x08004c0a   0x08004c0a   0x00000066   Code   RO         5303    i.dir_register      ff.o
    0x08004c70   0x08004c70   0x0000008e   Code   RO         5305    i.dir_sdi           ff.o
    0x08004cfe   0x08004cfe   0x00000002   PAD
    0x08004d00   0x08004d00   0x00000028   Code   RO         5237    i.disk_initialize   diskio.o
    0x08004d28   0x08004d28   0x0000001c   Code   RO         5238    i.disk_ioctl        diskio.o
    0x08004d44   0x08004d44   0x0000001c   Code   RO         5239    i.disk_read         diskio.o
    0x08004d60   0x08004d60   0x00000018   Code   RO         5240    i.disk_status       diskio.o
    0x08004d78   0x08004d78   0x0000001c   Code   RO         5241    i.disk_write        diskio.o
    0x08004d94   0x08004d94   0x00000028   Code   RO         5306    i.f_close           ff.o
    0x08004dbc   0x08004dbc   0x00000058   Code   RO         5313    i.f_mount           ff.o
    0x08004e14   0x08004e14   0x0000021c   Code   RO         5314    i.f_open            ff.o
    0x08005030   0x08005030   0x0000008e   Code   RO         5323    i.f_sync            ff.o
    0x080050be   0x080050be   0x000001b2   Code   RO         5326    i.f_write           ff.o
    0x08005270   0x08005270   0x00000288   Code   RO         5327    i.find_volume       ff.o
    0x080054f8   0x080054f8   0x0000007a   Code   RO         5328    i.follow_path       ff.o
    0x08005572   0x08005572   0x000000e8   Code   RO         5329    i.get_fat           ff.o
    0x0800565a   0x0800565a   0x00000004   Code   RO         1122    i.get_fattime       fatfs.o
    0x0800565e   0x0800565e   0x0000003c   Code   RO         5331    i.get_ldnumber      ff.o
    0x0800569a   0x0800569a   0x00000002   PAD
    0x0800569c   0x0800569c   0x00000080   Code   RO         5332    i.inc_lock          ff.o
    0x0800571c   0x0800571c   0x00000026   Code   RO         5333    i.ld_clust          ff.o
    0x08005742   0x08005742   0x00000016   Code   RO         5334    i.ld_dword          ff.o
    0x08005758   0x08005758   0x0000000a   Code   RO         5335    i.ld_word           ff.o
    0x08005762   0x08005762   0x00000002   PAD
    0x08005764   0x08005764   0x000000b4   Code   RO          195    i.main              main.o
    0x08005818   0x08005818   0x00000012   Code   RO         5336    i.mem_cpy           ff.o
    0x0800582a   0x0800582a   0x00000002   PAD
    0x0800582c   0x0800582c   0x0000000e   Code   RO         5337    i.mem_set           ff.o
    0x0800583a   0x0800583a   0x00000032   Code   RO         5338    i.move_window       ff.o
    0x0800586c   0x0800586c   0x00000124   Code   RO         5339    i.put_fat           ff.o
    0x08005990   0x08005990   0x00000074   Code   RO         5342    i.remove_chain      ff.o
    0x08005a04   0x08005a04   0x00000028   Code   RO         5343    i.st_clust          ff.o
    0x08005a2c   0x08005a2c   0x00000010   Code   RO         5344    i.st_dword          ff.o
    0x08005a3c   0x08005a3c   0x00000008   Code   RO         5345    i.st_word           ff.o
    0x08005a44   0x08005a44   0x00000088   Code   RO         5346    i.sync_fs           ff.o
    0x08005acc   0x08005acc   0x00000052   Code   RO         5347    i.sync_window       ff.o
    0x08005b1e   0x08005b1e   0x00000034   Code   RO         5348    i.validate          ff.o
    0x08005b52   0x08005b52   0x0000000a   Code   RO         5855    x$fpl$fpinit        fz_wm.l(fpinit.o)
    0x08005b5c   0x08005b5c   0x00000014   Data   RO         1052    .constdata          sd_diskio.o
    0x08005b70   0x08005b70   0x00000008   Data   RO         1871    .constdata          stm32f4xx_hal_dma.o
    0x08005b78   0x08005b78   0x00000010   Data   RO         5201    .constdata          system_stm32f4xx.o
    0x08005b88   0x08005b88   0x00000008   Data   RO         5202    .constdata          system_stm32f4xx.o
    0x08005b90   0x08005b90   0x0000009c   Data   RO         5350    .constdata          ff.o
    0x08005c2c   0x08005c2c   0x00000011   Data   RO         5722    .constdata          c_w.l(__printf_flags_wp.o)
    0x08005c3d   0x08005c3d   0x00000003   PAD
    0x08005c40   0x08005c40   0x00000020   Data   RO         5913    Region$$Table       anon$$obj.o


    Execution Region RW_IRAM2 (Exec base: 0x10000000, Load base: 0x08005ccc, Size: 0x00000000, Max: 0x00010000, ABSOLUTE)

    **** No section assigned to this execution region ****


    Execution Region RW_IRAM1 (Exec base: 0x20000000, Load base: 0x08005c60, Size: 0x00002a30, Max: 0x00020000, ABSOLUTE)

    Exec Addr    Load Addr    Size         Type   Attr      Idx    E Section Name        Object

    0x20000000   0x08005c60   0x0000004c   Data   RW          200    .data               main.o
    0x2000004c   0x08005cac   0x00000001   Data   RW         1053    .data               sd_diskio.o
    0x2000004d   0x08005cad   0x00000005   Data   RW         1125    .data               fatfs.o
    0x20000052   0x08005cb2   0x00000002   PAD
    0x20000054   0x08005cb4   0x0000000c   Data   RW         2298    .data               stm32f4xx_hal.o
    0x20000060   0x08005cc0   0x00000004   Data   RW         5203    .data               system_stm32f4xx.o
    0x20000064   0x08005cc4   0x00000008   Data   RW         5351    .data               ff.o
    0x2000006c        -       0x00000068   Zero   RW          197    .bss                main.o
    0x200000d4        -       0x00000028   Zero   RW          492    .bss                can.o
    0x200000fc        -       0x00000054   Zero   RW          561    .bss                i2c.o
    0x20000150        -       0x00000020   Zero   RW          603    .bss                rtc.o
    0x20000170        -       0x00000144   Zero   RW          645    .bss                sdio.o
    0x200002b4        -       0x00000048   Zero   RW          687    .bss                tim.o
    0x200002fc        -       0x00000044   Zero   RW          729    .bss                usart.o
    0x20000340        -       0x00001034   Zero   RW         1123    .bss                fatfs.o
    0x20001374        -       0x00001030   Zero   RW         1124    .bss                fatfs.o
    0x200023a4        -       0x00000020   Zero   RW         5349    .bss                ff.o
    0x200023c4        -       0x0000000c   Zero   RW         5628    .bss                ff_gen_drv.o
    0x200023d0        -       0x00000060   Zero   RW         5785    .bss                c_w.l(libspace.o)
    0x20002430        -       0x00000200   Zero   RW            2    HEAP                startup_stm32f407xx.o
    0x20002630        -       0x00000400   Zero   RW            1    STACK               startup_stm32f407xx.o


==============================================================================

Image component sizes


      Code (inc. data)   RO Data    RW Data    ZI Data      Debug   Object Name

       192         26          0          0          0       7159   bsp_driver_sd.o
       192         22          0          0         40       1713   can.o
       148         22          0          0          0       3761   diskio.o
        60          4          0          0          0        794   dma.o
        32         10          0          5       8292       1536   fatfs.o
      4632         80        156          8         32      38185   ff.o
        70          6          0          0         12       1647   ff_gen_drv.o
       228         12          0          0          0       1075   gpio.o
         0          0          0          0          0     754928   i2c-lcd.o
       172         28          0          0         84       1701   i2c.o
       660        114          0         76        104     700305   main.o
       264         16          0          0         32       1751   rtc.o
       224         14         20          1          0       8948   sd_diskio.o
       388         34          0          0        324       1895   sdio.o
        64         26        392          0       1536        848   startup_stm32f407xx.o
       180         28          0         12          0       9453   stm32f4xx_hal.o
      1046          0          0          0          0      10678   stm32f4xx_hal_can.o
       198         14          0          0          0      33975   stm32f4xx_hal_cortex.o
       934         16          8          0          0       5651   stm32f4xx_hal_dma.o
       556         52          0          0          0       4147   stm32f4xx_hal_gpio.o
       392         16          0          0          0       3127   stm32f4xx_hal_i2c.o
        48          6          0          0          0        866   stm32f4xx_hal_msp.o
      1344         72          0          0          0       5264   stm32f4xx_hal_rcc.o
       316         20          0          0          0       1400   stm32f4xx_hal_rcc_ex.o
      1212         34          0          0          0       7974   stm32f4xx_hal_rtc.o
         2          0          0          0          0        972   stm32f4xx_hal_rtc_ex.o
      3132         42          0          0          0      15887   stm32f4xx_hal_sd.o
      1110         72          0          0          0      10229   stm32f4xx_hal_tim.o
       148         28          0          0          0       2473   stm32f4xx_hal_tim_ex.o
      1372         16          0          0          0       9794   stm32f4xx_hal_uart.o
       136         46          0          0          0       8545   stm32f4xx_it.o
      1656         46          0          0          0      23167   stm32f4xx_ll_sdmmc.o
        28          6         24          4          0       1167   system_stm32f4xx.o
       160         10          0          0         72       1722   tim.o
       176         20          0          0         68       1742   usart.o

    ----------------------------------------------------------------------
     21514        958        632        108      10596    1684479   Object Totals
         0          0         32          0          0          0   (incl. Generated)
        42          0          0          2          0          0   (incl. Padding)

    ----------------------------------------------------------------------

      Code (inc. data)   RO Data    RW Data    ZI Data      Debug   Library Member Name

         8          0          0          0          0         68   __main.o
       312          4         17          0          0         92   __printf_flags_wp.o
        14          0          0          0          0         68   __printf_wp.o
         0          0          0          0          0          0   __rtentry.o
        12          0          0          0          0          0   __rtentry2.o
         6          0          0          0          0          0   __rtentry4.o
        52          8          0          0          0          0   __scatter.o
        26          0          0          0          0          0   __scatter_copy.o
        28          0          0          0          0          0   __scatter_zi.o
        48          6          0          0          0         96   _printf_char_common.o
         6          0          0          0          0          0   _printf_d.o
       120         16          0          0          0         92   _printf_dec.o
       178          0          0          0          0         88   _printf_intcommon.o
        78          0          0          0          0        108   _printf_pad.o
         0          0          0          0          0          0   _printf_percent.o
         4          0          0          0          0          0   _printf_percent_end.o
        10          0          0          0          0         68   _sputc.o
        18          0          0          0          0         80   exit.o
         6          0          0          0          0        152   heapauxi.o
         0          0          0          0          0          0   indicate_semi.o
         2          0          0          0          0          0   libinit.o
         6          0          0          0          0          0   libinit2.o
         2          0          0          0          0          0   libshutdown.o
         2          0          0          0          0          0   libshutdown2.o
         8          4          0          0         96         68   libspace.o
       238          0          0          0          0        100   lludivv7m.o
        40          6          0          0          0         84   noretval__2sprintf.o
        78          0          0          0          0         80   rt_memclr_w.o
         2          0          0          0          0          0   rtexit.o
        10          0          0          0          0          0   rtexit2.o
        62          0          0          0          0         76   strlen.o
        12          4          0          0          0         68   sys_exit.o
        74          0          0          0          0         80   sys_stackheap_outer.o
         2          0          0          0          0         68   use_no_semi.o
        10          0          0          0          0        116   fpinit.o

    ----------------------------------------------------------------------
      1482         48         20          0         96       1652   Library Totals
         8          0          3          0          0          0   (incl. Padding)

    ----------------------------------------------------------------------

      Code (inc. data)   RO Data    RW Data    ZI Data      Debug   Library Name

      1464         48         17          0         96       1536   c_w.l
        10          0          0          0          0        116   fz_wm.l

    ----------------------------------------------------------------------
      1482         48         20          0         96       1652   Library Totals

    ----------------------------------------------------------------------

==============================================================================


      Code (inc. data)   RO Data    RW Data    ZI Data      Debug   

     22996       1006        652        108      10692    1663403   Grand Totals
     22996       1006        652        108      10692    1663403   ELF Image Totals
     22996       1006        652        108          0          0   ROM Totals

==============================================================================

    Total RO  Size (Code + RO Data)                23648 (  23.09kB)
    Total RW  Size (RW Data + ZI Data)             10800 (  10.55kB)
    Total ROM Size (Code + RO Data + RW Data)      23756 (  23.20kB)

==============================================================================

