Component: ARM Compiler 5.06 update 7 (build 960) Tool: armlink [4d3601]

==============================================================================

Section Cross References

    startup_stm32f407xx.o(STACK) refers (Special) to heapauxi.o(.text) for __use_two_region_memory
    startup_stm32f407xx.o(HEAP) refers (Special) to heapauxi.o(.text) for __use_two_region_memory
    startup_stm32f407xx.o(RESET) refers (Special) to heapauxi.o(.text) for __use_two_region_memory
    startup_stm32f407xx.o(RESET) refers to startup_stm32f407xx.o(STACK) for __initial_sp
    startup_stm32f407xx.o(RESET) refers to startup_stm32f407xx.o(.text) for Reset_Handler
    startup_stm32f407xx.o(RESET) refers to stm32f4xx_it.o(i.NMI_Handler) for NMI_Handler
    startup_stm32f407xx.o(RESET) refers to stm32f4xx_it.o(i.HardFault_Handler) for HardFault_Handler
    startup_stm32f407xx.o(RESET) refers to stm32f4xx_it.o(i.MemManage_Handler) for MemManage_Handler
    startup_stm32f407xx.o(RESET) refers to stm32f4xx_it.o(i.BusFault_Handler) for BusFault_Handler
    startup_stm32f407xx.o(RESET) refers to stm32f4xx_it.o(i.UsageFault_Handler) for UsageFault_Handler
    startup_stm32f407xx.o(RESET) refers to stm32f4xx_it.o(i.SVC_Handler) for SVC_Handler
    startup_stm32f407xx.o(RESET) refers to stm32f4xx_it.o(i.DebugMon_Handler) for DebugMon_Handler
    startup_stm32f407xx.o(RESET) refers to stm32f4xx_it.o(i.PendSV_Handler) for PendSV_Handler
    startup_stm32f407xx.o(RESET) refers to stm32f4xx_it.o(i.SysTick_Handler) for SysTick_Handler
    startup_stm32f407xx.o(RESET) refers to stm32f4xx_it.o(i.TIM2_IRQHandler) for TIM2_IRQHandler
    startup_stm32f407xx.o(RESET) refers to stm32f4xx_it.o(i.SDIO_IRQHandler) for SDIO_IRQHandler
    startup_stm32f407xx.o(RESET) refers to stm32f4xx_it.o(i.DMA2_Stream3_IRQHandler) for DMA2_Stream3_IRQHandler
    startup_stm32f407xx.o(RESET) refers to stm32f4xx_it.o(i.DMA2_Stream6_IRQHandler) for DMA2_Stream6_IRQHandler
    startup_stm32f407xx.o(.text) refers (Special) to heapauxi.o(.text) for __use_two_region_memory
    startup_stm32f407xx.o(.text) refers to system_stm32f4xx.o(i.SystemInit) for SystemInit
    startup_stm32f407xx.o(.text) refers to __main.o(!!!main) for __main
    startup_stm32f407xx.o(.text) refers to startup_stm32f407xx.o(HEAP) for Heap_Mem
    startup_stm32f407xx.o(.text) refers to startup_stm32f407xx.o(STACK) for Stack_Mem
    main.o(i.HAL_TIM_PeriodElapsedCallback) refers to _printf_pad.o(.text) for _printf_pre_padding
    main.o(i.HAL_TIM_PeriodElapsedCallback) refers to _printf_percent.o(.ARM.Collect$$_printf_percent$$00000000) for _printf_percent
    main.o(i.HAL_TIM_PeriodElapsedCallback) refers to _printf_d.o(.ARM.Collect$$_printf_percent$$00000009) for _printf_d
    main.o(i.HAL_TIM_PeriodElapsedCallback) refers to _printf_dec.o(.text) for _printf_int_dec
    main.o(i.HAL_TIM_PeriodElapsedCallback) refers to noretval__2sprintf.o(.text) for __2sprintf
    main.o(i.HAL_TIM_PeriodElapsedCallback) refers to ff.o(i.f_open) for f_open
    main.o(i.HAL_TIM_PeriodElapsedCallback) refers to strlen.o(.text) for strlen
    main.o(i.HAL_TIM_PeriodElapsedCallback) refers to ff.o(i.f_write) for f_write
    main.o(i.HAL_TIM_PeriodElapsedCallback) refers to ff.o(i.f_close) for f_close
    main.o(i.HAL_TIM_PeriodElapsedCallback) refers to main.o(.data) for .data
    main.o(i.HAL_TIM_PeriodElapsedCallback) refers to fatfs.o(.bss) for SDFile
    main.o(i.SystemClock_Config) refers to rt_memclr_w.o(.text) for __aeabi_memclr4
    main.o(i.SystemClock_Config) refers to stm32f4xx_hal_rcc.o(i.HAL_RCC_OscConfig) for HAL_RCC_OscConfig
    main.o(i.SystemClock_Config) refers to stm32f4xx_hal_rcc.o(i.HAL_RCC_ClockConfig) for HAL_RCC_ClockConfig
    main.o(i.main) refers to stm32f4xx_hal.o(i.HAL_Init) for HAL_Init
    main.o(i.main) refers to main.o(i.SystemClock_Config) for SystemClock_Config
    main.o(i.main) refers to gpio.o(i.MX_GPIO_Init) for MX_GPIO_Init
    main.o(i.main) refers to dma.o(i.MX_DMA_Init) for MX_DMA_Init
    main.o(i.main) refers to sdio.o(i.MX_SDIO_SD_Init) for MX_SDIO_SD_Init
    main.o(i.main) refers to fatfs.o(i.MX_FATFS_Init) for MX_FATFS_Init
    main.o(i.main) refers to tim.o(i.MX_TIM2_Init) for MX_TIM2_Init
    main.o(i.main) refers to stm32f4xx_hal_tim.o(i.HAL_TIM_Base_Start_IT) for HAL_TIM_Base_Start_IT
    main.o(i.main) refers to ff.o(i.f_mount) for f_mount
    main.o(i.main) refers to ff.o(i.f_open) for f_open
    main.o(i.main) refers to ff.o(i.f_close) for f_close
    main.o(i.main) refers to noretval__2sprintf.o(.text) for __2sprintf
    main.o(i.main) refers to strlen.o(.text) for strlen
    main.o(i.main) refers to ff.o(i.f_write) for f_write
    main.o(i.main) refers to stm32f4xx_hal.o(i.HAL_Delay) for HAL_Delay
    main.o(i.main) refers to tim.o(.bss) for htim2
    main.o(i.main) refers to fatfs.o(.data) for SDPath
    main.o(i.main) refers to fatfs.o(.bss) for SDFatFS
[...]
    i.HAL_TIM_ConfigClockSource              0x08002088   Section        0  stm32f4xx_hal_tim.o(i.HAL_TIM_ConfigClockSource)
    i.HAL_TIM_IC_CaptureCallback             0x08002164   Section        0  stm32f4xx_hal_tim.o(i.HAL_TIM_IC_CaptureCallback)
    i.HAL_TIM_IRQHandler                     0x08002166   Section        0  stm32f4xx_hal_tim.o(i.HAL_TIM_IRQHandler)
    i.HAL_TIM_OC_DelayElapsedCallback        0x080022cc   Section        0  stm32f4xx_hal_tim.o(i.HAL_TIM_OC_DelayElapsedCallback)
    i.HAL_TIM_PWM_PulseFinishedCallback      0x080022ce   Section        0  stm32f4xx_hal_tim.o(i.HAL_TIM_PWM_PulseFinishedCallback)
    i.HAL_TIM_PeriodElapsedCallback          0x080022d0   Section        0  main.o(i.HAL_TIM_PeriodElapsedCallback)
    i.HAL_TIM_TriggerCallback                0x08002338   Section        0  stm32f4xx_hal_tim.o(i.HAL_TIM_TriggerCallback)
    i.HardFault_Handler                      0x0800233a   Section        0  stm32f4xx_it.o(i.HardFault_Handler)
    i.MX_DMA_Init                            0x0800233c   Section        0  dma.o(i.MX_DMA_Init)
    i.MX_FATFS_Init                          0x08002378   Section        0  fatfs.o(i.MX_FATFS_Init)
    i.MX_GPIO_Init                           0x08002394   Section        0  gpio.o(i.MX_GPIO_Init)
    i.MX_SDIO_SD_Init                        0x08002410   Section        0  sdio.o(i.MX_SDIO_SD_Init)
    i.MX_TIM2_Init                           0x08002430   Section        0  tim.o(i.MX_TIM2_Init)
    i.MemManage_Handler                      0x08002498   Section        0  stm32f4xx_it.o(i.MemManage_Handler)
    i.NMI_Handler                            0x0800249a   Section        0  stm32f4xx_it.o(i.NMI_Handler)
    i.PendSV_Handler                         0x0800249c   Section        0  stm32f4xx_it.o(i.PendSV_Handler)
    i.SDIO_ConfigData                        0x0800249e   Section        0  stm32f4xx_ll_sdmmc.o(i.SDIO_ConfigData)
    i.SDIO_GetPowerState                     0x080024c2   Section        0  stm32f4xx_ll_sdmmc.o(i.SDIO_GetPowerState)
    i.SDIO_GetResponse                       0x080024ca   Section        0  stm32f4xx_ll_sdmmc.o(i.SDIO_GetResponse)
    i.SDIO_IRQHandler                        0x080024d0   Section        0  stm32f4xx_it.o(i.SDIO_IRQHandler)
    i.SDIO_Init                              0x080024dc   Section        0  stm32f4xx_ll_sdmmc.o(i.SDIO_Init)
    i.SDIO_PowerState_ON                     0x08002500   Section        0  stm32f4xx_ll_sdmmc.o(i.SDIO_PowerState_ON)
    i.SDIO_ReadFIFO                          0x08002510   Section        0  stm32f4xx_ll_sdmmc.o(i.SDIO_ReadFIFO)
    i.SDIO_SendCommand                       0x08002516   Section        0  stm32f4xx_ll_sdmmc.o(i.SDIO_SendCommand)
    i.SDIO_WriteFIFO                         0x08002536   Section        0  stm32f4xx_ll_sdmmc.o(i.SDIO_WriteFIFO)
    i.SDMMC_CmdAppCommand                    0x08002540   Section        0  stm32f4xx_ll_sdmmc.o(i.SDMMC_CmdAppCommand)
    i.SDMMC_CmdAppOperCommand                0x08002574   Section        0  stm32f4xx_ll_sdmmc.o(i.SDMMC_CmdAppOperCommand)
    i.SDMMC_CmdBlockLength                   0x080025a8   Section        0  stm32f4xx_ll_sdmmc.o(i.SDMMC_CmdBlockLength)
    i.SDMMC_CmdBusWidth                      0x080025da   Section        0  stm32f4xx_ll_sdmmc.o(i.SDMMC_CmdBusWidth)
    i.SDMMC_CmdGoIdleState                   0x0800260c   Section        0  stm32f4xx_ll_sdmmc.o(i.SDMMC_CmdGoIdleState)
    i.SDMMC_CmdOperCond                      0x0800265c   Section        0  stm32f4xx_ll_sdmmc.o(i.SDMMC_CmdOperCond)
    i.SDMMC_CmdReadMultiBlock                0x080026d0   Section        0  stm32f4xx_ll_sdmmc.o(i.SDMMC_CmdReadMultiBlock)
    i.SDMMC_CmdReadSingleBlock               0x08002702   Section        0  stm32f4xx_ll_sdmmc.o(i.SDMMC_CmdReadSingleBlock)
    i.SDMMC_CmdSelDesel                      0x08002734   Section        0  stm32f4xx_ll_sdmmc.o(i.SDMMC_CmdSelDesel)
    i.SDMMC_CmdSendCID                       0x08002766   Section        0  stm32f4xx_ll_sdmmc.o(i.SDMMC_CmdSendCID)
    i.SDMMC_CmdSendCSD                       0x08002792   Section        0  stm32f4xx_ll_sdmmc.o(i.SDMMC_CmdSendCSD)
    i.SDMMC_CmdSendSCR                       0x080027be   Section        0  stm32f4xx_ll_sdmmc.o(i.SDMMC_CmdSendSCR)
    i.SDMMC_CmdSendStatus                    0x080027ee   Section        0  stm32f4xx_ll_sdmmc.o(i.SDMMC_CmdSendStatus)
    i.SDMMC_CmdSetRelAdd                     0x08002820   Section        0  stm32f4xx_ll_sdmmc.o(i.SDMMC_CmdSetRelAdd)
    i.SDMMC_CmdStopTransfer                  0x08002850   Section        0  stm32f4xx_ll_sdmmc.o(i.SDMMC_CmdStopTransfer)
    i.SDMMC_CmdWriteMultiBlock               0x08002884   Section        0  stm32f4xx_ll_sdmmc.o(i.SDMMC_CmdWriteMultiBlock)
    i.SDMMC_CmdWriteSingleBlock              0x080028b6   Section        0  stm32f4xx_ll_sdmmc.o(i.SDMMC_CmdWriteSingleBlock)
    i.SDMMC_GetCmdResp1                      0x080028e8   Section        0  stm32f4xx_ll_sdmmc.o(i.SDMMC_GetCmdResp1)
    SDMMC_GetCmdResp1                        0x080028e9   Thumb Code   278  stm32f4xx_ll_sdmmc.o(i.SDMMC_GetCmdResp1)
    i.SDMMC_GetCmdResp2                      0x08002a08   Section        0  stm32f4xx_ll_sdmmc.o(i.SDMMC_GetCmdResp2)
    SDMMC_GetCmdResp2                        0x08002a09   Thumb Code    76  stm32f4xx_ll_sdmmc.o(i.SDMMC_GetCmdResp2)
    i.SDMMC_GetCmdResp3                      0x08002a58   Section        0  stm32f4xx_ll_sdmmc.o(i.SDMMC_GetCmdResp3)
    SDMMC_GetCmdResp3                        0x08002a59   Thumb Code    62  stm32f4xx_ll_sdmmc.o(i.SDMMC_GetCmdResp3)
    i.SDMMC_GetCmdResp6                      0x08002a9c   Section        0  stm32f4xx_ll_sdmmc.o(i.SDMMC_GetCmdResp6)
    SDMMC_GetCmdResp6                        0x08002a9d   Thumb Code   130  stm32f4xx_ll_sdmmc.o(i.SDMMC_GetCmdResp6)
    i.SD_CheckStatus                         0x08002b24   Section        0  sd_diskio.o(i.SD_CheckStatus)
    SD_CheckStatus                           0x08002b25   Thumb Code    26  sd_diskio.o(i.SD_CheckStatus)
    i.SD_DMARxAbort                          0x08002b44   Section        0  stm32f4xx_hal_sd.o(i.SD_DMARxAbort)
    SD_DMARxAbort                            0x08002b45   Thumb Code    68  stm32f4xx_hal_sd.o(i.SD_DMARxAbort)
    i.SD_DMATxAbort                          0x08002b88   Section        0  stm32f4xx_hal_sd.o(i.SD_DMATxAbort)
    SD_DMATxAbort                            0x08002b89   Thumb Code    68  stm32f4xx_hal_sd.o(i.SD_DMATxAbort)
    i.SD_FindSCR                             0x08002bcc   Section        0  stm32f4xx_hal_sd.o(i.SD_FindSCR)
    SD_FindSCR                               0x08002bcd   Thumb Code   218  stm32f4xx_hal_sd.o(i.SD_FindSCR)
    i.SD_InitCard                            0x08002ca6   Section        0  stm32f4xx_hal_sd.o(i.SD_InitCard)
    SD_InitCard                              0x08002ca7   Thumb Code   238  stm32f4xx_hal_sd.o(i.SD_InitCard)
    i.SD_PowerON                             0x08002d94   Section        0  stm32f4xx_hal_sd.o(i.SD_PowerON)
    SD_PowerON                               0x08002d95   Thumb Code   174  stm32f4xx_hal_sd.o(i.SD_PowerON)
    i.SD_initialize                          0x08002e48   Section        0  sd_diskio.o(i.SD_initialize)
    i.SD_ioctl                               0x08002e68   Section        0  sd_diskio.o(i.SD_ioctl)
    i.SD_read                                0x08002eb8   Section        0  sd_diskio.o(i.SD_read)
    i.SD_status                              0x08002ede   Section        0  sd_diskio.o(i.SD_status)
    i.SD_write                               0x08002ee4   Section        0  sd_diskio.o(i.SD_write)
    i.SVC_Handler                            0x08002f0a   Section        0  stm32f4xx_it.o(i.SVC_Handler)
    i.SysTick_Handler                        0x08002f0c   Section        0  stm32f4xx_it.o(i.SysTick_Handler)
    i.SystemClock_Config                     0x08002f10   Section        0  main.o(i.SystemClock_Config)
    i.SystemInit                             0x08002fa4   Section        0  system_stm32f4xx.o(i.SystemInit)
    i.TIM2_IRQHandler                        0x08002fc0   Section        0  stm32f4xx_it.o(i.TIM2_IRQHandler)
    i.TIM_Base_SetConfig                     0x08002fcc   Section        0  stm32f4xx_hal_tim.o(i.TIM_Base_SetConfig)
    i.TIM_ETR_SetConfig                      0x08003094   Section        0  stm32f4xx_hal_tim.o(i.TIM_ETR_SetConfig)
    i.TIM_ITRx_SetConfig                     0x080030a8   Section        0  stm32f4xx_hal_tim.o(i.TIM_ITRx_SetConfig)
    TIM_ITRx_SetConfig                       0x080030a9   Thumb Code    16  stm32f4xx_hal_tim.o(i.TIM_ITRx_SetConfig)
    i.TIM_TI1_ConfigInputStage               0x080030b8   Section        0  stm32f4xx_hal_tim.o(i.TIM_TI1_ConfigInputStage)
    TIM_TI1_ConfigInputStage                 0x080030b9   Thumb Code    34  stm32f4xx_hal_tim.o(i.TIM_TI1_ConfigInputStage)
    i.TIM_TI2_ConfigInputStage               0x080030da   Section        0  stm32f4xx_hal_tim.o(i.TIM_TI2_ConfigInputStage)
    TIM_TI2_ConfigInputStage                 0x080030db   Thumb Code    36  stm32f4xx_hal_tim.o(i.TIM_TI2_ConfigInputStage)
    i.UsageFault_Handler                     0x080030fe   Section        0  stm32f4xx_it.o(i.UsageFault_Handler)
    i.__NVIC_SetPriority                     0x08003100   Section        0  stm32f4xx_hal_cortex.o(i.__NVIC_SetPriority)
    __NVIC_SetPriority                       0x08003101   Thumb Code    32  stm32f4xx_hal_cortex.o(i.__NVIC_SetPriority)
    i._is_digit                              0x08003120   Section        0  __printf_wp.o(i._is_digit)
    i.check_fs                               0x08003130   Section        0  ff.o(i.check_fs)
    check_fs                                 0x08003131   Thumb Code   102  ff.o(i.check_fs)
    i.chk_lock                               0x080031a0   Section        0  ff.o(i.chk_lock)
    chk_lock                                 0x080031a1   Thumb Code    86  ff.o(i.chk_lock)
    i.clear_lock                             0x080031fc   Section        0  ff.o(i.clear_lock)
    clear_lock                               0x080031fd   Thumb Code    28  ff.o(i.clear_lock)
    i.clmt_clust                             0x0800321c   Section        0  ff.o(i.clmt_clust)
    clmt_clust                               0x0800321d   Thumb Code    38  ff.o(i.clmt_clust)
    i.clust2sect                             0x08003242   Section        0  ff.o(i.clust2sect)
    clust2sect                               0x08003243   Thumb Code    24  ff.o(i.clust2sect)
    i.create_chain                           0x0800325a   Section        0  ff.o(i.create_chain)
    create_chain                             0x0800325b   Thumb Code   164  ff.o(i.create_chain)
    i.create_name                            0x08003300   Section        0  ff.o(i.create_name)
    create_name                              0x08003301   Thumb Code   168  ff.o(i.create_name)
    i.dec_lock                               0x080033bc   Section        0  ff.o(i.dec_lock)
    dec_lock                                 0x080033bd   Thumb Code    48  ff.o(i.dec_lock)
    i.dir_find                               0x080033f0   Section        0  ff.o(i.dir_find)
    dir_find                                 0x080033f1   Thumb Code   100  ff.o(i.dir_find)
    i.dir_next                               0x08003454   Section        0  ff.o(i.dir_next)
    dir_next                                 0x08003455   Thumb Code   258  ff.o(i.dir_next)
    i.dir_register                           0x08003556   Section        0  ff.o(i.dir_register)
    dir_register                             0x08003557   Thumb Code   102  ff.o(i.dir_register)
    i.dir_sdi                                0x080035bc   Section        0  ff.o(i.dir_sdi)
    dir_sdi                                  0x080035bd   Thumb Code   142  ff.o(i.dir_sdi)
    i.disk_initialize                        0x0800364c   Section        0  diskio.o(i.disk_initialize)
    i.disk_ioctl                             0x08003674   Section        0  diskio.o(i.disk_ioctl)
    i.disk_read                              0x08003690   Section        0  diskio.o(i.disk_read)
    i.disk_status                            0x080036ac   Section        0  diskio.o(i.disk_status)
    i.disk_write                             0x080036c4   Section        0  diskio.o(i.disk_write)
    i.f_close                                0x080036e0   Section        0  ff.o(i.f_close)
    i.f_mount                                0x08003708   Section        0  ff.o(i.f_mount)
    i.f_open                                 0x08003760   Section        0  ff.o(i.f_open)
    i.f_sync                                 0x0800397c   Section        0  ff.o(i.f_sync)
    i.f_write                                0x08003a0a   Section        0  ff.o(i.f_write)
    i.find_volume                            0x08003bbc   Section        0  ff.o(i.find_volume)
    find_volume                              0x08003bbd   Thumb Code   636  ff.o(i.find_volume)
    i.follow_path                            0x08003e44   Section        0  ff.o(i.follow_path)
    follow_path                              0x08003e45   Thumb Code   122  ff.o(i.follow_path)
    i.get_fat                                0x08003ebe   Section        0  ff.o(i.get_fat)
    get_fat                                  0x08003ebf   Thumb Code   232  ff.o(i.get_fat)
    i.get_fattime                            0x08003fa6   Section        0  fatfs.o(i.get_fattime)
    i.get_ldnumber                           0x08003faa   Section        0  ff.o(i.get_ldnumber)
    get_ldnumber                             0x08003fab   Thumb Code    60  ff.o(i.get_ldnumber)
    i.inc_lock                               0x08003fe8   Section        0  ff.o(i.inc_lock)
    inc_lock                                 0x08003fe9   Thumb Code   124  ff.o(i.inc_lock)
    i.ld_clust                               0x08004068   Section        0  ff.o(i.ld_clust)
    ld_clust                                 0x08004069   Thumb Code    38  ff.o(i.ld_clust)
    i.ld_dword                               0x0800408e   Section        0  ff.o(i.ld_dword)
    ld_dword                                 0x0800408f   Thumb Code    22  ff.o(i.ld_dword)
    i.ld_word                                0x080040a4   Section        0  ff.o(i.ld_word)
    ld_word                                  0x080040a5   Thumb Code    10  ff.o(i.ld_word)
    i.main                                   0x080040b0   Section        0  main.o(i.main)
    i.mem_cpy                                0x08004154   Section        0  ff.o(i.mem_cpy)
    mem_cpy                                  0x08004155   Thumb Code    18  ff.o(i.mem_cpy)
    i.mem_set                                0x08004168   Section        0  ff.o(i.mem_set)
    mem_set                                  0x08004169   Thumb Code    14  ff.o(i.mem_set)
    i.move_window                            0x08004176   Section        0  ff.o(i.move_window)
    move_window                              0x08004177   Thumb Code    50  ff.o(i.move_window)
    i.put_fat                                0x080041a8   Section        0  ff.o(i.put_fat)
    put_fat                                  0x080041a9   Thumb Code   292  ff.o(i.put_fat)
    i.remove_chain                           0x080042cc   Section        0  ff.o(i.remove_chain)
    remove_chain                             0x080042cd   Thumb Code   116  ff.o(i.remove_chain)
    i.st_clust                               0x08004340   Section        0  ff.o(i.st_clust)
    st_clust                                 0x08004341   Thumb Code    40  ff.o(i.st_clust)
    i.st_dword                               0x08004368   Section        0  ff.o(i.st_dword)
    st_dword                                 0x08004369   Thumb Code    16  ff.o(i.st_dword)
    i.st_word                                0x08004378   Section        0  ff.o(i.st_word)
    st_word                                  0x08004379   Thumb Code     8  ff.o(i.st_word)
    i.sync_fs                                0x08004380   Section        0  ff.o(i.sync_fs)
    sync_fs                                  0x08004381   Thumb Code   126  ff.o(i.sync_fs)
    i.sync_window                            0x08004408   Section        0  ff.o(i.sync_window)
    sync_window                              0x08004409   Thumb Code    82  ff.o(i.sync_window)
    i.validate                               0x0800445a   Section        0  ff.o(i.validate)
    validate                                 0x0800445b   Thumb Code    52  ff.o(i.validate)
    x$fpl$fpinit                             0x0800448e   Section       10  fpinit.o(x$fpl$fpinit)
    $v0                                      0x0800448e   Number         0  fpinit.o(x$fpl$fpinit)
    .constdata                               0x08004498   Section       20  sd_diskio.o(.constdata)
    .constdata                               0x080044ac   Section        8  stm32f4xx_hal_dma.o(.constdata)
    flagBitshiftOffset                       0x080044ac   Data           8  stm32f4xx_hal_dma.o(.constdata)
    .constdata                               0x080044b4   Section       16  system_stm32f4xx.o(.constdata)
    .constdata                               0x080044c4   Section      156  ff.o(.constdata)
    ExCvt                                    0x080044c4   Data         128  ff.o(.constdata)
    cst                                      0x08004544   Data          14  ff.o(.constdata)
    cst32                                    0x08004552   Data          14  ff.o(.constdata)
    .constdata                               0x08004560   Section       17  __printf_flags_wp.o(.constdata)
    maptable                                 0x08004560   Data          17  __printf_flags_wp.o(.constdata)
    .data                                    0x20000000   Section       31  main.o(.data)
    .data                                    0x2000001f   Section        1  sd_diskio.o(.data)
    Stat                                     0x2000001f   Data           1  sd_diskio.o(.data)
    .data                                    0x20000020   Section        5  fatfs.o(.data)
    .data                                    0x20000028   Section       12  stm32f4xx_hal.o(.data)
    .data                                    0x20000034   Section        4  system_stm32f4xx.o(.data)
    .data                                    0x20000038   Section        8  ff.o(.data)
    Fsid                                     0x20000038   Data           2  ff.o(.data)
    FatFs                                    0x2000003c   Data           4  ff.o(.data)
    .bss                                     0x20000040   Section      324  sdio.o(.bss)
    .bss                                     0x20000184   Section       72  tim.o(.bss)
    .bss                                     0x200001cc   Section     4148  fatfs.o(.bss)
    .bss                                     0x20001200   Section     4144  fatfs.o(.bss)
    .bss                                     0x20002230   Section       32  ff.o(.bss)
    Files                                    0x20002230   Data          32  ff.o(.bss)
    .bss                                     0x20002250   Section       12  ff_gen_drv.o(.bss)
    .bss                                     0x2000225c   Section       96  libspace.o(.bss)
    HEAP                                     0x200022c0   Section      512  startup_stm32f407xx.o(HEAP)
    Heap_Mem                                 0x200022c0   Data         512  startup_stm32f407xx.o(HEAP)
    STACK                                    0x200024c0   Section     1024  startup_stm32f407xx.o(STACK)
    Stack_Mem                                0x200024c0   Data        1024  startup_stm32f407xx.o(STACK)
    __initial_sp                             0x200028c0   Data           0  startup_stm32f407xx.o(STACK)

    Global Symbols

    Symbol Name                              Value     Ov Type        Size  Object(Section)

    BuildAttributes$$THM_ISAv4$E$P$D$K$B$S$7EM$VFPi3$EXTD16$VFPS$VFMA$PE$A:L22UL41UL21$X:L11$S22US41US21$IEEE1$IW$USESV6$~STKCKD$USESV7$~SHL$OSPACE$ROPI$EBA8$UX$STANDARDLIB$REQ8$PRES8$EABIv2 0x00000000   Number         0  anon$$obj.o ABSOLUTE
    __ARM_use_no_argv                        0x00000000   Number         0  main.o ABSOLUTE
    _printf_flags                            0x00000000   Number         0  printf_stubs.o ABSOLUTE
    _printf_return_value                     0x00000000   Number         0  printf_stubs.o ABSOLUTE
    _printf_sizespec                         0x00000000   Number         0  printf_stubs.o ABSOLUTE
    _printf_widthprec                        0x00000000   Number         0  printf_stubs.o ABSOLUTE
    __ARM_exceptions_init                     - Undefined Weak Reference
    __alloca_initialize                       - Undefined Weak Reference
    __arm_fini_                               - Undefined Weak Reference
    __arm_preinit_                            - Undefined Weak Reference
    __cpp_initialize__aeabi_                  - Undefined Weak Reference
    __cxa_finalize                            - Undefined Weak Reference
    __rt_locale                               - Undefined Weak Reference
    __sigvec_lookup                           - Undefined Weak Reference
    _atexit_init                              - Undefined Weak Reference
    _call_atexit_fns                          - Undefined Weak Reference
    _clock_init                               - Undefined Weak Reference
    _fp_trap_init                             - Undefined Weak Reference
    _fp_trap_shutdown                         - Undefined Weak Reference
    _get_lc_collate                           - Undefined Weak Reference
    _get_lc_ctype                             - Undefined Weak Reference
    _get_lc_monetary                          - Undefined Weak Reference
    _get_lc_numeric                           - Undefined Weak Reference
    _get_lc_time                              - Undefined Weak Reference
    _getenv_init                              - Undefined Weak Reference
    _handle_redirection                       - Undefined Weak Reference
    _init_alloc                               - Undefined Weak Reference
    _init_user_alloc                          - Undefined Weak Reference
    _initio                                   - Undefined Weak Reference
    _printf_truncate_signed                   - Undefined Weak Reference
    _printf_truncate_unsigned                 - Undefined Weak Reference
    _rand_init                                - Undefined Weak Reference
    _signal_finish                            - Undefined Weak Reference
    _signal_init                              - Undefined Weak Reference
    _terminate_alloc                          - Undefined Weak Reference
    _terminate_user_alloc                     - Undefined Weak Reference
    _terminateio                              - Undefined Weak Reference
    __Vectors_Size                           0x00000188   Number         0  startup_stm32f407xx.o ABSOLUTE
    __Vectors                                0x08000000   Data           4  startup_stm32f407xx.o(RESET)
    __Vectors_End                            0x08000188   Data           0  startup_stm32f407xx.o(RESET)
    __main                                   0x08000189   Thumb Code     8  __main.o(!!!main)
    __scatterload                            0x08000191   Thumb Code     0  __scatter.o(!!!scatter)
    __scatterload_rt2                        0x08000191   Thumb Code    44  __scatter.o(!!!scatter)
    __scatterload_rt2_thumb_only             0x08000191   Thumb Code     0  __scatter.o(!!!scatter)
    __scatterload_null                       0x0800019f   Thumb Code     0  __scatter.o(!!!scatter)
    __scatterload_copy                       0x080001c5   Thumb Code    26  __scatter_copy.o(!!handler_copy)
    __scatterload_zeroinit                   0x080001e1   Thumb Code    28  __scatter_zi.o(!!handler_zi)
    _printf_d                                0x080001fd   Thumb Code     0  _printf_d.o(.ARM.Collect$$_printf_percent$$00000009)
    _printf_percent                          0x080001fd   Thumb Code     0  _printf_percent.o(.ARM.Collect$$_printf_percent$$00000000)
    _printf_percent_end                      0x08000203   Thumb Code     0  _printf_percent_end.o(.ARM.Collect$$_printf_percent$$00000017)
    __rt_lib_init                            0x08000207   Thumb Code     0  libinit.o(.ARM.Collect$$libinit$$00000000)
    __rt_lib_init_fp_1                       0x08000209   Thumb Code     0  libinit2.o(.ARM.Collect$$libinit$$00000001)
    __rt_lib_init_alloca_1                   0x0800020d   Thumb Code     0  libinit2.o(.ARM.Collect$$libinit$$0000002E)
    __rt_lib_init_argv_1                     0x0800020d   Thumb Code     0  libinit2.o(.ARM.Collect$$libinit$$0000002C)
    __rt_lib_init_atexit_1                   0x0800020d   Thumb Code     0  libinit2.o(.ARM.Collect$$libinit$$0000001B)
    __rt_lib_init_clock_1                    0x0800020d   Thumb Code     0  libinit2.o(.ARM.Collect$$libinit$$00000021)
    __rt_lib_init_cpp_1                      0x0800020d   Thumb Code     0  libinit2.o(.ARM.Collect$$libinit$$00000032)
    __rt_lib_init_exceptions_1               0x0800020d   Thumb Code     0  libinit2.o(.ARM.Collect$$libinit$$00000030)
    __rt_lib_init_fp_trap_1                  0x0800020d   Thumb Code     0  libinit2.o(.ARM.Collect$$libinit$$0000001F)
    __rt_lib_init_getenv_1                   0x0800020d   Thumb Code     0  libinit2.o(.ARM.Collect$$libinit$$00000023)
    __rt_lib_init_heap_1                     0x0800020d   Thumb Code     0  libinit2.o(.ARM.Collect$$libinit$$0000000A)
    __rt_lib_init_lc_collate_1               0x0800020d   Thumb Code     0  libinit2.o(.ARM.Collect$$libinit$$00000011)
    __rt_lib_init_lc_ctype_1                 0x0800020d   Thumb Code     0  libinit2.o(.ARM.Collect$$libinit$$00000013)
    __rt_lib_init_lc_monetary_1              0x0800020d   Thumb Code     0  libinit2.o(.ARM.Collect$$libinit$$00000015)
    __rt_lib_init_lc_numeric_1               0x0800020d   Thumb Code     0  libinit2.o(.ARM.Collect$$libinit$$00000017)
    __rt_lib_init_lc_time_1                  0x0800020d   Thumb Code     0  libinit2.o(.ARM.Collect$$libinit$$00000019)
    __rt_lib_init_preinit_1                  0x0800020d   Thumb Code     0  libinit2.o(.ARM.Collect$$libinit$$00000004)
    __rt_lib_init_rand_1                     0x0800020d   Thumb Code     0  libinit2.o(.ARM.Collect$$libinit$$0000000E)
    __rt_lib_init_return                     0x0800020d   Thumb Code     0  libinit2.o(.ARM.Collect$$libinit$$00000033)
    __rt_lib_init_signal_1                   0x0800020d   Thumb Code     0  libinit2.o(.ARM.Collect$$libinit$$0000001D)
    __rt_lib_init_stdio_1                    0x0800020d   Thumb Code     0  libinit2.o(.ARM.Collect$$libinit$$00000025)
    __rt_lib_init_user_alloc_1               0x0800020d   Thumb Code     0  libinit2.o(.ARM.Collect$$libinit$$0000000C)
    __rt_lib_shutdown                        0x0800020f   Thumb Code     0  libshutdown.o(.ARM.Collect$$libshutdown$$00000000)
    __rt_lib_shutdown_cpp_1                  0x08000211   Thumb Code     0  libshutdown2.o(.ARM.Collect$$libshutdown$$00000004)
    __rt_lib_shutdown_fini_1                 0x08000211   Thumb Code     0  libshutdown2.o(.ARM.Collect$$libshutdown$$00000002)
    __rt_lib_shutdown_fp_trap_1              0x08000211   Thumb Code     0  libshutdown2.o(.ARM.Collect$$libshutdown$$00000009)
    __rt_lib_shutdown_heap_1                 0x08000211   Thumb Code     0  libshutdown2.o(.ARM.Collect$$libshutdown$$00000011)
    __rt_lib_shutdown_return                 0x08000211   Thumb Code     0  libshutdown2.o(.ARM.Collect$$libshutdown$$00000012)
    __rt_lib_shutdown_signal_1               0x08000211   Thumb Code     0  libshutdown2.o(.ARM.Collect$$libshutdown$$0000000C)
    __rt_lib_shutdown_stdio_1                0x08000211   Thumb Code     0  libshutdown2.o(.ARM.Collect$$libshutdown$$00000006)
    __rt_lib_shutdown_user_alloc_1           0x08000211   Thumb Code     0  libshutdown2.o(.ARM.Collect$$libshutdown$$0000000E)
    __rt_entry                               0x08000213   Thumb Code     0  __rtentry.o(.ARM.Collect$$rtentry$$00000000)
    __rt_entry_presh_1                       0x08000213   Thumb Code     0  __rtentry2.o(.ARM.Collect$$rtentry$$00000002)
    __rt_entry_sh                            0x08000213   Thumb Code     0  __rtentry4.o(.ARM.Collect$$rtentry$$00000004)
    __rt_entry_li                            0x08000219   Thumb Code     0  __rtentry2.o(.ARM.Collect$$rtentry$$0000000A)
    __rt_entry_postsh_1                      0x08000219   Thumb Code     0  __rtentry2.o(.ARM.Collect$$rtentry$$00000009)
    __rt_entry_main                          0x0800021d   Thumb Code     0  __rtentry2.o(.ARM.Collect$$rtentry$$0000000D)
    __rt_entry_postli_1                      0x0800021d   Thumb Code     0  __rtentry2.o(.ARM.Collect$$rtentry$$0000000C)
    __rt_exit                                0x08000225   Thumb Code     0  rtexit.o(.ARM.Collect$$rtexit$$00000000)
    __rt_exit_ls                             0x08000227   Thumb Code     0  rtexit2.o(.ARM.Collect$$rtexit$$00000003)
    __rt_exit_prels_1                        0x08000227   Thumb Code     0  rtexit2.o(.ARM.Collect$$rtexit$$00000002)
    __rt_exit_exit                           0x0800022b   Thumb Code     0  rtexit2.o(.ARM.Collect$$rtexit$$00000004)
    Reset_Handler                            0x08000231   Thumb Code     8  startup_stm32f407xx.o(.text)
    ADC_IRQHandler                           0x0800024b   Thumb Code     0  startup_stm32f407xx.o(.text)
    CAN1_RX0_IRQHandler                      0x0800024b   Thumb Code     0  startup_stm32f407xx.o(.text)
    CAN1_RX1_IRQHandler                      0x0800024b   Thumb Code     0  startup_stm32f407xx.o(.text)
    CAN1_SCE_IRQHandler                      0x0800024b   Thumb Code     0  startup_stm32f407xx.o(.text)
    CAN1_TX_IRQHandler                       0x0800024b   Thumb Code     0  startup_stm32f407xx.o(.text)
    CAN2_RX0_IRQHandler                      0x0800024b   Thumb Code     0  startup_stm32f407xx.o(.text)
    CAN2_RX1_IRQHandler                      0x0800024b   Thumb Code     0  startup_stm32f407xx.o(.text)
    CAN2_SCE_IRQHandler                      0x0800024b   Thumb Code     0  startup_stm32f407xx.o(.text)
    CAN2_TX_IRQHandler                       0x0800024b   Thumb Code     0  startup_stm32f407xx.o(.text)
    DCMI_IRQHandler                          0x0800024b   Thumb Code     0  startup_stm32f407xx.o(.text)
    DMA1_Stream0_IRQHandler                  0x0800024b   Thumb Code     0  startup_stm32f407xx.o(.text)
    DMA1_Stream1_IRQHandler                  0x0800024b   Thumb Code     0  startup_stm32f407xx.o(.text)
    DMA1_Stream2_IRQHandler                  0x0800024b   Thumb Code     0  startup_stm32f407xx.o(.text)
    DMA1_Stream3_IRQHandler                  0x0800024b   Thumb Code     0  startup_stm32f407xx.o(.text)
    DMA1_Stream4_IRQHandler                  0x0800024b   Thumb Code     0  startup_stm32f407xx.o(.text)
    DMA1_Stream5_IRQHandler                  0x0800024b   Thumb Code     0  startup_stm32f407xx.o(.text)
    DMA1_Stream6_IRQHandler                  0x0800024b   Thumb Code     0  startup_stm32f407xx.o(.text)
    DMA1_Stream7_IRQHandler                  0x0800024b   Thumb Code     0  startup_stm32f407xx.o(.text)
    DMA2_Stream0_IRQHandler                  0x0800024b   Thumb Code     0  startup_stm32f407xx.o(.text)
    DMA2_Stream1_IRQHandler                  0x0800024b   Thumb Code     0  startup_stm32f407xx.o(.text)
    DMA2_Stream2_IRQHandler                  0x0800024b   Thumb Code     0  startup_stm32f407xx.o(.text)
    DMA2_Stream4_IRQHandler                  0x0800024b   Thumb Code     0  startup_stm32f407xx.o(.text)
    DMA2_Stream5_IRQHandler                  0x0800024b   Thumb Code     0  startup_stm32f407xx.o(.text)
    DMA2_Stream7_IRQHandler                  0x0800024b   Thumb Code     0  startup_stm32f407xx.o(.text)
    ETH_IRQHandler                           0x0800024b   Thumb Code     0  startup_stm32f407xx.o(.text)
    ETH_WKUP_IRQHandler                      0x0800024b   Thumb Code     0  startup_stm32f407xx.o(.text)
    EXTI0_IRQHandler                         0x0800024b   Thumb Code     0  startup_stm32f407xx.o(.text)
    EXTI15_10_IRQHandler                     0x0800024b   Thumb Code     0  startup_stm32f407xx.o(.text)
    EXTI1_IRQHandler                         0x0800024b   Thumb Code     0  startup_stm32f407xx.o(.text)
    EXTI2_IRQHandler                         0x0800024b   Thumb Code     0  startup_stm32f407xx.o(.text)
    EXTI3_IRQHandler                         0x0800024b   Thumb Code     0  startup_stm32f407xx.o(.text)
    EXTI4_IRQHandler                         0x0800024b   Thumb Code     0  startup_stm32f407xx.o(.text)
    EXTI9_5_IRQHandler                       0x0800024b   Thumb Code     0  startup_stm32f407xx.o(.text)
    FLASH_IRQHandler                         0x0800024b   Thumb Code     0  startup_stm32f407xx.o(.text)
    FMC_IRQHandler                           0x0800024b   Thumb Code     0  startup_stm32f407xx.o(.text)
    FPU_IRQHandler                           0x0800024b   Thumb Code     0  startup_stm32f407xx.o(.text)
    HASH_RNG_IRQHandler                      0x0800024b   Thumb Code     0  startup_stm32f407xx.o(.text)
    I2C1_ER_IRQHandler                       0x0800024b   Thumb Code     0  startup_stm32f407xx.o(.text)
    I2C1_EV_IRQHandler                       0x0800024b   Thumb Code     0  startup_stm32f407xx.o(.text)
    I2C2_ER_IRQHandler                       0x0800024b   Thumb Code     0  startup_stm32f407xx.o(.text)
    I2C2_EV_IRQHandler                       0x0800024b   Thumb Code     0  startup_stm32f407xx.o(.text)
    I2C3_ER_IRQHandler                       0x0800024b   Thumb Code     0  startup_stm32f407xx.o(.text)
    I2C3_EV_IRQHandler                       0x0800024b   Thumb Code     0  startup_stm32f407xx.o(.text)
    OTG_FS_IRQHandler                        0x0800024b   Thumb Code     0  startup_stm32f407xx.o(.text)
    OTG_FS_WKUP_IRQHandler                   0x0800024b   Thumb Code     0  startup_stm32f407xx.o(.text)
    OTG_HS_EP1_IN_IRQHandler                 0x0800024b   Thumb Code     0  startup_stm32f407xx.o(.text)
    OTG_HS_EP1_OUT_IRQHandler                0x0800024b   Thumb Code     0  startup_stm32f407xx.o(.text)
    OTG_HS_IRQHandler                        0x0800024b   Thumb Code     0  startup_stm32f407xx.o(.text)
    OTG_HS_WKUP_IRQHandler                   0x0800024b   Thumb Code     0  startup_stm32f407xx.o(.text)
    PVD_IRQHandler                           0x0800024b   Thumb Code     0  startup_stm32f407xx.o(.text)
    RCC_IRQHandler                           0x0800024b   Thumb Code     0  startup_stm32f407xx.o(.text)
    RTC_Alarm_IRQHandler                     0x0800024b   Thumb Code     0  startup_stm32f407xx.o(.text)
    RTC_WKUP_IRQHandler                      0x0800024b   Thumb Code     0  startup_stm32f407xx.o(.text)
    SPI1_IRQHandler                          0x0800024b   Thumb Code     0  startup_stm32f407xx.o(.text)
    SPI2_IRQHandler                          0x0800024b   Thumb Code     0  startup_stm32f407xx.o(.text)
    SPI3_IRQHandler                          0x0800024b   Thumb Code     0  startup_stm32f407xx.o(.text)
    TAMP_STAMP_IRQHandler                    0x0800024b   Thumb Code     0  startup_stm32f407xx.o(.text)
    TIM1_BRK_TIM9_IRQHandler                 0x0800024b   Thumb Code     0  startup_stm32f407xx.o(.text)
    TIM1_CC_IRQHandler                       0x0800024b   Thumb Code     0  startup_stm32f407xx.o(.text)
    TIM1_TRG_COM_TIM11_IRQHandler            0x0800024b   Thumb Code     0  startup_stm32f407xx.o(.text)
    TIM1_UP_TIM10_IRQHandler                 0x0800024b   Thumb Code     0  startup_stm32f407xx.o(.text)
    TIM3_IRQHandler                          0x0800024b   Thumb Code     0  startup_stm32f407xx.o(.text)
    TIM4_IRQHandler                          0x0800024b   Thumb Code     0  startup_stm32f407xx.o(.text)
    TIM5_IRQHandler                          0x0800024b   Thumb Code     0  startup_stm32f407xx.o(.text)
    TIM6_DAC_IRQHandler                      0x0800024b   Thumb Code     0  startup_stm32f407xx.o(.text)
    TIM7_IRQHandler                          0x0800024b   Thumb Code     0  startup_stm32f407xx.o(.text)
    TIM8_BRK_TIM12_IRQHandler                0x0800024b   Thumb Code     0  startup_stm32f407xx.o(.text)
    TIM8_CC_IRQHandler                       0x0800024b   Thumb Code     0  startup_stm32f407xx.o(.text)
    TIM8_TRG_COM_TIM14_IRQHandler            0x0800024b   Thumb Code     0  startup_stm32f407xx.o(.text)
    TIM8_UP_TIM13_IRQHandler                 0x0800024b   Thumb Code     0  startup_stm32f407xx.o(.text)
    UART4_IRQHandler                         0x0800024b   Thumb Code     0  startup_stm32f407xx.o(.text)
    UART5_IRQHandler                         0x0800024b   Thumb Code     0  startup_stm32f407xx.o(.text)
    USART1_IRQHandler                        0x0800024b   Thumb Code     0  startup_stm32f407xx.o(.text)
    USART2_IRQHandler                        0x0800024b   Thumb Code     0  startup_stm32f407xx.o(.text)
    USART3_IRQHandler                        0x0800024b   Thumb Code     0  startup_stm32f407xx.o(.text)
    USART6_IRQHandler                        0x0800024b   Thumb Code     0  startup_stm32f407xx.o(.text)
    WWDG_IRQHandler                          0x0800024b   Thumb Code     0  startup_stm32f407xx.o(.text)
    __user_initial_stackheap                 0x0800024d   Thumb Code     0  startup_stm32f407xx.o(.text)
    __aeabi_uldivmod                         0x08000271   Thumb Code     0  lludivv7m.o(.text)
    _ll_udiv                                 0x08000271   Thumb Code   238  lludivv7m.o(.text)
    __2sprintf                               0x08000361   Thumb Code    34  noretval__2sprintf.o(.text)
    _printf_pre_padding                      0x08000389   Thumb Code    44  _printf_pad.o(.text)
    _printf_post_padding                     0x080003b5   Thumb Code    34  _printf_pad.o(.text)
    _printf_int_dec                          0x080003d9   Thumb Code   104  _printf_dec.o(.text)
    __printf                                 0x08000451   Thumb Code   308  __printf_flags_wp.o(.text)
    strlen                                   0x08000589   Thumb Code    62  strlen.o(.text)
    __aeabi_memclr4                          0x080005c7   Thumb Code     0  rt_memclr_w.o(.text)
    __aeabi_memclr8                          0x080005c7   Thumb Code     0  rt_memclr_w.o(.text)
    __rt_memclr_w                            0x080005c7   Thumb Code    78  rt_memclr_w.o(.text)
    _memset_w                                0x080005cb   Thumb Code     0  rt_memclr_w.o(.text)
    __use_two_region_memory                  0x08000615   Thumb Code     2  heapauxi.o(.text)
    __rt_heap_escrow$2region                 0x08000617   Thumb Code     2  heapauxi.o(.text)
    __rt_heap_expand$2region                 0x08000619   Thumb Code     2  heapauxi.o(.text)
    _printf_int_common                       0x0800061b   Thumb Code   178  _printf_intcommon.o(.text)
    _printf_char_common                      0x080006d7   Thumb Code    32  _printf_char_common.o(.text)
    _sputc                                   0x080006fd   Thumb Code    10  _sputc.o(.text)
    __user_setup_stackheap                   0x08000707   Thumb Code    74  sys_stackheap_outer.o(.text)
    exit                                     0x08000751   Thumb Code    18  exit.o(.text)
    __user_libspace                          0x08000765   Thumb Code     8  libspace.o(.text)
    __user_perproc_libspace                  0x08000765   Thumb Code     0  libspace.o(.text)
    __user_perthread_libspace                0x08000765   Thumb Code     0  libspace.o(.text)
    _sys_exit                                0x0800076d   Thumb Code     8  sys_exit.o(.text)
    __I$use$semihosting                      0x08000779   Thumb Code     0  use_no_semi.o(.text)
    __use_no_semihosting_swi                 0x08000779   Thumb Code     2  use_no_semi.o(.text)
    BSP_SD_AbortCallback                     0x0800077b   Thumb Code     2  bsp_driver_sd.o(i.BSP_SD_AbortCallback)
    __semihosting_library_function           0x0800077b   Thumb Code     0  indicate_semi.o(.text)
    BSP_SD_GetCardInfo                       0x0800077d   Thumb Code     8  bsp_driver_sd.o(i.BSP_SD_GetCardInfo)
    BSP_SD_GetCardState                      0x08000789   Thumb Code    20  bsp_driver_sd.o(i.BSP_SD_GetCardState)
    BSP_SD_Init                              0x080007a1   Thumb Code    42  bsp_driver_sd.o(i.BSP_SD_Init)
    BSP_SD_IsDetected                        0x080007d1   Thumb Code    14  bsp_driver_sd.o(i.BSP_SD_IsDetected)
    BSP_SD_ReadBlocks                        0x080007e1   Thumb Code    26  bsp_driver_sd.o(i.BSP_SD_ReadBlocks)
    BSP_SD_ReadCpltCallback                  0x08000801   Thumb Code     2  bsp_driver_sd.o(i.BSP_SD_ReadCpltCallback)
    BSP_SD_WriteBlocks                       0x08000805   Thumb Code    26  bsp_driver_sd.o(i.BSP_SD_WriteBlocks)
    BSP_SD_WriteCpltCallback                 0x08000825   Thumb Code     2  bsp_driver_sd.o(i.BSP_SD_WriteCpltCallback)
    BusFault_Handler                         0x08000827   Thumb Code     2  stm32f4xx_it.o(i.BusFault_Handler)
    DMA2_Stream3_IRQHandler                  0x08000829   Thumb Code     6  stm32f4xx_it.o(i.DMA2_Stream3_IRQHandler)
    DMA2_Stream6_IRQHandler                  0x08000835   Thumb Code     6  stm32f4xx_it.o(i.DMA2_Stream6_IRQHandler)
    DebugMon_Handler                         0x080008bd   Thumb Code     2  stm32f4xx_it.o(i.DebugMon_Handler)
    Error_Handler                            0x080008bf   Thumb Code     4  main.o(i.Error_Handler)
    FATFS_LinkDriver                         0x080008c3   Thumb Code     6  ff_gen_drv.o(i.FATFS_LinkDriver)
    FATFS_LinkDriverEx                       0x080008c9   Thumb Code    58  ff_gen_drv.o(i.FATFS_LinkDriverEx)
    HAL_DMA_Abort_IT                         0x08000909   Thumb Code    36  stm32f4xx_hal_dma.o(i.HAL_DMA_Abort_IT)
    HAL_DMA_IRQHandler                       0x0800092d   Thumb Code   412  stm32f4xx_hal_dma.o(i.HAL_DMA_IRQHandler)
    HAL_DMA_Init                             0x08000acd   Thumb Code   206  stm32f4xx_hal_dma.o(i.HAL_DMA_Init)
    HAL_Delay                                0x08000ba1   Thumb Code    32  stm32f4xx_hal.o(i.HAL_Delay)
    HAL_GPIO_Init                            0x08000bc5   Thumb Code   450  stm32f4xx_hal_gpio.o(i.HAL_GPIO_Init)
    HAL_GPIO_WritePin                        0x08000db5   Thumb Code    10  stm32f4xx_hal_gpio.o(i.HAL_GPIO_WritePin)
    HAL_GetTick                              0x08000dc1   Thumb Code     6  stm32f4xx_hal.o(i.HAL_GetTick)
    HAL_IncTick                              0x08000dcd   Thumb Code    12  stm32f4xx_hal.o(i.HAL_IncTick)
    HAL_Init                                 0x08000ddd   Thumb Code    48  stm32f4xx_hal.o(i.HAL_Init)
    HAL_InitTick                             0x08000e11   Thumb Code    54  stm32f4xx_hal.o(i.HAL_InitTick)
    HAL_MspInit                              0x08000e51   Thumb Code    42  stm32f4xx_hal_msp.o(i.HAL_MspInit)
    HAL_NVIC_EnableIRQ                       0x08000e81   Thumb Code    26  stm32f4xx_hal_cortex.o(i.HAL_NVIC_EnableIRQ)
    HAL_NVIC_SetPriority                     0x08000e9d   Thumb Code    60  stm32f4xx_hal_cortex.o(i.HAL_NVIC_SetPriority)
    HAL_NVIC_SetPriorityGrouping             0x08000edd   Thumb Code    26  stm32f4xx_hal_cortex.o(i.HAL_NVIC_SetPriorityGrouping)
    HAL_RCC_ClockConfig                      0x08000f01   Thumb Code   288  stm32f4xx_hal_rcc.o(i.HAL_RCC_ClockConfig)
    HAL_RCC_GetSysClockFreq                  0x08001035   Thumb Code    88  stm32f4xx_hal_rcc.o(i.HAL_RCC_GetSysClockFreq)
    HAL_RCC_OscConfig                        0x08001095   Thumb Code   856  stm32f4xx_hal_rcc.o(i.HAL_RCC_OscConfig)
    HAL_SD_AbortCallback                     0x08001401   Thumb Code     8  bsp_driver_sd.o(i.HAL_SD_AbortCallback)
    HAL_SD_ConfigWideBusOperation            0x08001409   Thumb Code   276  stm32f4xx_hal_sd.o(i.HAL_SD_ConfigWideBusOperation)
    HAL_SD_ErrorCallback                     0x08001521   Thumb Code     2  stm32f4xx_hal_sd.o(i.HAL_SD_ErrorCallback)
    HAL_SD_GetCardCSD                        0x08001525   Thumb Code   402  stm32f4xx_hal_sd.o(i.HAL_SD_GetCardCSD)
    HAL_SD_GetCardInfo                       0x080016bd   Thumb Code    36  stm32f4xx_hal_sd.o(i.HAL_SD_GetCardInfo)
    HAL_SD_GetCardState                      0x080016e1   Thumb Code    44  stm32f4xx_hal_sd.o(i.HAL_SD_GetCardState)
    HAL_SD_IRQHandler                        0x0800170d   Thumb Code   512  stm32f4xx_hal_sd.o(i.HAL_SD_IRQHandler)
    HAL_SD_Init                              0x08001915   Thumb Code    54  stm32f4xx_hal_sd.o(i.HAL_SD_Init)
    HAL_SD_InitCard                          0x0800194d   Thumb Code   108  stm32f4xx_hal_sd.o(i.HAL_SD_InitCard)
    HAL_SD_MspInit                           0x080019c1   Thumb Code   332  sdio.o(i.HAL_SD_MspInit)
    HAL_SD_ReadBlocks                        0x08001b25   Thumb Code   468  stm32f4xx_hal_sd.o(i.HAL_SD_ReadBlocks)
    HAL_SD_RxCpltCallback                    0x08001cfd   Thumb Code     8  bsp_driver_sd.o(i.HAL_SD_RxCpltCallback)
    HAL_SD_TxCpltCallback                    0x08001d05   Thumb Code     8  bsp_driver_sd.o(i.HAL_SD_TxCpltCallback)
    HAL_SD_WriteBlocks                       0x08001d0d   Thumb Code   422  stm32f4xx_hal_sd.o(i.HAL_SD_WriteBlocks)
    HAL_SYSTICK_Config                       0x08001eb9   Thumb Code    40  stm32f4xx_hal_cortex.o(i.HAL_SYSTICK_Config)
    HAL_TIMEx_BreakCallback                  0x08001ee1   Thumb Code     2  stm32f4xx_hal_tim_ex.o(i.HAL_TIMEx_BreakCallback)
    HAL_TIMEx_CommutCallback                 0x08001ee3   Thumb Code     2  stm32f4xx_hal_tim_ex.o(i.HAL_TIMEx_CommutCallback)
    HAL_TIMEx_MasterConfigSynchronization    0x08001ee5   Thumb Code   116  stm32f4xx_hal_tim_ex.o(i.HAL_TIMEx_MasterConfigSynchronization)
    HAL_TIM_Base_Init                        0x08001f75   Thumb Code    90  stm32f4xx_hal_tim.o(i.HAL_TIM_Base_Init)
    HAL_TIM_Base_MspInit                     0x08001fd1   Thumb Code    50  tim.o(i.HAL_TIM_Base_MspInit)
    HAL_TIM_Base_Start_IT                    0x08002009   Thumb Code   100  stm32f4xx_hal_tim.o(i.HAL_TIM_Base_Start_IT)
    HAL_TIM_ConfigClockSource                0x08002089   Thumb Code   220  stm32f4xx_hal_tim.o(i.HAL_TIM_ConfigClockSource)
    HAL_TIM_IC_CaptureCallback               0x08002165   Thumb Code     2  stm32f4xx_hal_tim.o(i.HAL_TIM_IC_CaptureCallback)
    HAL_TIM_IRQHandler                       0x08002167   Thumb Code   358  stm32f4xx_hal_tim.o(i.HAL_TIM_IRQHandler)
    HAL_TIM_OC_DelayElapsedCallback          0x080022cd   Thumb Code     2  stm32f4xx_hal_tim.o(i.HAL_TIM_OC_DelayElapsedCallback)
    HAL_TIM_PWM_PulseFinishedCallback        0x080022cf   Thumb Code     2  stm32f4xx_hal_tim.o(i.HAL_TIM_PWM_PulseFinishedCallback)
    HAL_TIM_PeriodElapsedCallback            0x080022d1   Thumb Code    78  main.o(i.HAL_TIM_PeriodElapsedCallback)
    HAL_TIM_TriggerCallback                  0x08002339   Thumb Code     2  stm32f4xx_hal_tim.o(i.HAL_TIM_TriggerCallback)
    HardFault_Handler                        0x0800233b   Thumb Code     2  stm32f4xx_it.o(i.HardFault_Handler)
    MX_DMA_Init                              0x0800233d   Thumb Code    56  dma.o(i.MX_DMA_Init)
    MX_FATFS_Init                            0x08002379   Thumb Code    18  fatfs.o(i.MX_FATFS_Init)
    MX_GPIO_Init                             0x08002395   Thumb Code   116  gpio.o(i.MX_GPIO_Init)
    MX_SDIO_SD_Init                          0x08002411   Thumb Code    22  sdio.o(i.MX_SDIO_SD_Init)
    MX_TIM2_Init                             0x08002431   Thumb Code   100  tim.o(i.MX_TIM2_Init)
    MemManage_Handler                        0x08002499   Thumb Code     2  stm32f4xx_it.o(i.MemManage_Handler)
    NMI_Handler                              0x0800249b   Thumb Code     2  stm32f4xx_it.o(i.NMI_Handler)
    PendSV_Handler                           0x0800249d   Thumb Code     2  stm32f4xx_it.o(i.PendSV_Handler)
    SDIO_ConfigData                          0x0800249f   Thumb Code    36  stm32f4xx_ll_sdmmc.o(i.SDIO_ConfigData)
    SDIO_GetPowerState                       0x080024c3   Thumb Code     8  stm32f4xx_ll_sdmmc.o(i.SDIO_GetPowerState)
    SDIO_GetResponse                         0x080024cb   Thumb Code     6  stm32f4xx_ll_sdmmc.o(i.SDIO_GetResponse)
    SDIO_IRQHandler                          0x080024d1   Thumb Code     6  stm32f4xx_it.o(i.SDIO_IRQHandler)
    SDIO_Init                                0x080024dd   Thumb Code    36  stm32f4xx_ll_sdmmc.o(i.SDIO_Init)
    SDIO_PowerState_ON                       0x08002501   Thumb Code    16  stm32f4xx_ll_sdmmc.o(i.SDIO_PowerState_ON)
    SDIO_ReadFIFO                            0x08002511   Thumb Code     6  stm32f4xx_ll_sdmmc.o(i.SDIO_ReadFIFO)
    SDIO_SendCommand                         0x08002517   Thumb Code    32  stm32f4xx_ll_sdmmc.o(i.SDIO_SendCommand)
    SDIO_WriteFIFO                           0x08002537   Thumb Code    10  stm32f4xx_ll_sdmmc.o(i.SDIO_WriteFIFO)
    SDMMC_CmdAppCommand                      0x08002541   Thumb Code    50  stm32f4xx_ll_sdmmc.o(i.SDMMC_CmdAppCommand)
    SDMMC_CmdAppOperCommand                  0x08002575   Thumb Code    48  stm32f4xx_ll_sdmmc.o(i.SDMMC_CmdAppOperCommand)
    SDMMC_CmdBlockLength                     0x080025a9   Thumb Code    50  stm32f4xx_ll_sdmmc.o(i.SDMMC_CmdBlockLength)
    SDMMC_CmdBusWidth                        0x080025db   Thumb Code    50  stm32f4xx_ll_sdmmc.o(i.SDMMC_CmdBusWidth)
    SDMMC_CmdGoIdleState                     0x0800260d   Thumb Code    74  stm32f4xx_ll_sdmmc.o(i.SDMMC_CmdGoIdleState)
    SDMMC_CmdOperCond                        0x0800265d   Thumb Code   112  stm32f4xx_ll_sdmmc.o(i.SDMMC_CmdOperCond)
    SDMMC_CmdReadMultiBlock                  0x080026d1   Thumb Code    50  stm32f4xx_ll_sdmmc.o(i.SDMMC_CmdReadMultiBlock)
    SDMMC_CmdReadSingleBlock                 0x08002703   Thumb Code    50  stm32f4xx_ll_sdmmc.o(i.SDMMC_CmdReadSingleBlock)
    SDMMC_CmdSelDesel                        0x08002735   Thumb Code    50  stm32f4xx_ll_sdmmc.o(i.SDMMC_CmdSelDesel)
    SDMMC_CmdSendCID                         0x08002767   Thumb Code    44  stm32f4xx_ll_sdmmc.o(i.SDMMC_CmdSendCID)
    SDMMC_CmdSendCSD                         0x08002793   Thumb Code    44  stm32f4xx_ll_sdmmc.o(i.SDMMC_CmdSendCSD)
    SDMMC_CmdSendSCR                         0x080027bf   Thumb Code    48  stm32f4xx_ll_sdmmc.o(i.SDMMC_CmdSendSCR)
    SDMMC_CmdSendStatus                      0x080027ef   Thumb Code    50  stm32f4xx_ll_sdmmc.o(i.SDMMC_CmdSendStatus)
    SDMMC_CmdSetRelAdd                       0x08002821   Thumb Code    48  stm32f4xx_ll_sdmmc.o(i.SDMMC_CmdSetRelAdd)
    SDMMC_CmdStopTransfer                    0x08002851   Thumb Code    46  stm32f4xx_ll_sdmmc.o(i.SDMMC_CmdStopTransfer)
    SDMMC_CmdWriteMultiBlock                 0x08002885   Thumb Code    50  stm32f4xx_ll_sdmmc.o(i.SDMMC_CmdWriteMultiBlock)
    SDMMC_CmdWriteSingleBlock                0x080028b7   Thumb Code    50  stm32f4xx_ll_sdmmc.o(i.SDMMC_CmdWriteSingleBlock)
    SD_initialize                            0x08002e49   Thumb Code    28  sd_diskio.o(i.SD_initialize)
    SD_ioctl                                 0x08002e69   Thumb Code    76  sd_diskio.o(i.SD_ioctl)
    SD_read                                  0x08002eb9   Thumb Code    38  sd_diskio.o(i.SD_read)
    SD_status                                0x08002edf   Thumb Code     4  sd_diskio.o(i.SD_status)
    SD_write                                 0x08002ee5   Thumb Code    38  sd_diskio.o(i.SD_write)
    SVC_Handler                              0x08002f0b   Thumb Code     2  stm32f4xx_it.o(i.SVC_Handler)
    SysTick_Handler                          0x08002f0d   Thumb Code     4  stm32f4xx_it.o(i.SysTick_Handler)
    SystemClock_Config                       0x08002f11   Thumb Code   140  main.o(i.SystemClock_Config)
    SystemInit                               0x08002fa5   Thumb Code    22  system_stm32f4xx.o(i.SystemInit)
    TIM2_IRQHandler                          0x08002fc1   Thumb Code     6  stm32f4xx_it.o(i.TIM2_IRQHandler)
    TIM_Base_SetConfig                       0x08002fcd   Thumb Code   156  stm32f4xx_hal_tim.o(i.TIM_Base_SetConfig)
    TIM_ETR_SetConfig                        0x08003095   Thumb Code    20  stm32f4xx_hal_tim.o(i.TIM_ETR_SetConfig)
    UsageFault_Handler                       0x080030ff   Thumb Code     2  stm32f4xx_it.o(i.UsageFault_Handler)
    _is_digit                                0x08003121   Thumb Code    14  __printf_wp.o(i._is_digit)
    disk_initialize                          0x0800364d   Thumb Code    36  diskio.o(i.disk_initialize)
    disk_ioctl                               0x08003675   Thumb Code    24  diskio.o(i.disk_ioctl)
    disk_read                                0x08003691   Thumb Code    24  diskio.o(i.disk_read)
    disk_status                              0x080036ad   Thumb Code    18  diskio.o(i.disk_status)
    disk_write                               0x080036c5   Thumb Code    24  diskio.o(i.disk_write)
    f_close                                  0x080036e1   Thumb Code    40  ff.o(i.f_close)
    f_mount                                  0x08003709   Thumb Code    84  ff.o(i.f_mount)
    f_open                                   0x08003761   Thumb Code   534  ff.o(i.f_open)
    f_sync                                   0x0800397d   Thumb Code   142  ff.o(i.f_sync)
    f_write                                  0x08003a0b   Thumb Code   434  ff.o(i.f_write)
    get_fattime                              0x08003fa7   Thumb Code     4  fatfs.o(i.get_fattime)
    main                                     0x080040b1   Thumb Code   138  main.o(i.main)
    _fp_init                                 0x0800448f   Thumb Code    10  fpinit.o(x$fpl$fpinit)
    __fplib_config_fpu_vfp                   0x08004497   Thumb Code     0  fpinit.o(x$fpl$fpinit)
    __fplib_config_pureend_doubles           0x08004497   Thumb Code     0  fpinit.o(x$fpl$fpinit)
    SD_Driver                                0x08004498   Data          20  sd_diskio.o(.constdata)
    AHBPrescTable                            0x080044b4   Data          16  system_stm32f4xx.o(.constdata)
    Region$$Table$$Base                      0x08004574   Number         0  anon$$obj.o(Region$$Table)
    Region$$Table$$Limit                     0x08004594   Number         0  anon$$obj.o(Region$$Table)
    test                                     0x20000000   Data           1  main.o(.data)
    res                                      0x20000001   Data           1  main.o(.data)
    written                                  0x20000004   Data           4  main.o(.data)
    time1                                    0x20000008   Data           5  main.o(.data)
    Rx_data                                  0x2000000d   Data           6  main.o(.data)
    file_name                                0x20000013   Data          12  main.o(.data)
    retSD                                    0x20000020   Data           1  fatfs.o(.data)
    SDPath                                   0x20000021   Data           4  fatfs.o(.data)
    uwTickFreq                               0x20000028   Data           1  stm32f4xx_hal.o(.data)
    uwTickPrio                               0x2000002c   Data           4  stm32f4xx_hal.o(.data)
    uwTick                                   0x20000030   Data           4  stm32f4xx_hal.o(.data)
    SystemCoreClock                          0x20000034   Data           4  system_stm32f4xx.o(.data)
    hsd                                      0x20000040   Data         132  sdio.o(.bss)
    hdma_sdio_rx                             0x200000c4   Data          96  sdio.o(.bss)
    hdma_sdio_tx                             0x20000124   Data          96  sdio.o(.bss)
    htim2                                    0x20000184   Data          72  tim.o(.bss)
    SDFatFS                                  0x200001cc   Data        4148  fatfs.o(.bss)
    SDFile                                   0x20001200   Data        4144  fatfs.o(.bss)
    disk                                     0x20002250   Data          12  ff_gen_drv.o(.bss)
    __libspace_start                         0x2000225c   Data          96  libspace.o(.bss)
    __temporary_stack_top$libspace           0x200022bc   Data           0  libspace.o(.bss)



==============================================================================

Memory Map of the image

  Image Entry point : 0x08000189

  Load Region LR_IROM1 (Base: 0x08000000, Size: 0x000045d4, Max: 0x00100000, ABSOLUTE)

    Execution Region ER_IROM1 (Exec base: 0x08000000, Load base: 0x08000000, Size: 0x00004594, Max: 0x00100000, ABSOLUTE)

    Exec Addr    Load Addr    Size         Type   Attr      Idx    E Section Name        Object

    0x08000000   0x08000000   0x00000188   Data   RO            3    RESET               startup_stm32f407xx.o
    0x08000188   0x08000188   0x00000008   Code   RO         3831  * !!!main             c_w.l(__main.o)
    0x08000190   0x08000190   0x00000034   Code   RO         4009    !!!scatter          c_w.l(__scatter.o)
    0x080001c4   0x080001c4   0x0000001a   Code   RO         4011    !!handler_copy      c_w.l(__scatter_copy.o)
    0x080001de   0x080001de   0x00000002   PAD
    0x080001e0   0x080001e0   0x0000001c   Code   RO         4013    !!handler_zi        c_w.l(__scatter_zi.o)
    0x080001fc   0x080001fc   0x00000000   Code   RO         3824    .ARM.Collect$$_printf_percent$$00000000  c_w.l(_printf_percent.o)
    0x080001fc   0x080001fc   0x00000006   Code   RO         3823    .ARM.Collect$$_printf_percent$$00000009  c_w.l(_printf_d.o)
    0x08000202   0x08000202   0x00000004   Code   RO         3844    .ARM.Collect$$_printf_percent$$00000017  c_w.l(_printf_percent_end.o)
    0x08000206   0x08000206   0x00000002   Code   RO         3877    .ARM.Collect$$libinit$$00000000  c_w.l(libinit.o)
    0x08000208   0x08000208   0x00000004   Code   RO         3889    .ARM.Collect$$libinit$$00000001  c_w.l(libinit2.o)
    0x0800020c   0x0800020c   0x00000000   Code   RO         3892    .ARM.Collect$$libinit$$00000004  c_w.l(libinit2.o)
    0x0800020c   0x0800020c   0x00000000   Code   RO         3895    .ARM.Collect$$libinit$$0000000A  c_w.l(libinit2.o)
    0x0800020c   0x0800020c   0x00000000   Code   RO         3897    .ARM.Collect$$libinit$$0000000C  c_w.l(libinit2.o)
    0x0800020c   0x0800020c   0x00000000   Code   RO         3899    .ARM.Collect$$libinit$$0000000E  c_w.l(libinit2.o)
    0x0800020c   0x0800020c   0x00000000   Code   RO         3902    .ARM.Collect$$libinit$$00000011  c_w.l(libinit2.o)
    0x0800020c   0x0800020c   0x00000000   Code   RO         3904    .ARM.Collect$$libinit$$00000013  c_w.l(libinit2.o)
    0x0800020c   0x0800020c   0x00000000   Code   RO         3906    .ARM.Collect$$libinit$$00000015  c_w.l(libinit2.o)
    0x0800020c   0x0800020c   0x00000000   Code   RO         3908    .ARM.Collect$$libinit$$00000017  c_w.l(libinit2.o)
    0x0800020c   0x0800020c   0x00000000   Code   RO         3910    .ARM.Collect$$libinit$$00000019  c_w.l(libinit2.o)
    0x0800020c   0x0800020c   0x00000000   Code   RO         3912    .ARM.Collect$$libinit$$0000001B  c_w.l(libinit2.o)
    0x0800020c   0x0800020c   0x00000000   Code   RO         3914    .ARM.Collect$$libinit$$0000001D  c_w.l(libinit2.o)
    0x0800020c   0x0800020c   0x00000000   Code   RO         3916    .ARM.Collect$$libinit$$0000001F  c_w.l(libinit2.o)
    0x0800020c   0x0800020c   0x00000000   Code   RO         3918    .ARM.Collect$$libinit$$00000021  c_w.l(libinit2.o)
    0x0800020c   0x0800020c   0x00000000   Code   RO         3920    .ARM.Collect$$libinit$$00000023  c_w.l(libinit2.o)
    0x0800020c   0x0800020c   0x00000000   Code   RO         3922    .ARM.Collect$$libinit$$00000025  c_w.l(libinit2.o)
    0x0800020c   0x0800020c   0x00000000   Code   RO         3926    .ARM.Collect$$libinit$$0000002C  c_w.l(libinit2.o)
    0x0800020c   0x0800020c   0x00000000   Code   RO         3928    .ARM.Collect$$libinit$$0000002E  c_w.l(libinit2.o)
    0x0800020c   0x0800020c   0x00000000   Code   RO         3930    .ARM.Collect$$libinit$$00000030  c_w.l(libinit2.o)
    0x0800020c   0x0800020c   0x00000000   Code   RO         3932    .ARM.Collect$$libinit$$00000032  c_w.l(libinit2.o)
    0x0800020c   0x0800020c   0x00000002   Code   RO         3933    .ARM.Collect$$libinit$$00000033  c_w.l(libinit2.o)
    0x0800020e   0x0800020e   0x00000002   Code   RO         3964    .ARM.Collect$$libshutdown$$00000000  c_w.l(libshutdown.o)
    0x08000210   0x08000210   0x00000000   Code   RO         3990    .ARM.Collect$$libshutdown$$00000002  c_w.l(libshutdown2.o)
    0x08000210   0x08000210   0x00000000   Code   RO         3992    .ARM.Collect$$libshutdown$$00000004  c_w.l(libshutdown2.o)
    0x08000210   0x08000210   0x00000000   Code   RO         3994    .ARM.Collect$$libshutdown$$00000006  c_w.l(libshutdown2.o)
    0x08000210   0x08000210   0x00000000   Code   RO         3997    .ARM.Collect$$libshutdown$$00000009  c_w.l(libshutdown2.o)
    0x08000210   0x08000210   0x00000000   Code   RO         4000    .ARM.Collect$$libshutdown$$0000000C  c_w.l(libshutdown2.o)
    0x08000210   0x08000210   0x00000000   Code   RO         4002    .ARM.Collect$$libshutdown$$0000000E  c_w.l(libshutdown2.o)
    0x08000210   0x08000210   0x00000000   Code   RO         4005    .ARM.Collect$$libshutdown$$00000011  c_w.l(libshutdown2.o)
    0x08000210   0x08000210   0x00000002   Code   RO         4006    .ARM.Collect$$libshutdown$$00000012  c_w.l(libshutdown2.o)
    0x08000212   0x08000212   0x00000000   Code   RO         3833    .ARM.Collect$$rtentry$$00000000  c_w.l(__rtentry.o)
    0x08000212   0x08000212   0x00000000   Code   RO         3846    .ARM.Collect$$rtentry$$00000002  c_w.l(__rtentry2.o)
    0x08000212   0x08000212   0x00000006   Code   RO         3858    .ARM.Collect$$rtentry$$00000004  c_w.l(__rtentry4.o)
    0x08000218   0x08000218   0x00000000   Code   RO         3848    .ARM.Collect$$rtentry$$00000009  c_w.l(__rtentry2.o)
    0x08000218   0x08000218   0x00000004   Code   RO         3849    .ARM.Collect$$rtentry$$0000000A  c_w.l(__rtentry2.o)
    0x0800021c   0x0800021c   0x00000000   Code   RO         3851    .ARM.Collect$$rtentry$$0000000C  c_w.l(__rtentry2.o)
    0x0800021c   0x0800021c   0x00000008   Code   RO         3852    .ARM.Collect$$rtentry$$0000000D  c_w.l(__rtentry2.o)
    0x08000224   0x08000224   0x00000002   Code   RO         3881    .ARM.Collect$$rtexit$$00000000  c_w.l(rtexit.o)
    0x08000226   0x08000226   0x00000000   Code   RO         3937    .ARM.Collect$$rtexit$$00000002  c_w.l(rtexit2.o)
    0x08000226   0x08000226   0x00000004   Code   RO         3938    .ARM.Collect$$rtexit$$00000003  c_w.l(rtexit2.o)
    0x0800022a   0x0800022a   0x00000006   Code   RO         3939    .ARM.Collect$$rtexit$$00000004  c_w.l(rtexit2.o)
    0x08000230   0x08000230   0x00000040   Code   RO            4    .text               startup_stm32f407xx.o
    0x08000270   0x08000270   0x000000ee   Code   RO         3791    .text               c_w.l(lludivv7m.o)
    0x0800035e   0x0800035e   0x00000002   PAD
    0x08000360   0x08000360   0x00000028   Code   RO         3795    .text               c_w.l(noretval__2sprintf.o)
    0x08000388   0x08000388   0x0000004e   Code   RO         3799    .text               c_w.l(_printf_pad.o)
    0x080003d6   0x080003d6   0x00000002   PAD
    0x080003d8   0x080003d8   0x00000078   Code   RO         3801    .text               c_w.l(_printf_dec.o)
    0x08000450   0x08000450   0x00000138   Code   RO         3815    .text               c_w.l(__printf_flags_wp.o)
    0x08000588   0x08000588   0x0000003e   Code   RO         3825    .text               c_w.l(strlen.o)
    0x080005c6   0x080005c6   0x0000004e   Code   RO         3827    .text               c_w.l(rt_memclr_w.o)
    0x08000614   0x08000614   0x00000006   Code   RO         3829    .text               c_w.l(heapauxi.o)
    0x0800061a   0x0800061a   0x000000b2   Code   RO         3838    .text               c_w.l(_printf_intcommon.o)
    0x080006cc   0x080006cc   0x00000030   Code   RO         3840    .text               c_w.l(_printf_char_common.o)
    0x080006fc   0x080006fc   0x0000000a   Code   RO         3842    .text               c_w.l(_sputc.o)
    0x08000706   0x08000706   0x0000004a   Code   RO         3864    .text               c_w.l(sys_stackheap_outer.o)
    0x08000750   0x08000750   0x00000012   Code   RO         3866    .text               c_w.l(exit.o)
    0x08000762   0x08000762   0x00000002   PAD
    0x08000764   0x08000764   0x00000008   Code   RO         3878    .text               c_w.l(libspace.o)
    0x0800076c   0x0800076c   0x0000000c   Code   RO         3934    .text               c_w.l(sys_exit.o)
    0x08000778   0x08000778   0x00000002   Code   RO         3953    .text               c_w.l(use_no_semi.o)
    0x0800077a   0x0800077a   0x00000000   Code   RO         3955    .text               c_w.l(indicate_semi.o)
    0x0800077a   0x0800077a   0x00000002   Code   RO          474    i.BSP_SD_AbortCallback  bsp_driver_sd.o
    0x0800077c   0x0800077c   0x0000000c   Code   RO          477    i.BSP_SD_GetCardInfo  bsp_driver_sd.o
    0x08000788   0x08000788   0x00000018   Code   RO          478    i.BSP_SD_GetCardState  bsp_driver_sd.o
    0x080007a0   0x080007a0   0x00000030   Code   RO          480    i.BSP_SD_Init       bsp_driver_sd.o
    0x080007d0   0x080007d0   0x0000000e   Code   RO          481    i.BSP_SD_IsDetected  bsp_driver_sd.o
    0x080007de   0x080007de   0x00000002   PAD
    0x080007e0   0x080007e0   0x00000020   Code   RO          482    i.BSP_SD_ReadBlocks  bsp_driver_sd.o
    0x08000800   0x08000800   0x00000002   Code   RO          484    i.BSP_SD_ReadCpltCallback  bsp_driver_sd.o
    0x08000802   0x08000802   0x00000002   PAD
    0x08000804   0x08000804   0x00000020   Code   RO          485    i.BSP_SD_WriteBlocks  bsp_driver_sd.o
    0x08000824   0x08000824   0x00000002   Code   RO          487    i.BSP_SD_WriteCpltCallback  bsp_driver_sd.o
    0x08000826   0x08000826   0x00000002   Code   RO          350    i.BusFault_Handler  stm32f4xx_it.o
    0x08000828   0x08000828   0x0000000c   Code   RO          351    i.DMA2_Stream3_IRQHandler  stm32f4xx_it.o
    0x08000834   0x08000834   0x0000000c   Code   RO          352    i.DMA2_Stream6_IRQHandler  stm32f4xx_it.o
    0x08000840   0x08000840   0x00000028   Code   RO         1152    i.DMA_CalcBaseAndBitshift  stm32f4xx_hal_dma.o
    0x08000868   0x08000868   0x00000054   Code   RO         1153    i.DMA_CheckFifoParam  stm32f4xx_hal_dma.o
    0x080008bc   0x080008bc   0x00000002   Code   RO          353    i.DebugMon_Handler  stm32f4xx_it.o
    0x080008be   0x080008be   0x00000004   Code   RO           13    i.Error_Handler     main.o
    0x080008c2   0x080008c2   0x00000006   Code   RO         3718    i.FATFS_LinkDriver  ff_gen_drv.o
    0x080008c8   0x080008c8   0x00000040   Code   RO         3719    i.FATFS_LinkDriverEx  ff_gen_drv.o
    0x08000908   0x08000908   0x00000024   Code   RO         1156    i.HAL_DMA_Abort_IT  stm32f4xx_hal_dma.o
    0x0800092c   0x0800092c   0x000001a0   Code   RO         1160    i.HAL_DMA_IRQHandler  stm32f4xx_hal_dma.o
    0x08000acc   0x08000acc   0x000000d4   Code   RO         1161    i.HAL_DMA_Init      stm32f4xx_hal_dma.o
    0x08000ba0   0x08000ba0   0x00000024   Code   RO         1574    i.HAL_Delay         stm32f4xx_hal.o
    0x08000bc4   0x08000bc4   0x000001f0   Code   RO         1048    i.HAL_GPIO_Init     stm32f4xx_hal_gpio.o
    0x08000db4   0x08000db4   0x0000000a   Code   RO         1052    i.HAL_GPIO_WritePin  stm32f4xx_hal_gpio.o
    0x08000dbe   0x08000dbe   0x00000002   PAD
    0x08000dc0   0x08000dc0   0x0000000c   Code   RO         1580    i.HAL_GetTick       stm32f4xx_hal.o
    0x08000dcc   0x08000dcc   0x00000010   Code   RO         1586    i.HAL_IncTick       stm32f4xx_hal.o
    0x08000ddc   0x08000ddc   0x00000034   Code   RO         1587    i.HAL_Init          stm32f4xx_hal.o
    0x08000e10   0x08000e10   0x00000040   Code   RO         1588    i.HAL_InitTick      stm32f4xx_hal.o
    0x08000e50   0x08000e50   0x00000030   Code   RO          450    i.HAL_MspInit       stm32f4xx_hal_msp.o
    0x08000e80   0x08000e80   0x0000001a   Code   RO         1437    i.HAL_NVIC_EnableIRQ  stm32f4xx_hal_cortex.o
    0x08000e9a   0x08000e9a   0x00000002   PAD
    0x08000e9c   0x08000e9c   0x00000040   Code   RO         1443    i.HAL_NVIC_SetPriority  stm32f4xx_hal_cortex.o
    0x08000edc   0x08000edc   0x00000024   Code   RO         1444    i.HAL_NVIC_SetPriorityGrouping  stm32f4xx_hal_cortex.o
    0x08000f00   0x08000f00   0x00000134   Code   RO          694    i.HAL_RCC_ClockConfig  stm32f4xx_hal_rcc.o
    0x08001034   0x08001034   0x00000060   Code   RO          703    i.HAL_RCC_GetSysClockFreq  stm32f4xx_hal_rcc.o
    0x08001094   0x08001094   0x0000036c   Code   RO          706    i.HAL_RCC_OscConfig  stm32f4xx_hal_rcc.o
    0x08001400   0x08001400   0x00000008   Code   RO          488    i.HAL_SD_AbortCallback  bsp_driver_sd.o
    0x08001408   0x08001408   0x00000118   Code   RO         2098    i.HAL_SD_ConfigWideBusOperation  stm32f4xx_hal_sd.o
    0x08001520   0x08001520   0x00000002   Code   RO         2101    i.HAL_SD_ErrorCallback  stm32f4xx_hal_sd.o
    0x08001522   0x08001522   0x00000002   PAD
    0x08001524   0x08001524   0x00000198   Code   RO         2103    i.HAL_SD_GetCardCSD  stm32f4xx_hal_sd.o
    0x080016bc   0x080016bc   0x00000024   Code   RO         2104    i.HAL_SD_GetCardInfo  stm32f4xx_hal_sd.o
    0x080016e0   0x080016e0   0x0000002c   Code   RO         2105    i.HAL_SD_GetCardState  stm32f4xx_hal_sd.o
    0x0800170c   0x0800170c   0x00000208   Code   RO         2109    i.HAL_SD_IRQHandler  stm32f4xx_hal_sd.o
    0x08001914   0x08001914   0x00000036   Code   RO         2110    i.HAL_SD_Init       stm32f4xx_hal_sd.o
    0x0800194a   0x0800194a   0x00000002   PAD
    0x0800194c   0x0800194c   0x00000074   Code   RO         2111    i.HAL_SD_InitCard   stm32f4xx_hal_sd.o
    0x080019c0   0x080019c0   0x00000164   Code   RO          267    i.HAL_SD_MspInit    sdio.o
    0x08001b24   0x08001b24   0x000001d8   Code   RO         2114    i.HAL_SD_ReadBlocks  stm32f4xx_hal_sd.o
    0x08001cfc   0x08001cfc   0x00000008   Code   RO          489    i.HAL_SD_RxCpltCallback  bsp_driver_sd.o
    0x08001d04   0x08001d04   0x00000008   Code   RO          490    i.HAL_SD_TxCpltCallback  bsp_driver_sd.o
    0x08001d0c   0x08001d0c   0x000001ac   Code   RO         2119    i.HAL_SD_WriteBlocks  stm32f4xx_hal_sd.o
    0x08001eb8   0x08001eb8   0x00000028   Code   RO         1448    i.HAL_SYSTICK_Config  stm32f4xx_hal_cortex.o
    0x08001ee0   0x08001ee0   0x00000002   Code   RO         3026    i.HAL_TIMEx_BreakCallback  stm32f4xx_hal_tim_ex.o
    0x08001ee2   0x08001ee2   0x00000002   Code   RO         3027    i.HAL_TIMEx_CommutCallback  stm32f4xx_hal_tim_ex.o
    0x08001ee4   0x08001ee4   0x00000090   Code   RO         3045    i.HAL_TIMEx_MasterConfigSynchronization  stm32f4xx_hal_tim_ex.o
    0x08001f74   0x08001f74   0x0000005a   Code   RO         2322    i.HAL_TIM_Base_Init  stm32f4xx_hal_tim.o
    0x08001fce   0x08001fce   0x00000002   PAD
    0x08001fd0   0x08001fd0   0x00000038   Code   RO          309    i.HAL_TIM_Base_MspInit  tim.o
    0x08002008   0x08002008   0x00000080   Code   RO         2327    i.HAL_TIM_Base_Start_IT  stm32f4xx_hal_tim.o
    0x08002088   0x08002088   0x000000dc   Code   RO         2331    i.HAL_TIM_ConfigClockSource  stm32f4xx_hal_tim.o
    0x08002164   0x08002164   0x00000002   Code   RO         2356    i.HAL_TIM_IC_CaptureCallback  stm32f4xx_hal_tim.o
    0x08002166   0x08002166   0x00000166   Code   RO         2370    i.HAL_TIM_IRQHandler  stm32f4xx_hal_tim.o
    0x080022cc   0x080022cc   0x00000002   Code   RO         2373    i.HAL_TIM_OC_DelayElapsedCallback  stm32f4xx_hal_tim.o
    0x080022ce   0x080022ce   0x00000002   Code   RO         2400    i.HAL_TIM_PWM_PulseFinishedCallback  stm32f4xx_hal_tim.o
    0x080022d0   0x080022d0   0x00000068   Code   RO           14    i.HAL_TIM_PeriodElapsedCallback  main.o
    0x08002338   0x08002338   0x00000002   Code   RO         2413    i.HAL_TIM_TriggerCallback  stm32f4xx_hal_tim.o
    0x0800233a   0x0800233a   0x00000002   Code   RO          354    i.HardFault_Handler  stm32f4xx_it.o
    0x0800233c   0x0800233c   0x0000003c   Code   RO          242    i.MX_DMA_Init       dma.o
    0x08002378   0x08002378   0x0000001c   Code   RO          655    i.MX_FATFS_Init     fatfs.o
    0x08002394   0x08002394   0x0000007c   Code   RO          218    i.MX_GPIO_Init      gpio.o
    0x08002410   0x08002410   0x00000020   Code   RO          268    i.MX_SDIO_SD_Init   sdio.o
    0x08002430   0x08002430   0x00000068   Code   RO          310    i.MX_TIM2_Init      tim.o
    0x08002498   0x08002498   0x00000002   Code   RO          355    i.MemManage_Handler  stm32f4xx_it.o
    0x0800249a   0x0800249a   0x00000002   Code   RO          356    i.NMI_Handler       stm32f4xx_it.o
    0x0800249c   0x0800249c   0x00000002   Code   RO          357    i.PendSV_Handler    stm32f4xx_it.o
    0x0800249e   0x0800249e   0x00000024   Code   RO         1825    i.SDIO_ConfigData   stm32f4xx_ll_sdmmc.o
    0x080024c2   0x080024c2   0x00000008   Code   RO         1829    i.SDIO_GetPowerState  stm32f4xx_ll_sdmmc.o
    0x080024ca   0x080024ca   0x00000006   Code   RO         1830    i.SDIO_GetResponse  stm32f4xx_ll_sdmmc.o
    0x080024d0   0x080024d0   0x0000000c   Code   RO          358    i.SDIO_IRQHandler   stm32f4xx_it.o
    0x080024dc   0x080024dc   0x00000024   Code   RO         1831    i.SDIO_Init         stm32f4xx_ll_sdmmc.o
    0x08002500   0x08002500   0x00000010   Code   RO         1833    i.SDIO_PowerState_ON  stm32f4xx_ll_sdmmc.o
    0x08002510   0x08002510   0x00000006   Code   RO         1834    i.SDIO_ReadFIFO     stm32f4xx_ll_sdmmc.o
    0x08002516   0x08002516   0x00000020   Code   RO         1835    i.SDIO_SendCommand  stm32f4xx_ll_sdmmc.o
    0x08002536   0x08002536   0x0000000a   Code   RO         1837    i.SDIO_WriteFIFO    stm32f4xx_ll_sdmmc.o
    0x08002540   0x08002540   0x00000032   Code   RO         1838    i.SDMMC_CmdAppCommand  stm32f4xx_ll_sdmmc.o
    0x08002572   0x08002572   0x00000002   PAD
    0x08002574   0x08002574   0x00000034   Code   RO         1839    i.SDMMC_CmdAppOperCommand  stm32f4xx_ll_sdmmc.o
    0x080025a8   0x080025a8   0x00000032   Code   RO         1840    i.SDMMC_CmdBlockLength  stm32f4xx_ll_sdmmc.o
    0x080025da   0x080025da   0x00000032   Code   RO         1841    i.SDMMC_CmdBusWidth  stm32f4xx_ll_sdmmc.o
    0x0800260c   0x0800260c   0x00000050   Code   RO         1845    i.SDMMC_CmdGoIdleState  stm32f4xx_ll_sdmmc.o
    0x0800265c   0x0800265c   0x00000074   Code   RO         1847    i.SDMMC_CmdOperCond  stm32f4xx_ll_sdmmc.o
    0x080026d0   0x080026d0   0x00000032   Code   RO         1848    i.SDMMC_CmdReadMultiBlock  stm32f4xx_ll_sdmmc.o
    0x08002702   0x08002702   0x00000032   Code   RO         1849    i.SDMMC_CmdReadSingleBlock  stm32f4xx_ll_sdmmc.o
    0x08002734   0x08002734   0x00000032   Code   RO         1852    i.SDMMC_CmdSelDesel  stm32f4xx_ll_sdmmc.o
    0x08002766   0x08002766   0x0000002c   Code   RO         1853    i.SDMMC_CmdSendCID  stm32f4xx_ll_sdmmc.o
    0x08002792   0x08002792   0x0000002c   Code   RO         1854    i.SDMMC_CmdSendCSD  stm32f4xx_ll_sdmmc.o
    0x080027be   0x080027be   0x00000030   Code   RO         1856    i.SDMMC_CmdSendSCR  stm32f4xx_ll_sdmmc.o
    0x080027ee   0x080027ee   0x00000032   Code   RO         1857    i.SDMMC_CmdSendStatus  stm32f4xx_ll_sdmmc.o
    0x08002820   0x08002820   0x00000030   Code   RO         1858    i.SDMMC_CmdSetRelAdd  stm32f4xx_ll_sdmmc.o
    0x08002850   0x08002850   0x00000034   Code   RO         1860    i.SDMMC_CmdStopTransfer  stm32f4xx_ll_sdmmc.o
    0x08002884   0x08002884   0x00000032   Code   RO         1862    i.SDMMC_CmdWriteMultiBlock  stm32f4xx_ll_sdmmc.o
    0x080028b6   0x080028b6   0x00000032   Code   RO         1863    i.SDMMC_CmdWriteSingleBlock  stm32f4xx_ll_sdmmc.o
    0x080028e8   0x080028e8   0x00000120   Code   RO         1864    i.SDMMC_GetCmdResp1  stm32f4xx_ll_sdmmc.o
    0x08002a08   0x08002a08   0x00000050   Code   RO         1865    i.SDMMC_GetCmdResp2  stm32f4xx_ll_sdmmc.o
    0x08002a58   0x08002a58   0x00000044   Code   RO         1866    i.SDMMC_GetCmdResp3  stm32f4xx_ll_sdmmc.o
    0x08002a9c   0x08002a9c   0x00000088   Code   RO         1867    i.SDMMC_GetCmdResp6  stm32f4xx_ll_sdmmc.o
    0x08002b24   0x08002b24   0x00000020   Code   RO          595    i.SD_CheckStatus    sd_diskio.o
    0x08002b44   0x08002b44   0x00000044   Code   RO         2124    i.SD_DMARxAbort     stm32f4xx_hal_sd.o
    0x08002b88   0x08002b88   0x00000044   Code   RO         2126    i.SD_DMATxAbort     stm32f4xx_hal_sd.o
    0x08002bcc   0x08002bcc   0x000000da   Code   RO         2127    i.SD_FindSCR        stm32f4xx_hal_sd.o
    0x08002ca6   0x08002ca6   0x000000ee   Code   RO         2128    i.SD_InitCard       stm32f4xx_hal_sd.o
    0x08002d94   0x08002d94   0x000000b4   Code   RO         2129    i.SD_PowerON        stm32f4xx_hal_sd.o
    0x08002e48   0x08002e48   0x00000020   Code   RO          596    i.SD_initialize     sd_diskio.o
    0x08002e68   0x08002e68   0x00000050   Code   RO          597    i.SD_ioctl          sd_diskio.o
    0x08002eb8   0x08002eb8   0x00000026   Code   RO          598    i.SD_read           sd_diskio.o
    0x08002ede   0x08002ede   0x00000004   Code   RO          599    i.SD_status         sd_diskio.o
    0x08002ee2   0x08002ee2   0x00000002   PAD
    0x08002ee4   0x08002ee4   0x00000026   Code   RO          600    i.SD_write          sd_diskio.o
    0x08002f0a   0x08002f0a   0x00000002   Code   RO          359    i.SVC_Handler       stm32f4xx_it.o
    0x08002f0c   0x08002f0c   0x00000004   Code   RO          360    i.SysTick_Handler   stm32f4xx_it.o
    0x08002f10   0x08002f10   0x00000094   Code   RO           15    i.SystemClock_Config  main.o
    0x08002fa4   0x08002fa4   0x0000001c   Code   RO         3294    i.SystemInit        system_stm32f4xx.o
    0x08002fc0   0x08002fc0   0x0000000c   Code   RO          361    i.TIM2_IRQHandler   stm32f4xx_it.o
    0x08002fcc   0x08002fcc   0x000000c8   Code   RO         2415    i.TIM_Base_SetConfig  stm32f4xx_hal_tim.o
    0x08003094   0x08003094   0x00000014   Code   RO         2426    i.TIM_ETR_SetConfig  stm32f4xx_hal_tim.o
    0x080030a8   0x080030a8   0x00000010   Code   RO         2427    i.TIM_ITRx_SetConfig  stm32f4xx_hal_tim.o
    0x080030b8   0x080030b8   0x00000022   Code   RO         2433    i.TIM_TI1_ConfigInputStage  stm32f4xx_hal_tim.o
    0x080030da   0x080030da   0x00000024   Code   RO         2435    i.TIM_TI2_ConfigInputStage  stm32f4xx_hal_tim.o
    0x080030fe   0x080030fe   0x00000002   Code   RO          362    i.UsageFault_Handler  stm32f4xx_it.o
    0x08003100   0x08003100   0x00000020   Code   RO         1450    i.__NVIC_SetPriority  stm32f4xx_hal_cortex.o
    0x08003120   0x08003120   0x0000000e   Code   RO         3813    i._is_digit         c_w.l(__printf_wp.o)
    0x0800312e   0x0800312e   0x00000002   PAD
    0x08003130   0x08003130   0x00000070   Code   RO         3386    i.check_fs          ff.o
    0x080031a0   0x080031a0   0x0000005c   Code   RO         3387    i.chk_lock          ff.o
    0x080031fc   0x080031fc   0x00000020   Code   RO         3388    i.clear_lock        ff.o
    0x0800321c   0x0800321c   0x00000026   Code   RO         3389    i.clmt_clust        ff.o
    0x08003242   0x08003242   0x00000018   Code   RO         3390    i.clust2sect        ff.o
    0x0800325a   0x0800325a   0x000000a4   Code   RO         3391    i.create_chain      ff.o
    0x080032fe   0x080032fe   0x00000002   PAD
    0x08003300   0x08003300   0x000000bc   Code   RO         3392    i.create_name       ff.o
    0x080033bc   0x080033bc   0x00000034   Code   RO         3393    i.dec_lock          ff.o
    0x080033f0   0x080033f0   0x00000064   Code   RO         3394    i.dir_find          ff.o
    0x08003454   0x08003454   0x00000102   Code   RO         3395    i.dir_next          ff.o
    0x08003556   0x08003556   0x00000066   Code   RO         3397    i.dir_register      ff.o
    0x080035bc   0x080035bc   0x0000008e   Code   RO         3399    i.dir_sdi           ff.o
    0x0800364a   0x0800364a   0x00000002   PAD
    0x0800364c   0x0800364c   0x00000028   Code   RO         3331    i.disk_initialize   diskio.o
    0x08003674   0x08003674   0x0000001c   Code   RO         3332    i.disk_ioctl        diskio.o
    0x08003690   0x08003690   0x0000001c   Code   RO         3333    i.disk_read         diskio.o
    0x080036ac   0x080036ac   0x00000018   Code   RO         3334    i.disk_status       diskio.o
    0x080036c4   0x080036c4   0x0000001c   Code   RO         3335    i.disk_write        diskio.o
    0x080036e0   0x080036e0   0x00000028   Code   RO         3400    i.f_close           ff.o
    0x08003708   0x08003708   0x00000058   Code   RO         3407    i.f_mount           ff.o
    0x08003760   0x08003760   0x0000021c   Code   RO         3408    i.f_open            ff.o
    0x0800397c   0x0800397c   0x0000008e   Code   RO         3417    i.f_sync            ff.o
    0x08003a0a   0x08003a0a   0x000001b2   Code   RO         3420    i.f_write           ff.o
    0x08003bbc   0x08003bbc   0x00000288   Code   RO         3421    i.find_volume       ff.o
    0x08003e44   0x08003e44   0x0000007a   Code   RO         3422    i.follow_path       ff.o
    0x08003ebe   0x08003ebe   0x000000e8   Code   RO         3423    i.get_fat           ff.o
    0x08003fa6   0x08003fa6   0x00000004   Code   RO          656    i.get_fattime       fatfs.o
    0x08003faa   0x08003faa   0x0000003c   Code   RO         3425    i.get_ldnumber      ff.o
    0x08003fe6   0x08003fe6   0x00000002   PAD
    0x08003fe8   0x08003fe8   0x00000080   Code   RO         3426    i.inc_lock          ff.o
    0x08004068   0x08004068   0x00000026   Code   RO         3427    i.ld_clust          ff.o
    0x0800408e   0x0800408e   0x00000016   Code   RO         3428    i.ld_dword          ff.o
    0x080040a4   0x080040a4   0x0000000a   Code   RO         3429    i.ld_word           ff.o
    0x080040ae   0x080040ae   0x00000002   PAD
    0x080040b0   0x080040b0   0x000000a4   Code   RO           16    i.main              main.o
    0x08004154   0x08004154   0x00000012   Code   RO         3430    i.mem_cpy           ff.o
    0x08004166   0x08004166   0x00000002   PAD
    0x08004168   0x08004168   0x0000000e   Code   RO         3431    i.mem_set           ff.o
    0x08004176   0x08004176   0x00000032   Code   RO         3432    i.move_window       ff.o
    0x080041a8   0x080041a8   0x00000124   Code   RO         3433    i.put_fat           ff.o
    0x080042cc   0x080042cc   0x00000074   Code   RO         3436    i.remove_chain      ff.o
    0x08004340   0x08004340   0x00000028   Code   RO         3437    i.st_clust          ff.o
    0x08004368   0x08004368   0x00000010   Code   RO         3438    i.st_dword          ff.o
    0x08004378   0x08004378   0x00000008   Code   RO         3439    i.st_word           ff.o
    0x08004380   0x08004380   0x00000088   Code   RO         3440    i.sync_fs           ff.o
    0x08004408   0x08004408   0x00000052   Code   RO         3441    i.sync_window       ff.o
    0x0800445a   0x0800445a   0x00000034   Code   RO         3442    i.validate          ff.o
    0x0800448e   0x0800448e   0x0000000a   Code   RO         3949    x$fpl$fpinit        fz_wm.l(fpinit.o)
    0x08004498   0x08004498   0x00000014   Data   RO          601    .constdata          sd_diskio.o
    0x080044ac   0x080044ac   0x00000008   Data   RO         1167    .constdata          stm32f4xx_hal_dma.o
    0x080044b4   0x080044b4   0x00000010   Data   RO         3295    .constdata          system_stm32f4xx.o
    0x080044c4   0x080044c4   0x0000009c   Data   RO         3444    .constdata          ff.o
    0x08004560   0x08004560   0x00000011   Data   RO         3816    .constdata          c_w.l(__printf_flags_wp.o)
    0x08004571   0x08004571   0x00000003   PAD
    0x08004574   0x08004574   0x00000020   Data   RO         4007    Region$$Table       anon$$obj.o


    Execution Region RW_IRAM2 (Exec base: 0x10000000, Load base: 0x080045d4, Size: 0x00000000, Max: 0x00010000, ABSOLUTE)

    **** No section assigned to this execution region ****


    Execution Region RW_IRAM1 (Exec base: 0x20000000, Load base: 0x08004594, Size: 0x000028c0, Max: 0x00020000, ABSOLUTE)

    Exec Addr    Load Addr    Size         Type   Attr      Idx    E Section Name        Object

    0x20000000   0x08004594   0x0000001f   Data   RW           20    .data               main.o
    0x2000001f   0x080045b3   0x00000001   Data   RW          602    .data               sd_diskio.o
    0x20000020   0x080045b4   0x00000005   Data   RW          659    .data               fatfs.o
    0x20000025   0x080045b9   0x00000003   PAD
    0x20000028   0x080045bc   0x0000000c   Data   RW         1594    .data               stm32f4xx_hal.o
    0x20000034   0x080045c8   0x00000004   Data   RW         3297    .data               system_stm32f4xx.o
    0x20000038   0x080045cc   0x00000008   Data   RW         3445    .data               ff.o
    0x20000040        -       0x00000144   Zero   RW          269    .bss                sdio.o
    0x20000184        -       0x00000048   Zero   RW          311    .bss                tim.o
    0x200001cc        -       0x00001034   Zero   RW          657    .bss                fatfs.o
    0x20001200        -       0x00001030   Zero   RW          658    .bss                fatfs.o
    0x20002230        -       0x00000020   Zero   RW         3443    .bss                ff.o
    0x20002250        -       0x0000000c   Zero   RW         3722    .bss                ff_gen_drv.o
    0x2000225c        -       0x00000060   Zero   RW         3879    .bss                c_w.l(libspace.o)
    0x200022bc   0x080045d4   0x00000004   PAD
    0x200022c0        -       0x00000200   Zero   RW            2    HEAP                startup_stm32f407xx.o
    0x200024c0        -       0x00000400   Zero   RW            1    STACK               startup_stm32f407xx.o


==============================================================================

Image component sizes


      Code (inc. data)   RO Data    RW Data    ZI Data      Debug   Object Name

       192         26          0          0          0       7159   bsp_driver_sd.o
       148         22          0          0          0       3761   diskio.o
        60          4          0          0          0        794   dma.o
        32         10          0          5       8292       1536   fatfs.o
      4632         80        156          8         32      38185   ff.o
        70          6          0          0         12       1647   ff_gen_drv.o
       124          8          0          0          0        963   gpio.o
       420         60          0         31          0     711289   main.o
       224         14         20          1          0       4568   sd_diskio.o
       388         34          0          0        324       1895   sdio.o
        64         26        392          0       1536        848   startup_stm32f407xx.o
       180         28          0         12          0       9453   stm32f4xx_hal.o
       198         14          0          0          0      33975   stm32f4xx_hal_cortex.o
       788         16          8          0          0       4759   stm32f4xx_hal_dma.o
       506         46          0          0          0       2204   stm32f4xx_hal_gpio.o
        48          6          0          0          0        866   stm32f4xx_hal_msp.o
      1280         48          0          0          0       4066   stm32f4xx_hal_rcc.o
      3132         42          0          0          0      15887   stm32f4xx_hal_sd.o
      1110         72          0          0          0      10229   stm32f4xx_hal_tim.o
       148         28          0          0          0       2473   stm32f4xx_hal_tim_ex.o
        68         24          0          0          0       6126   stm32f4xx_it.o
      1656         46          0          0          0      23167   stm32f4xx_ll_sdmmc.o
        28          6         16          4          0       1167   system_stm32f4xx.o
       160         10          0          0         72       1722   tim.o

    ----------------------------------------------------------------------
     15684        676        624         64      10268     888739   Object Totals
         0          0         32          0          0          0   (incl. Generated)
        28          0          0          3          0          0   (incl. Padding)

    ----------------------------------------------------------------------

      Code (inc. data)   RO Data    RW Data    ZI Data      Debug   Library Member Name

         8          0          0          0          0         68   __main.o
       312          4         17          0          0         92   __printf_flags_wp.o
        14          0          0          0          0         68   __printf_wp.o
         0          0          0          0          0          0   __rtentry.o
        12          0          0          0          0          0   __rtentry2.o
         6          0          0          0          0          0   __rtentry4.o
        52          8          0          0          0          0   __scatter.o
        26          0          0          0          0          0   __scatter_copy.o
        28          0          0          0          0          0   __scatter_zi.o
        48          6          0          0          0         96   _printf_char_common.o
         6          0          0          0          0          0   _printf_d.o
       120         16          0          0          0         92   _printf_dec.o
       178          0          0          0          0         88   _printf_intcommon.o
        78          0          0          0          0        108   _printf_pad.o
         0          0          0          0          0          0   _printf_percent.o
         4          0          0          0          0          0   _printf_percent_end.o
        10          0          0          0          0         68   _sputc.o
        18          0          0          0          0         80   exit.o
         6          0          0          0          0        152   heapauxi.o
         0          0          0          0          0          0   indicate_semi.o
         2          0          0          0          0          0   libinit.o
         6          0          0          0          0          0   libinit2.o
         2          0          0          0          0          0   libshutdown.o
         2          0          0          0          0          0   libshutdown2.o
         8          4          0          0         96         68   libspace.o
       238          0          0          0          0        100   lludivv7m.o
        40          6          0          0          0         84   noretval__2sprintf.o
        78          0          0          0          0         80   rt_memclr_w.o
         2          0          0          0          0          0   rtexit.o
        10          0          0          0          0          0   rtexit2.o
        62          0          0          0          0         76   strlen.o
        12          4          0          0          0         68   sys_exit.o
        74          0          0          0          0         80   sys_stackheap_outer.o
         2          0          0          0          0         68   use_no_semi.o
        10          0          0          0          0        116   fpinit.o

    ----------------------------------------------------------------------
      1484         48         20          0        100       1652   Library Totals
        10          0          3          0          4          0   (incl. Padding)

    ----------------------------------------------------------------------

      Code (inc. data)   RO Data    RW Data    ZI Data      Debug   Library Name

      1464         48         17          0         96       1536   c_w.l
        10          0          0          0          0        116   fz_wm.l

    ----------------------------------------------------------------------
      1484         48         20          0        100       1652   Library Totals

    ----------------------------------------------------------------------

==============================================================================


      Code (inc. data)   RO Data    RW Data    ZI Data      Debug   

     17168        724        644         64      10368     873663   Grand Totals
     17168        724        644         64      10368     873663   ELF Image Totals
     17168        724        644         64          0          0   ROM Totals

==============================================================================

    Total RO  Size (Code + RO Data)                17812 (  17.39kB)
    Total RW  Size (RW Data + ZI Data)             10432 (  10.19kB)
    Total ROM Size (Code + RO Data + RW Data)      17876 (  17.46kB)

==============================================================================

